anvil block 25994908
== initiate
initiate exit=0
mined withdrawalStates: 1789620430 [1.789e9] 1 14594562039048160037533 [1.459e22] 
  effective phase:     EXECUTABLE - cutover may START (>6h left)
== leg 1 broadcast
leg1 forge exit=0
patch exit=2
OWNER DOLA after leg1: 14620769498660152819444 [1.462e22]
minter principal on source: 0
== leg 2 preview
leg2 preview exit=0
== leg 2 broadcast
leg2 forge exit=0
patch exit=0
== verify
verify exit=0
  effective phase:     none pending (not initiated, or already executed)
OWNER DOLA end: 0
DONE
