No files changed, compilation skipped
Script ran successfully.

== Logs ==
  =========================================
    story 090: INITIATE DOLA strategy totalWithdrawal (clock only)
  =========================================
  strategy: 0x1760E05356Ec1FBBA159C730781dCfB9920524e2
  token:    0x865377367054516e17014CcdED1e7d814EDC9ce4
  client:   0x94855ACA13952D81507C92D3CdBb2e25D3bbE60C
  mode:     BROADCAST (Ledger)
  preflight: withdrawal status None - OK to initiate
  preflight: owner / underlying / unpaused / 6h+72h / client OK; minter principal: 14594562039048160037533
  
  READBACK OK (LOCAL-PASS ESTIMATE): status Initiated, snapshot balance == principal: 14594562039048160037533
  ESTIMATES from forge's local pass - the mined initiatedAt is LATER. For the MINED values run:
      npm run dola-ys-withdrawal:status
  initiatedAt   (est, unix): 1789620395 2026-09-17 04:46:35 UTC
  executableAt  (est, unix): 1789641995 2026-09-17 10:46:35 UTC
  start deadline(est, unix): 1789879595 2026-09-20 04:46:35 UTC
  expiresAt     (est, unix): 1789901195 2026-09-20 10:46:35 UTC
  
  >>> start the cutover between executableAt and expiresAt - 6h (WINDOW_SAFETY_MARGIN) <<<
      i.e. strictly before the start deadline; the cutover's Phase 0 refuses to start later.
      (if the start deadline passes first: wait for expiresAt, then rerun initiate-dola-ys-withdrawal:broadcast)

SKIPPING ON CHAIN SIMULATION.


==========================

ONCHAIN EXECUTION COMPLETE & SUCCESSFUL.

Transactions saved to: /home/justin/code/audits/phoenix-phase-2-staging/work/broadcast/InitiateDolaStrategyWithdrawal.s.sol/1/run-latest.json

Sensitive values saved to: /home/justin/code/audits/phoenix-phase-2-staging/work/cache/InitiateDolaStrategyWithdrawal.s.sol/1/run-latest.json

mined withdrawalStates: 1789620430 [1.789e9] 1 14594562039048160037533 [1.459e22] 
