No files changed, compilation skipped
Script ran successfully.

== Logs ==
  =================================================
    MAINNET STABLESTAKER V1 -> V2 CUTOVER (story 082)
  =================================================
  No progress file - starting fresh
  
=== Phase 0: preconditions ===
    token: 0x865377367054516e17014CcdED1e7d814EDC9ce4 DOLA
      V1 poolState / stakerCount / totalStaked: 0 9 1234727033595298752962
      strategy / principalOf(V1): 0x1760E05356Ec1FBBA159C730781dCfB9920524e2 1261625489338208966407
      V1 phusdPerSecond / C (phUSD per day): 10850694444444 937499999999961600
      setAsideBufferSize(V1) %: 10
      setAsideBufferRecipient: 0xbce8ABC09BaEDCabE93419bF875f6186e182079A
      V1 idle token balance (buffer, stays on V1): 7095707750554785661
      PhusdStableMinter registration: strategy 0x1760E05356Ec1FBBA159C730781dCfB9920524e2
    token: 0xA0b86991c6218b36c1d19D4a2e9Eb0cE3606eB48 USDC
      V1 poolState / stakerCount / totalStaked: 0 13 1966476179
      strategy / principalOf(V1): 0xaFDf8DeA96a0F37Aae4869f813901bf73a3eAB83 1993519564
      V1 phusdPerSecond / C (phUSD per day): 15190972222221 1312499999999894400
      setAsideBufferSize(V1) %: 10
      setAsideBufferRecipient: 0xbce8ABC09BaEDCabE93419bF875f6186e182079A
      V1 idle token balance (buffer, stays on V1): 10598635
      PhusdStableMinter registration: strategy 0xaFDf8DeA96a0F37Aae4869f813901bf73a3eAB83
    token: 0x4c9EDD5852cd905f086C759E8383e09bff1E68B3 USDe
      V1 poolState / stakerCount / totalStaked: 0 7 2566815465400000000000
      strategy / principalOf(V1): 0xaC2e5936Eca286eC364d4D5Bcca33145fBe57f95 2566815465400000000000
      V1 phusdPerSecond / C (phUSD per day): 21701388888888 1874999999999923200
      setAsideBufferSize(V1) %: 25
      setAsideBufferRecipient: NONE (pre-story-047 strategy: buffer is paid to each client)
      V1 idle token balance (buffer, stays on V1): 50361101714905465316
      PhusdStableMinter registration: strategy 0xaC2e5936Eca286eC364d4D5Bcca33145fBe57f95
    V1 phUSD mint authorized: true
    phUSD minter baseline (live) mask / mintVersion: 511 0
    minter DOLA withdrawal window OK (initiatedAt / closes at): 1789598530 1789879330
    OWNER ETH preflight (gas price wei / required wei / OWNER balance wei): 300000000 9720000000000000 99994128237771808
    WARNING: node gas price is ABOVE the pinned CUTOVER_GAS_PRICE_WEI (node / pinned): 1044217435 300000000
    The run is budgeted at the pinned price, but transactions signed below the base fee may not be mined (story 071) - consider raising CUTOVER_GAS_PRICE_WEI.
  
=== Phase 1: retire V1 (pauser OWNER, unregister, pause) ===
    Pauser.unregister(V1) - retired staker removed from the global pause registry
    V1 pauser OWNER, unregistered from Pauser, paused - global Pauser.pause() live again
  
=== Phase 2: Antimatter ===
    Antimatter deployed at: 0xA025801D81aCFd9E35Bfb05346116e5A3fBAa79F
    progress file updated: in_progress
    Antimatter wired to phUSD + PhusdStableMinter (read back)
  
=== Phase 3: StableStakerV2 ===
    StableStakerV2 deployed at: 0x8B9482a3ff055d24183B40Dd8BB70fFe3edD4c83
    progress file updated: in_progress
    V2 paused (pauser temporarily OWNER)
  
=== Phase 3b: sDOLA destination strategy (story 091) ===
    ERC4626YieldStrategy(OWNER, DOLA, sDOLA) deployed at: 0x55BcE9b12953d6a8468c57a811E6642289A99764
    progress file updated: in_progress
    sDOLA maxDeposit(strategy) / V1 DOLA principal: 115792089237316195423570985008687907853269984665640564039457584007913129639935 1261625489338208966407
    sDOLA strategy: pauser Pauser, registered, SYA withdrawer (minter client is story 092)
  
=== Phase 4: V2 pools (from V1 live config) ===
    -- pool 0x865377367054516e17014CcdED1e7d814EDC9ce4 DOLA
      C (V1 phUSD/day) / Antimatter/day (2.1x): 937499999999961600 1968749999999919360
      antimatterPerSecond / setAsideBuffer %: 22786458333332 10
    -- pool 0xA0b86991c6218b36c1d19D4a2e9Eb0cE3606eB48 USDC
      C (V1 phUSD/day) / Antimatter/day (2.1x): 1312499999999894400 2756249999999778240
      antimatterPerSecond / setAsideBuffer %: 31901041666664 10
    -- pool 0x4c9EDD5852cd905f086C759E8383e09bff1E68B3 USDe
      C (V1 phUSD/day) / Antimatter/day (2.1x): 1874999999999923200 3937499999999838720
      antimatterPerSecond / setAsideBuffer %: 45572916666664 25
  
=== Phase 5: mint rights ===
    Antimatter.setApprovedMinter(V2) - VERIFIED by read-back
    phUSD.setMinter(V2) - VERIFIED via phUSDMintAvailable()
    phUSD.setMinter(Antimatter) - VERIFIED at current mintVersion
    phUSD minter delta OK (live mask / V1 revoked): 511 false
  
=== Phase 6: V1 -> V2 migration ===
    CrossVersionMigrator deployed at: 0xA6d3fc83C91B8319D219cEB12B46e3dfF064B58F
    progress file updated: in_progress
    -- migrating pool 0x865377367054516e17014CcdED1e7d814EDC9ce4 DOLA
    relinquished V1 principal surplus (token / surplus): 0x865377367054516e17014CcdED1e7d814EDC9ce4 26898455742910213445
    V1 initiateMigration (token / R realized / P snapshot): 0x865377367054516e17014CcdED1e7d814EDC9ce4 1234668498770261553780 1234727033595298752962
    plan (token / migratable / zero-credit): 0x865377367054516e17014CcdED1e7d814EDC9ce4 9 0
    plan stragglers (count / principal total): 0 0
    migrated (token / users / batches): 0x865377367054516e17014CcdED1e7d814EDC9ce4 9 1
    exit realization (token / R realized / P snapshot): 0x865377367054516e17014CcdED1e7d814EDC9ce4 1234668498770261553780 1234727033595298752962
      exit bound bps (source) / per-user bound bps / V2 totalStaked: 5 10 1234668498770261553762
    post-migration OK (token / V2 totalStaked / V2 stakers): 0x865377367054516e17014CcdED1e7d814EDC9ce4 1234668498770261553762 9
    -- migrating pool 0xA0b86991c6218b36c1d19D4a2e9Eb0cE3606eB48 USDC
    relinquished V1 principal surplus (token / surplus): 0xA0b86991c6218b36c1d19D4a2e9Eb0cE3606eB48 27043385
    V1 initiateMigration (token / R realized / P snapshot): 0xA0b86991c6218b36c1d19D4a2e9Eb0cE3606eB48 1966408583 1966476179
    plan (token / migratable / zero-credit): 0xA0b86991c6218b36c1d19D4a2e9Eb0cE3606eB48 13 0
    plan stragglers (count / principal total): 0 0
    migrated (token / users / batches): 0xA0b86991c6218b36c1d19D4a2e9Eb0cE3606eB48 13 1
    exit realization (token / R realized / P snapshot): 0xA0b86991c6218b36c1d19D4a2e9Eb0cE3606eB48 1966408583 1966476179
      exit bound bps (source) / per-user bound bps / V2 totalStaked: 5 5 1966340967
    post-migration OK (token / V2 totalStaked / V2 stakers): 0xA0b86991c6218b36c1d19D4a2e9Eb0cE3606eB48 1966340967 13
    -- migrating pool 0x4c9EDD5852cd905f086C759E8383e09bff1E68B3 USDe
    market exit pre-quote (shares / quote / minOut): 2055897222571625592632 2564938568198434713877 2559115019003799999999
    V1 initiateMigration (token / R realized / P snapshot): 0x4c9EDD5852cd905f086C759E8383e09bff1E68B3 2564938568198434713878 2566815465400000000000
    plan (token / migratable / zero-credit): 0x4c9EDD5852cd905f086C759E8383e09bff1E68B3 7 0
    plan stragglers (count / principal total): 0 0
    migrated (token / users / batches): 0x4c9EDD5852cd905f086C759E8383e09bff1E68B3 7 1
    exit realization (token / R realized / P snapshot): 0x4c9EDD5852cd905f086C759E8383e09bff1E68B3 2564938568198434713878 2566815465400000000000
      exit bound bps (source) / per-user bound bps / V2 totalStaked: 61 61 2557243752493839409730
    post-migration OK (token / V2 totalStaked / V2 stakers): 0x4c9EDD5852cd905f086C759E8383e09bff1E68B3 2557243752493839409730 7
  
=== Phase 6b: minter DOLA collateral -> sDOLA strategy, SYA repoint, retire autoDOLA strategy (story 092) ===
    progress file updated: in_progress
    recorded minter DOLA config (exchangeRate / decimals / maxMintPerDay): 1000000000000000000 18 4000000000000000000000
    recorded minter DOLA enabled: true
    minter DOLA minting disabled for the collateral move
    progress file updated: in_progress
    execute: minter principal P / OWNER DOLA before: 14594562039048160037533 0
    progress file updated: awaiting_reseed
    executed: R (DOLA delivered to OWNER) / P: 14620768299424230618909 14594562039048160037533
  
  =================================================
    LEG 1 ENDED DELIBERATELY AFTER THE MINTER EXECUTE (story 094)
  =================================================
    Progress status: awaiting_reseed
    Local-pass R (NOT signed; leg 2 re-reads the mined R) / OWNER DOLA before execute: 14620768299424230618909 0
    THE MINTER'S DOLA COLLATERAL SITS ON OWNER UNTIL LEG 2. Do not move OWNER's DOLA.
    NEXT: once the execute has MINED, run  npm run stable-staker-v2-cutover:preview
          then  npm run stable-staker-v2-cutover:broadcast  (leg 2 re-seeds the mined R and finishes).
    The :broadcast tail (address patch -> :verify -> :preview) is EXPECTED to stop now with
    deploymentStatus awaiting_reseed - that is leg 1 ending, not a failure.

SKIPPING ON CHAIN SIMULATION.


==========================

ONCHAIN EXECUTION COMPLETE & SUCCESSFUL.

Transactions saved to: /home/justin/code/audits/phoenix-phase-2-staging/work/broadcast/CutoverStableStakerV2Mainnet.s.sol/1/run-latest.json

Sensitive values saved to: /home/justin/code/audits/phoenix-phase-2-staging/work/cache/CutoverStableStakerV2Mainnet.s.sol/1/run-latest.json

