No files changed, compilation skipped
Script ran successfully.

== Logs ==
  =================================================
    STABLESTAKER V2 CUTOVER - READ-ONLY VERIFICATION
    (story 086 / audit L-02)
  =================================================
  Found progress file, loading: server/deployments/progress.stable-staker-v2-cutover.1.json
    loaded Antimatter 0xA025801D81aCFd9E35Bfb05346116e5A3fBAa79F
    loaded StableStakerV2 0x8B9482a3ff055d24183B40Dd8BB70fFe3edD4c83
    loaded CrossVersionMigrator 0xA6d3fc83C91B8319D219cEB12B46e3dfF064B58F
    loaded ERC4626YieldStrategySDOLA 0x55BcE9b12953d6a8468c57a811E6642289A99764
  
=== verify Phase 1: V1 retired ===
    V1 pauser OWNER, unregistered from Pauser, paused
  
=== verify Phase 2: Antimatter ===
    Antimatter: 0xA025801D81aCFd9E35Bfb05346116e5A3fBAa79F
  
=== verify Phase 3: StableStakerV2 ===
    StableStakerV2: 0x8B9482a3ff055d24183B40Dd8BB70fFe3edD4c83
  
=== verify Phase 3b: sDOLA destination strategy ===
    sDOLA strategy: 0x55BcE9b12953d6a8468c57a811E6642289A99764
  
=== Phase 0: preconditions ===
    autoDOLA source strategy retirement started (no clients) - pause/registration checks skipped
    token: 0x865377367054516e17014CcdED1e7d814EDC9ce4 DOLA
      V1 poolState / stakerCount / totalStaked: 1 0 0
      strategy / principalOf(V1): 0x1760E05356Ec1FBBA159C730781dCfB9920524e2 0
      V1 phusdPerSecond / C (phUSD per day): 10850694444444 937499999999961600
      setAsideBufferSize(V1) %: 10
      setAsideBufferRecipient: 0xbce8ABC09BaEDCabE93419bF875f6186e182079A
      V1 idle token balance (buffer, stays on V1): 7095707750554785666
      PhusdStableMinter registration: strategy 0x55BcE9b12953d6a8468c57a811E6642289A99764
    token: 0xA0b86991c6218b36c1d19D4a2e9Eb0cE3606eB48 USDC
      V1 poolState / stakerCount / totalStaked: 1 0 0
      strategy / principalOf(V1): 0xaFDf8DeA96a0F37Aae4869f813901bf73a3eAB83 0
      V1 phusdPerSecond / C (phUSD per day): 15190972222221 1312499999999894400
      setAsideBufferSize(V1) %: 10
      setAsideBufferRecipient: 0x8B9482a3ff055d24183B40Dd8BB70fFe3edD4c83
      V1 idle token balance (buffer, stays on V1): 10598645
      PhusdStableMinter registration: strategy 0xaFDf8DeA96a0F37Aae4869f813901bf73a3eAB83
    token: 0x4c9EDD5852cd905f086C759E8383e09bff1E68B3 USDe
      V1 poolState / stakerCount / totalStaked: 1 0 0
      strategy / principalOf(V1): 0xaC2e5936Eca286eC364d4D5Bcca33145fBe57f95 0
      V1 phusdPerSecond / C (phUSD per day): 21701388888888 1874999999999923200
      setAsideBufferSize(V1) %: 25
      setAsideBufferRecipient: NONE (pre-story-047 strategy: buffer is paid to each client)
      V1 idle token balance (buffer, stays on V1): 50361101714905465321
      PhusdStableMinter registration: strategy 0xaC2e5936Eca286eC364d4D5Bcca33145fBe57f95
    V1 phUSD mint authorized: false
    phUSD minter baseline (from progress file) mask / mintVersion: 511 0
    minter DOLA withdrawal already executed (autoDOLA principal 0) - window preflight skipped
  
=== verify Phase 4: V2 pools ===
    pool configured: 0x865377367054516e17014CcdED1e7d814EDC9ce4 DOLA
    pool configured: 0xA0b86991c6218b36c1d19D4a2e9Eb0cE3606eB48 USDC
    pool configured: 0x4c9EDD5852cd905f086C759E8383e09bff1E68B3 USDe
  
=== verify Phase 5: mint rights ===
    V2 Antimatter + phUSD mint, Antimatter phUSD mint
  
=== verify Phase 6: migration ===
    exit realization (token / R realized / P snapshot): 0x865377367054516e17014CcdED1e7d814EDC9ce4 1234668498770261553780 1234727033595298752962
      exit bound bps (source) / per-user bound bps / V2 totalStaked: 5 10 1234668498770261553761
    post-migration OK (token / V2 totalStaked / V2 stakers): 0x865377367054516e17014CcdED1e7d814EDC9ce4 1234668498770261553761 9
    pool migrated (token / V1 stragglers): 0x865377367054516e17014CcdED1e7d814EDC9ce4 0
    exit realization (token / R realized / P snapshot): 0xA0b86991c6218b36c1d19D4a2e9Eb0cE3606eB48 1966408583 1966476179
      exit bound bps (source) / per-user bound bps / V2 totalStaked: 5 5 1966340967
    post-migration OK (token / V2 totalStaked / V2 stakers): 0xA0b86991c6218b36c1d19D4a2e9Eb0cE3606eB48 1966340967 13
    pool migrated (token / V1 stragglers): 0xA0b86991c6218b36c1d19D4a2e9Eb0cE3606eB48 0
    exit realization (token / R realized / P snapshot): 0x4c9EDD5852cd905f086C759E8383e09bff1E68B3 2564938566071780230251 2566815465400000000000
      exit bound bps (source) / per-user bound bps / V2 totalStaked: 61 61 2557243750373564889552
    post-migration OK (token / V2 totalStaked / V2 stakers): 0x4c9EDD5852cd905f086C759E8383e09bff1E68B3 2557243750373564889552 7
    pool migrated (token / V1 stragglers): 0x4c9EDD5852cd905f086C759E8383e09bff1E68B3 0
  
=== verify Phase 6b: minter DOLA collateral, SYA, retired autoDOLA strategy ===
    OWNER DOLA residual 0; mined R (Transfer logs) / transfers: 14620769498660152819444 1
    minter DOLA -> sDOLA strategy (R / minter principal): 14620769498660152819444 14620769498660152819442
  
=== verify Phase 7: finalize ===
    buffer recipients, V1 mint revoked, V2/Antimatter pause wiring, V2 unpaused
  
=== verify per-user credits (MigratedOut -> DepositedFor) ===
    events (MigratedOut / UserMigrated / DepositedFor): 29 0 29
    per-user credits OK (token / users): 0x865377367054516e17014CcdED1e7d814EDC9ce4 9
    aggregate net of self-exits (token / floor / V2 totalStaked): 0x865377367054516e17014CcdED1e7d814EDC9ce4 1233492306561703445209 1234668498770261553761
      P / V1 stragglers / self-exited principal (upper bound): 1234727033595298752962 0 0
    per-user credits OK (token / users): 0xA0b86991c6218b36c1d19D4a2e9Eb0cE3606eB48 13
    aggregate net of self-exits (token / floor / V2 totalStaked): 0xA0b86991c6218b36c1d19D4a2e9Eb0cE3606eB48 1965479940 1966340967
      P / V1 stragglers / self-exited principal (upper bound): 1966476179 0 0
    per-user credits OK (token / users): 0x4c9EDD5852cd905f086C759E8383e09bff1E68B3 7
    aggregate net of self-exits (token / floor / V2 totalStaked): 0x4c9EDD5852cd905f086C759E8383e09bff1E68B3 2551157891061059993000 2557243750373564889552
      P / V1 stragglers / self-exited principal (upper bound): 2566815465400000000000 0 0
  
=== Phase 8: wiring assertions ===
    phUSD minter delta OK (live mask / V1 revoked): 510 true
    pool OK (token / V2 stakers / V1 stragglers): 0x865377367054516e17014CcdED1e7d814EDC9ce4 9 0
    pool OK (token / V2 stakers / V1 stragglers): 0xA0b86991c6218b36c1d19D4a2e9Eb0cE3606eB48 13 0
    pool OK (token / V2 stakers / V1 stragglers): 0x4c9EDD5852cd905f086C759E8383e09bff1E68B3 7 0
    Pauser registrant sweep OK (every registrant unpaused, pauser == Pauser): 27
    all wiring assertions passed
  
  =================================================
    CUTOVER VERIFIED ON CHAIN: every phase 1-7 done-condition holds
  =================================================
  Antimatter:            0xA025801D81aCFd9E35Bfb05346116e5A3fBAa79F
  StableStakerV2:        0x8B9482a3ff055d24183B40Dd8BB70fFe3edD4c83
  CrossVersionMigrator:  0xA6d3fc83C91B8319D219cEB12B46e3dfF064B58F
  sDOLA strategy:        0x55BcE9b12953d6a8468c57a811E6642289A99764
  Per-user credits re-checked: 29
