No files changed, compilation skipped
Traces:
  [2509013] → new ResetAndRewire@0x9f7cF1d1F558E57ef88a59ac3D47214eF25B6A06
    └─ ← [Return] 12421 bytes of code

  [177] ResetAndRewire::setUp()
    └─ ← [Stop]

  [946661049] ResetAndRewire::run()
    ├─ [0] console::log("==========================================") [staticcall]
    │   └─ ← [Stop]
    ├─ [0] console::log(" ResetAndRewire (story 060, step 3)") [staticcall]
    │   └─ ← [Stop]
    ├─ [0] console::log("==========================================") [staticcall]
    │   └─ ← [Stop]
    ├─ [0] console::log("Chain ID:          ", 1) [staticcall]
    │   └─ ← [Stop]
    ├─ [0] console::log("Owner (ledger):    ", 0xCad1a7864a108DBFF67F4b8af71fAB0C7A86D0B6) [staticcall]
    │   └─ ← [Stop]
    ├─ [0] console::log("") [staticcall]
    │   └─ ← [Stop]
    ├─ [0] VM::readFile("script/migration-inputs/ys-swap-deployments.json") [staticcall]
    │   └─ ← [Return] <file>
    ├─ [0] VM::parseJsonAddress("<stringified JSON>", ".ysDolaV2") [staticcall]
    │   └─ ← [Return] 0xc4D5F377c1dD84BF131348a70287AA241588c7c7
    ├─ [0] VM::parseJsonAddress("<stringified JSON>", ".ysUsdcV2") [staticcall]
    │   └─ ← [Return] 0x0C2d75165bd5cf7B0e5Dcdc5799Da056a4E56a8a
    ├─ [0] VM::parseJsonAddress("<stringified JSON>", ".tempStaker") [staticcall]
    │   └─ ← [Return] 0xAb510b164e425F055De94C75B5fCcc4669546EC1
    ├─ [0] VM::parseJsonAddress("<stringified JSON>", ".migrator2") [staticcall]
    │   └─ ← [Return] 0xd263E31873202605bD46E6dDFd82F1bA214DfFfC
    ├─ [0] console::log("ysDolaV2:    ", 0xc4D5F377c1dD84BF131348a70287AA241588c7c7) [staticcall]
    │   └─ ← [Stop]
    ├─ [0] console::log("ysUsdcV2:    ", 0x0C2d75165bd5cf7B0e5Dcdc5799Da056a4E56a8a) [staticcall]
    │   └─ ← [Stop]
    ├─ [0] console::log("tempStaker:  ", 0xAb510b164e425F055De94C75B5fCcc4669546EC1) [staticcall]
    │   └─ ← [Stop]
    ├─ [0] console::log("migrator2:   ", 0xd263E31873202605bD46E6dDFd82F1bA214DfFfC) [staticcall]
    │   └─ ← [Stop]
    ├─ [0] console::log("") [staticcall]
    │   └─ ← [Stop]
    ├─ [9338] 0xbce8ABC09BaEDCabE93419bF875f6186e182079A::poolInfo(ERC20: [0x865377367054516e17014CcdED1e7d814EDC9ce4]) [staticcall]
    │   └─ ← [Return] 57870370370370 [5.787e13], 28316980035210948 [2.831e16], 1781220572 [1.781e9], 0
    ├─ [2558] 0xbce8ABC09BaEDCabE93419bF875f6186e182079A::stakerCount(ERC20: [0x865377367054516e17014CcdED1e7d814EDC9ce4]) [staticcall]
    │   └─ ← [Return] 0
    ├─ [9338] 0xbce8ABC09BaEDCabE93419bF875f6186e182079A::poolInfo(0xA0b86991c6218b36c1d19D4a2e9Eb0cE3606eB48) [staticcall]
    │   └─ ← [Return] 81018518518518 [8.101e13], 11477932709573665998847290253 [1.147e28], 1781220573 [1.781e9], 0
    ├─ [2558] 0xbce8ABC09BaEDCabE93419bF875f6186e182079A::stakerCount(0xA0b86991c6218b36c1d19D4a2e9Eb0cE3606eB48) [staticcall]
    │   └─ ← [Return] 0
    ├─ [2711] 0xbce8ABC09BaEDCabE93419bF875f6186e182079A::migrator() [staticcall]
    │   └─ ← [Return] 0x7281310825e455A6aAb709AA5D5809d321B1b071
    ├─ [2369] 0xd263E31873202605bD46E6dDFd82F1bA214DfFfC::owner() [staticcall]
    │   └─ ← [Return] 0xCad1a7864a108DBFF67F4b8af71fAB0C7A86D0B6
    ├─ [2777] 0xAb510b164e425F055De94C75B5fCcc4669546EC1::owner() [staticcall]
    │   └─ ← [Return] 0xCad1a7864a108DBFF67F4b8af71fAB0C7A86D0B6
    ├─ [2777] 0xbce8ABC09BaEDCabE93419bF875f6186e182079A::owner() [staticcall]
    │   └─ ← [Return] 0xCad1a7864a108DBFF67F4b8af71fAB0C7A86D0B6
    ├─ [0] console::log("Preflight OK") [staticcall]
    │   └─ ← [Stop]
    ├─ [0] console::log("  original DOLA stakers: 0, totalStaked: 0") [staticcall]
    │   └─ ← [Stop]
    ├─ [0] console::log("  original USDC stakers: 0, totalStaked: 0") [staticcall]
    │   └─ ← [Stop]
    ├─ [0] VM::envOr("PREVIEW_MODE", false) [staticcall]
    │   └─ ← [Return] <env var value>
    ├─ [0] console::log("*** PREVIEW MODE - impersonating owner, NO broadcast ***") [staticcall]
    │   └─ ← [Stop]
    ├─ [0] console::log("") [staticcall]
    │   └─ ← [Stop]
    ├─ [0] VM::startPrank(0xCad1a7864a108DBFF67F4b8af71fAB0C7A86D0B6)
    │   └─ ← [Return]
    ├─ [0] console::log("=== Step 1: finalizeAndReset ===") [staticcall]
    │   └─ ← [Stop]
    ├─ [22850] 0xbce8ABC09BaEDCabE93419bF875f6186e182079A::finalizeAndReset(ERC20: [0x865377367054516e17014CcdED1e7d814EDC9ce4])
    │   ├─ emit PoolReset(token: ERC20: [0x865377367054516e17014CcdED1e7d814EDC9ce4])
    │   └─ ← [Return]
    ├─ [0] console::log("  finalizeAndReset(DOLA) done") [staticcall]
    │   └─ ← [Stop]
    ├─ [20050] 0xbce8ABC09BaEDCabE93419bF875f6186e182079A::finalizeAndReset(0xA0b86991c6218b36c1d19D4a2e9Eb0cE3606eB48)
    │   ├─ emit PoolReset(token: 0xA0b86991c6218b36c1d19D4a2e9Eb0cE3606eB48)
    │   └─ ← [Return]
    ├─ [0] console::log("  finalizeAndReset(USDC) done") [staticcall]
    │   └─ ← [Stop]
    ├─ [0] console::log("") [staticcall]
    │   └─ ← [Stop]
    ├─ [0] console::log("=== Step 2: setYieldStrategy (V2) ===") [staticcall]
    │   └─ ← [Stop]
    ├─ [2469] ERC20::balanceOf(0xbce8ABC09BaEDCabE93419bF875f6186e182079A) [staticcall]
    │   └─ ← [Return] 26785198715928544274 [2.678e19]
    ├─ [946516158] 0xbce8ABC09BaEDCabE93419bF875f6186e182079A::setYieldStrategy(ERC20: [0x865377367054516e17014CcdED1e7d814EDC9ce4], 0xc4D5F377c1dD84BF131348a70287AA241588c7c7)
    │   ├─ [24465] ERC20::approve(0xc4D5F377c1dD84BF131348a70287AA241588c7c7, 115792089237316195423570985008687907853269984665640564039457584007913129639935 [1.157e77])
    │   │   ├─ emit Approval(owner: 0xbce8ABC09BaEDCabE93419bF875f6186e182079A, spender: 0xc4D5F377c1dD84BF131348a70287AA241588c7c7, value: 115792089237316195423570985008687907853269984665640564039457584007913129639935 [1.157e77])
    │   │   └─ ← [Return] true
    │   ├─ [469] ERC20::balanceOf(0xbce8ABC09BaEDCabE93419bF875f6186e182079A) [staticcall]
    │   │   └─ ← [Return] 26785198715928544274 [2.678e19]
    │   ├─ [946464013] 0xc4D5F377c1dD84BF131348a70287AA241588c7c7::deposit(ERC20: [0x865377367054516e17014CcdED1e7d814EDC9ce4], 26785198715928544274 [2.678e19], 0xbce8ABC09BaEDCabE93419bF875f6186e182079A)
    │   │   ├─ [28307] ERC20::transferFrom(0xbce8ABC09BaEDCabE93419bF875f6186e182079A, 0xc4D5F377c1dD84BF131348a70287AA241588c7c7, 26785198715928544274 [2.678e19])
    │   │   │   ├─ emit Transfer(from: 0xbce8ABC09BaEDCabE93419bF875f6186e182079A, to: 0xc4D5F377c1dD84BF131348a70287AA241588c7c7, value: 26785198715928544274 [2.678e19])
    │   │   │   └─ ← [Return] true
    │   │   ├─ [146342] TransparentUpgradeableProxy::fallback(26785198715928544274 [2.678e19], 0xc4D5F377c1dD84BF131348a70287AA241588c7c7)
    │   │   │   ├─ [139050] AutopoolETH::deposit(26785198715928544274 [2.678e19], 0xc4D5F377c1dD84BF131348a70287AA241588c7c7) [delegatecall]
    │   │   │   │   ├─ [10182] Autopool4626::totalSupply() [delegatecall]
    │   │   │   │   │   ├─ [4953] AutopoolFees::3906c18f(17264fbcd79a365fd3ccff89407ad487986f8b37b9035d6bc8b51cacd5832200) [delegatecall]
    │   │   │   │   │   │   └─ ← [Return] 0x000000000000000000000000000000000000000000000001f08b7e9eeeda1da3
    │   │   │   │   │   └─ ← [Return] 115746450331179179405818 [1.157e23]
    │   │   │   │   ├─ [4794] Autopool4626::20bf782e(17264fbcd79a365fd3ccff89407ad487986f8b37b9035d6bc8b51cacd58322210000000000000000000000000000000000000000000000000000000000000001) [delegatecall]
    │   │   │   │   │   └─ ← [Return] 0x000000000000000000000000000000000000000000001ca2b137a119d9825927
    │   │   │   │   ├─ [2453] SystemRegistry::systemSecurity() [staticcall]
    │   │   │   │   │   └─ ← [Return] SystemSecurityL1: [0xe57A2eC5EF4CC7F6576BB1ed5Ec3759878F39B20]
    │   │   │   │   ├─ [5819] SystemSecurityL1::navOpsInProgress() [staticcall]
    │   │   │   │   │   ├─ [339] TransientStorage::dataExists(36020779792935679711117383315763395368587992168839837121291985913258824036434 [3.602e76]) [delegatecall]
    │   │   │   │   │   │   └─ ← [Return] false
    │   │   │   │   │   └─ ← [Return] 0
    │   │   │   │   ├─ [2324] SystemSecurityL1::isSystemPaused()
    │   │   │   │   │   └─ ← [Return] false
    │   │   │   │   ├─ [91371] Autopool4626::62afd7f0(17264fbcd79a365fd3ccff89407ad487986f8b37b9035d6bc8b51cacd5832200000000000000000000000000865377367054516e17014ccded1e7d814edc9ce400000000000000000000000000000000000000000000000173b824516d2b8412000000000000000000000000c4d5f377c1dd84bf131348a70287aa241588c7c700000000000000000000000000000000000000000000000000000000000000000000000000000000000000000000000000000000000000000000000000000012) [delegatecall]
    │   │   │   │   │   ├─ [14440] AutopoolDebt::378847bb(17264fbcd79a365fd3ccff89407ad487986f8b37b9035d6bc8b51cacd58322000000000000000000000000000000000000000000000000000000000000000001) [delegatecall]
    │   │   │   │   │   │   ├─ [5747] WithdrawalQueue::d0a94d2c(17264fbcd79a365fd3ccff89407ad487986f8b37b9035d6bc8b51cacd583220c) [delegatecall]
    │   │   │   │   │   │   │   ├─ [2509] StructuredLinkedList::332306c0(17264fbcd79a365fd3ccff89407ad487986f8b37b9035d6bc8b51cacd583220c) [delegatecall]
    │   │   │   │   │   │   │   │   └─ ← [Return] 0x000000000000000000000000116b3e86f2b04c21605c5fc4b95ba6a82dbf8f3e
    │   │   │   │   │   │   │   └─ ← [Return] 0x000000000000000000000000116b3e86f2b04c21605c5fc4b95ba6a82dbf8f3e
    │   │   │   │   │   │   ├─ [2573] TransparentUpgradeableProxy::fallback(1) [staticcall]
    │   │   │   │   │   │   │   ├─ [1784] AutopoolETH::totalAssets(1) [delegatecall]
    │   │   │   │   │   │   │   │   ├─ [794] Autopool4626::20bf782e(17264fbcd79a365fd3ccff89407ad487986f8b37b9035d6bc8b51cacd58322210000000000000000000000000000000000000000000000000000000000000001) [delegatecall]
    │   │   │   │   │   │   │   │   │   └─ ← [Return] 0x000000000000000000000000000000000000000000001ca2b137a119d9825927
    │   │   │   │   │   │   │   │   └─ ← [Return] 135227403912691841128743 [1.352e23]
    │   │   │   │   │   │   │   └─ ← [Return] 135227403912691841128743 [1.352e23]
    │   │   │   │   │   │   └─ ← [Return] 0x000000000000000000000000000000000000000000001ca2b137a119d9825927
    │   │   │   │   │   ├─ [5440] AutopoolDebt::378847bb(17264fbcd79a365fd3ccff89407ad487986f8b37b9035d6bc8b51cacd58322000000000000000000000000000000000000000000000000000000000000000001) [delegatecall]
    │   │   │   │   │   │   ├─ [1247] WithdrawalQueue::d0a94d2c(17264fbcd79a365fd3ccff89407ad487986f8b37b9035d6bc8b51cacd583220c) [delegatecall]
    │   │   │   │   │   │   │   ├─ [509] StructuredLinkedList::332306c0(17264fbcd79a365fd3ccff89407ad487986f8b37b9035d6bc8b51cacd583220c) [delegatecall]
    │   │   │   │   │   │   │   │   └─ ← [Return] 0x000000000000000000000000116b3e86f2b04c21605c5fc4b95ba6a82dbf8f3e
    │   │   │   │   │   │   │   └─ ← [Return] 0x000000000000000000000000116b3e86f2b04c21605c5fc4b95ba6a82dbf8f3e
    │   │   │   │   │   │   ├─ [2573] TransparentUpgradeableProxy::fallback(1) [staticcall]
    │   │   │   │   │   │   │   ├─ [1784] AutopoolETH::totalAssets(1) [delegatecall]
    │   │   │   │   │   │   │   │   ├─ [794] Autopool4626::20bf782e(17264fbcd79a365fd3ccff89407ad487986f8b37b9035d6bc8b51cacd58322210000000000000000000000000000000000000000000000000000000000000001) [delegatecall]
    │   │   │   │   │   │   │   │   │   └─ ← [Return] 0x000000000000000000000000000000000000000000001ca2b137a119d9825927
    │   │   │   │   │   │   │   │   └─ ← [Return] 135227403912691841128743 [1.352e23]
    │   │   │   │   │   │   │   └─ ← [Return] 135227403912691841128743 [1.352e23]
    │   │   │   │   │   │   └─ ← [Return] 0x000000000000000000000000000000000000000000001ca2b137a119d9825927
    │   │   │   │   │   ├─ [953] AutopoolFees::3906c18f(17264fbcd79a365fd3ccff89407ad487986f8b37b9035d6bc8b51cacd5832200) [delegatecall]
    │   │   │   │   │   │   └─ ← [Return] 0x000000000000000000000000000000000000000000000001f08b7e9eeeda1da3
    │   │   │   │   │   ├─ [5440] AutopoolDebt::378847bb(17264fbcd79a365fd3ccff89407ad487986f8b37b9035d6bc8b51cacd58322000000000000000000000000000000000000000000000000000000000000000001) [delegatecall]
    │   │   │   │   │   │   ├─ [1247] WithdrawalQueue::d0a94d2c(17264fbcd79a365fd3ccff89407ad487986f8b37b9035d6bc8b51cacd583220c) [delegatecall]
    │   │   │   │   │   │   │   ├─ [509] StructuredLinkedList::332306c0(17264fbcd79a365fd3ccff89407ad487986f8b37b9035d6bc8b51cacd583220c) [delegatecall]
    │   │   │   │   │   │   │   │   └─ ← [Return] 0x000000000000000000000000116b3e86f2b04c21605c5fc4b95ba6a82dbf8f3e
    │   │   │   │   │   │   │   └─ ← [Return] 0x000000000000000000000000116b3e86f2b04c21605c5fc4b95ba6a82dbf8f3e
    │   │   │   │   │   │   ├─ [2573] TransparentUpgradeableProxy::fallback(1) [staticcall]
    │   │   │   │   │   │   │   ├─ [1784] AutopoolETH::totalAssets(1) [delegatecall]
    │   │   │   │   │   │   │   │   ├─ [794] Autopool4626::20bf782e(17264fbcd79a365fd3ccff89407ad487986f8b37b9035d6bc8b51cacd58322210000000000000000000000000000000000000000000000000000000000000001) [delegatecall]
    │   │   │   │   │   │   │   │   │   └─ ← [Return] 0x000000000000000000000000000000000000000000001ca2b137a119d9825927
    │   │   │   │   │   │   │   │   └─ ← [Return] 135227403912691841128743 [1.352e23]
    │   │   │   │   │   │   │   └─ ← [Return] 135227403912691841128743 [1.352e23]
    │   │   │   │   │   │   └─ ← [Return] 0x000000000000000000000000000000000000000000001ca2b137a119d9825927
    │   │   │   │   │   ├─ [953] AutopoolFees::3906c18f(17264fbcd79a365fd3ccff89407ad487986f8b37b9035d6bc8b51cacd5832200) [delegatecall]
    │   │   │   │   │   │   └─ ← [Return] 0x000000000000000000000000000000000000000000000001f08b7e9eeeda1da3
    │   │   │   │   │   ├─ [953] AutopoolFees::3906c18f(17264fbcd79a365fd3ccff89407ad487986f8b37b9035d6bc8b51cacd5832200) [delegatecall]
    │   │   │   │   │   │   └─ ← [Return] 0x000000000000000000000000000000000000000000000001f08b7e9eeeda1da3
    │   │   │   │   │   ├─ [10407] ERC20::transferFrom(0xc4D5F377c1dD84BF131348a70287AA241588c7c7, TransparentUpgradeableProxy: [0x79eB84B5E30Ef2481c8f00fD0Aa7aAd6Ac0AA54d], 26785198715928544274 [2.678e19])
    │   │   │   │   │   │   ├─ emit Transfer(from: 0xc4D5F377c1dD84BF131348a70287AA241588c7c7, to: TransparentUpgradeableProxy: [0x79eB84B5E30Ef2481c8f00fD0Aa7aAd6Ac0AA54d], value: 26785198715928544274 [2.678e19])
    │   │   │   │   │   │   └─ ← [Return] true
    │   │   │   │   │   ├─ [27740] AutopoolToken::c67e5151(17264fbcd79a365fd3ccff89407ad487986f8b37b9035d6bc8b51cacd5832200000000000000000000000000c4d5f377c1dd84bf131348a70287aa241588c7c70000000000000000000000000000000000000000000000013e2b4e4b97c1a446) [delegatecall]
    │   │   │   │   │   │   ├─ emit Transfer(from: 0x0000000000000000000000000000000000000000, to: 0xc4D5F377c1dD84BF131348a70287AA241588c7c7, value: 22926504414635205702 [2.292e19])
    │   │   │   │   │   │   └─ ← [Stop]
    │   │   │   │   │   ├─ emit Deposit(sender: 0xc4D5F377c1dD84BF131348a70287AA241588c7c7, owner: 0xc4D5F377c1dD84BF131348a70287AA241588c7c7, assets: 26785198715928544274 [2.678e19], shares: 22926504414635205702 [2.292e19])
    │   │   │   │   │   ├─ [953] AutopoolFees::3906c18f(17264fbcd79a365fd3ccff89407ad487986f8b37b9035d6bc8b51cacd5832200) [delegatecall]
    │   │   │   │   │   │   └─ ← [Return] 0x000000000000000000000000000000000000000000000001f08b7e9eeeda1da3
    │   │   │   │   │   ├─ emit Nav(idle: 27054127125874262601 [2.705e19], debt: 135191700838578181445160 [1.351e23], totalSupply: 115769376835593814611520 [1.157e23])
    │   │   │   │   │   └─ ← [Return] 0x0000000000000000000000000000000000000000000000013e2b4e4b97c1a446
    │   │   │   │   ├─ [1682] Autopool4626::totalSupply() [delegatecall]
    │   │   │   │   │   ├─ [953] AutopoolFees::3906c18f(17264fbcd79a365fd3ccff89407ad487986f8b37b9035d6bc8b51cacd5832200) [delegatecall]
    │   │   │   │   │   │   └─ ← [Return] 0x000000000000000000000000000000000000000000000001f08b7e9eeeda1da3
    │   │   │   │   │   └─ ← [Return] 115769376835593814611520 [1.157e23]
    │   │   │   │   ├─ [794] Autopool4626::20bf782e(17264fbcd79a365fd3ccff89407ad487986f8b37b9035d6bc8b51cacd58322210000000000000000000000000000000000000000000000000000000000000001) [delegatecall]
    │   │   │   │   │   └─ ← [Return] 0x000000000000000000000000000000000000000000001ca424efc56b46addd39
    │   │   │   │   └─ ← [Return] 22926504414635205702 [2.292e19]
    │   │   │   └─ ← [Return] 22926504414635205702 [2.292e19]
    │   │   ├─ [946275214] TransparentUpgradeableProxy::fallback(22926504414635205702 [2.292e19]) [staticcall]
    │   │   │   ├─ [946274427] AutopoolETH::previewRedeem(22926504414635205702 [2.292e19]) [delegatecall]
    │   │   │   │   ├─ [946273123] AutopoolDebt::5917e2a6(17264fbcd79a365fd3ccff89407ad487986f8b37b9035d6bc8b51cacd583220000000000000000000000000000000000000000000000000000000000000000000000000000000000000000000000000000000000000000000000000000000000000000000000000000000000000000000000000000000000000000000000000000000000000000000000000000000000000000000000000000000000000000a000000000000000000000000000000000000000000000000000000000000000244cdad5060000000000000000000000000000000000000000000000013e2b4e4b97c1a44600000000000000000000000000000000000000000000000000000000) [delegatecall]
    │   │   │   │   │   ├─ [946271642] TransparentUpgradeableProxy::fallback(22926504414635205702 [2.292e19])
    │   │   │   │   │   │   ├─ [946270855] AutopoolETH::previewRedeem(22926504414635205702 [2.292e19]) [delegatecall]
    │   │   │   │   │   │   │   ├─ [7489] AutopoolDebt::378847bb(17264fbcd79a365fd3ccff89407ad487986f8b37b9035d6bc8b51cacd58322000000000000000000000000000000000000000000000000000000000000000002) [delegatecall]
    │   │   │   │   │   │   │   │   ├─ [1247] WithdrawalQueue::d0a94d2c(17264fbcd79a365fd3ccff89407ad487986f8b37b9035d6bc8b51cacd583220c) [delegatecall]
    │   │   │   │   │   │   │   │   │   ├─ [509] StructuredLinkedList::332306c0(17264fbcd79a365fd3ccff89407ad487986f8b37b9035d6bc8b51cacd583220c) [delegatecall]
    │   │   │   │   │   │   │   │   │   │   └─ ← [Return] 0x000000000000000000000000116b3e86f2b04c21605c5fc4b95ba6a82dbf8f3e
    │   │   │   │   │   │   │   │   │   └─ ← [Return] 0x000000000000000000000000116b3e86f2b04c21605c5fc4b95ba6a82dbf8f3e
    │   │   │   │   │   │   │   │   ├─ [4622] TransparentUpgradeableProxy::fallback(2) [staticcall]
    │   │   │   │   │   │   │   │   │   ├─ [3833] AutopoolETH::totalAssets(2) [delegatecall]
    │   │   │   │   │   │   │   │   │   │   ├─ [2843] Autopool4626::20bf782e(17264fbcd79a365fd3ccff89407ad487986f8b37b9035d6bc8b51cacd58322210000000000000000000000000000000000000000000000000000000000000002) [delegatecall]
    │   │   │   │   │   │   │   │   │   │   │   └─ ← [Return] 0x000000000000000000000000000000000000000000001ca04d7105dc3c11d3b5
    │   │   │   │   │   │   │   │   │   │   └─ ← [Return] 135183320820000341742517 [1.351e23]
    │   │   │   │   │   │   │   │   │   └─ ← [Return] 135183320820000341742517 [1.351e23]
    │   │   │   │   │   │   │   │   └─ ← [Return] 0x000000000000000000000000000000000000000000001ca04d7105dc3c11d3b5
    │   │   │   │   │   │   │   ├─ [1682] Autopool4626::totalSupply() [delegatecall]
    │   │   │   │   │   │   │   │   ├─ [953] AutopoolFees::3906c18f(17264fbcd79a365fd3ccff89407ad487986f8b37b9035d6bc8b51cacd5832200) [delegatecall]
    │   │   │   │   │   │   │   │   │   └─ ← [Return] 0x000000000000000000000000000000000000000000000001f08b7e9eeeda1da3
    │   │   │   │   │   │   │   │   └─ ← [Return] 115769376835593814611520 [1.157e23]
    │   │   │   │   │   │   │   ├─ [8611] AutopoolDebt::5917e2a6(17264fbcd79a365fd3ccff89407ad487986f8b37b9035d6bc8b51cacd583220000000000000000000000000000000000000000000000000000000000000000000000000000000000000000000000000000000000000000017386480a0a2aef24000000000000000000000000000000000000000000001ca04d7105dc3c11d3b500000000000000000000000000000000000000000000000000000000000000a000000000000000000000000000000000000000000000000000000000000000244cdad5060000000000000000000000000000000000000000000000013e2b4e4b97c1a44600000000000000000000000000000000000000000000000000000000) [delegatecall]
    │   │   │   │   │   │   │   │   ├─ [3108] TransparentUpgradeableProxy::fallback() [staticcall]
    │   │   │   │   │   │   │   │   │   ├─ [2322] AutopoolETH::totalSupply() [delegatecall]
    │   │   │   │   │   │   │   │   │   │   ├─ [1682] Autopool4626::totalSupply() [delegatecall]
    │   │   │   │   │   │   │   │   │   │   │   ├─ [953] AutopoolFees::3906c18f(17264fbcd79a365fd3ccff89407ad487986f8b37b9035d6bc8b51cacd5832200) [delegatecall]
    │   │   │   │   │   │   │   │   │   │   │   │   └─ ← [Return] 0x000000000000000000000000000000000000000000000001f08b7e9eeeda1da3
    │   │   │   │   │   │   │   │   │   │   │   └─ ← [Return] 115769376835593814611520 [1.157e23]
    │   │   │   │   │   │   │   │   │   │   └─ ← [Return] 115769376835593814611520 [1.157e23]
    │   │   │   │   │   │   │   │   │   └─ ← [Return] 115769376835593814611520 [1.157e23]
    │   │   │   │   │   │   │   │   ├─ [1862] TransparentUpgradeableProxy::fallback(26771164242907950884 [2.677e19], 135183320820000341742517 [1.351e23], 115769376835593814611520 [1.157e23], 1) [staticcall]
    │   │   │   │   │   │   │   │   │   ├─ [1058] AutopoolETH::convertToShares(26771164242907950884 [2.677e19], 135183320820000341742517 [1.351e23], 115769376835593814611520 [1.157e23], 1) [delegatecall]
    │   │   │   │   │   │   │   │   │   │   └─ ← [Return] 22926504414635205702 [2.292e19]
    │   │   │   │   │   │   │   │   │   └─ ← [Return] 22926504414635205702 [2.292e19]
    │   │   │   │   │   │   │   │   └─ ← [StateChangeDuringStaticCall] unrecognized function selector 0x5917e2a6 for contract 0x2016E96297474F14cc2E4EeEca4A425F700BE458, which has no fallback function.
    │   │   │   │   │   │   │   └─ ← [Revert] EvmError: Revert
    │   │   │   │   │   │   └─ ← [Revert] EvmError: Revert
    │   │   │   │   │   └─ ← [Revert] unrecognized function selector 0x5917e2a6 for contract 0x2016E96297474F14cc2E4EeEca4A425F700BE458, which has no fallback function.
    │   │   │   │   └─ ← [Revert] EvmError: Revert
    │   │   │   └─ ← [Revert] EvmError: Revert
    │   │   └─ ← [Revert] EvmError: Revert
    │   └─ ← [Revert] EvmError: Revert
    └─ ← [Revert] EvmError: Revert



== Logs ==
  ==========================================
   ResetAndRewire (story 060, step 3)
  ==========================================
  Chain ID:           1
  Owner (ledger):     0xCad1a7864a108DBFF67F4b8af71fAB0C7A86D0B6
  
  ysDolaV2:     0xc4D5F377c1dD84BF131348a70287AA241588c7c7
  ysUsdcV2:     0x0C2d75165bd5cf7B0e5Dcdc5799Da056a4E56a8a
  tempStaker:   0xAb510b164e425F055De94C75B5fCcc4669546EC1
  migrator2:    0xd263E31873202605bD46E6dDFd82F1bA214DfFfC
  
  Preflight OK
    original DOLA stakers: 0, totalStaked: 0
    original USDC stakers: 0, totalStaked: 0
  *** PREVIEW MODE - impersonating owner, NO broadcast ***
  
  === Step 1: finalizeAndReset ===
    finalizeAndReset(DOLA) done
    finalizeAndReset(USDC) done
  
  === Step 2: setYieldStrategy (V2) ===
Error: script failed: <empty revert data>
