No files changed, compilation skipped

Ran 3 tests for test/symbolic/Run15_Sanity2.t.sol:Run15Sanity2Test
[PASS] test_sanity2_p2() (gas: 426551)
[PASS] test_sanity2_p2b() (gas: 445346)
[PASS] test_sanity2_p2c() (gas: 448236)
Suite result: ok. 3 passed; 0 failed; 0 skipped; finished in 1.90ms (1.16ms CPU time)

Ran 6 tests for test/symbolic/Run15_ProbeCases.t.sol:Run15ProbeCases
[PASS] test_p4_case1_codelessDestinationPassesBothGates() (gas: 1393042)
[PASS] test_p4_case2_bothProbesRevert() (gas: 2023248)
[PASS] test_p4_case3_shortReturndataFailsOpen() (gas: 2035184)
[PASS] test_p4_case4_asymmetricBandGate2Bites() (gas: 2005408)
[PASS] test_p4_case5_emptyRegistryIsHonest() (gas: 2004122)
[PASS] test_p4_case6_doorOpenButMigrateCannotComplete() (gas: 1501798)
Suite result: ok. 6 passed; 0 failed; 0 skipped; finished in 2.16ms (2.05ms CPU time)

Ran 3 tests for test/symbolic/Run15_Sanity.t.sol:Run15SanityTest
[PASS] test_sanity_p2() (gas: 430032)
[PASS] test_sanity_p2b() (gas: 435282)
[PASS] test_sanity_p3() (gas: 7395184)
Suite result: ok. 3 passed; 0 failed; 0 skipped; finished in 2.30ms (1.73ms CPU time)

Ran 3 test suites in 12.59ms (6.36ms CPU time): 12 tests passed, 0 failed, 0 skipped (12 total tests)
