Compiling 3 files with Solc 0.8.30
Solc 0.8.30 finished in 6.15s
Compiler run successful with warnings:
Warning (2018): Function state mutability can be restricted to pure
   --> script/helpers/StableStakerCutoverCore.sol:267:5:
    |
267 |     function _logPlan(address token, PoolPlan memory plan) internal view {
    |     ^ (Relevant source part starts here and spans across multiple lines).

Script ran successfully.

== Logs ==
  =================================================
    MAINNET STABLESTAKER V1 -> V2 CUTOVER (story 082)
  =================================================
  No progress file - starting fresh
  
=== Phase 0: preconditions ===
    token: 0x865377367054516e17014CcdED1e7d814EDC9ce4 DOLA
      V1 poolState / stakerCount / totalStaked: 0 9 1222727602453502485450
      strategy / principalOf(V1): 0x1760E05356Ec1FBBA159C730781dCfB9920524e2 1249626058196412698895
      V1 phusdPerSecond / C (phUSD per day): 10850694444444 937499999999961600
      setAsideBufferSize(V1) %: 10
      setAsideBufferRecipient: 0xbce8ABC09BaEDCabE93419bF875f6186e182079A
      V1 idle token balance (buffer, stays on V1): 6997032072106485771
      PhusdStableMinter registration: strategy 0x1760E05356Ec1FBBA159C730781dCfB9920524e2
    token: 0xA0b86991c6218b36c1d19D4a2e9Eb0cE3606eB48 USDC
      V1 poolState / stakerCount / totalStaked: 0 13 1966476179
      strategy / principalOf(V1): 0xaFDf8DeA96a0F37Aae4869f813901bf73a3eAB83 1993519564
      V1 phusdPerSecond / C (phUSD per day): 15190972222221 1312499999999894400
      setAsideBufferSize(V1) %: 10
      setAsideBufferRecipient: 0xbce8ABC09BaEDCabE93419bF875f6186e182079A
      V1 idle token balance (buffer, stays on V1): 10430694
      PhusdStableMinter registration: strategy 0xaFDf8DeA96a0F37Aae4869f813901bf73a3eAB83
    token: 0x4c9EDD5852cd905f086C759E8383e09bff1E68B3 USDe
      V1 poolState / stakerCount / totalStaked: 0 7 2566815465400000000000
      strategy / principalOf(V1): 0xaC2e5936Eca286eC364d4D5Bcca33145fBe57f95 2566815465400000000000
      V1 phusdPerSecond / C (phUSD per day): 21701388888888 1874999999999923200
      setAsideBufferSize(V1) %: 25
      setAsideBufferRecipient: NONE (pre-story-047 strategy: buffer is paid to each client)
      V1 idle token balance (buffer, stays on V1): 49845539781409382100
      PhusdStableMinter registration: strategy 0xaC2e5936Eca286eC364d4D5Bcca33145fBe57f95
    V1 phUSD mint authorized: true
    phUSD minter baseline (live) mask / mintVersion: 511 0
  GLOBAL_PAUSE|phase0|SUCCEEDED|registered=26
    ETH_BUDGET|gasBudget / gasPriceWei / requiredWei: 22000000 300000000 7920000000000000
    ETH_BUDGET|SHORTFALL|OWNER balance / shortfall wei (TOP UP BEFORE :broadcast): 6424919451687286 1495080548312714
  
  *** PREVIEW MODE - impersonating OWNER, nothing signed, nothing broadcast ***
  *** Progress file is READ if present, NEVER written ***
  
=== Phase 1: retire V1 (pauser OWNER, unregister, pause) ===
    Pauser.unregister(V1) - retired staker removed from the global pause registry
    V1 pauser OWNER, unregistered from Pauser, paused - global Pauser.pause() live again
  GLOBAL_PAUSE|after-phase1|SUCCEEDED|registered=25
  
=== Phase 2: Antimatter ===
    Antimatter deployed at: 0x89a643657eF820D816C2A15e7e57E13C89969995
    progress serialised (preview: NOT written); bytes: 450
    Antimatter wired to phUSD + PhusdStableMinter (read back)
  GLOBAL_PAUSE|after-phase2|SUCCEEDED|registered=25
  
=== Phase 3: StableStakerV2 ===
    StableStakerV2 deployed at: 0x2F6B5F5D303772e8219c3d86fb2Be6575c8e7Cc0
    progress serialised (preview: NOT written); bytes: 449
    V2 paused (pauser temporarily OWNER)
  GLOBAL_PAUSE|after-phase3|SUCCEEDED|registered=25
  
=== Phase 4: V2 pools (from V1 live config) ===
    -- pool 0x865377367054516e17014CcdED1e7d814EDC9ce4 DOLA
      C (V1 phUSD/day) / Antimatter/day (2.1x): 937499999999961600 1968749999999919360
      antimatterPerSecond / setAsideBuffer %: 22786458333332 10
    -- pool 0xA0b86991c6218b36c1d19D4a2e9Eb0cE3606eB48 USDC
      C (V1 phUSD/day) / Antimatter/day (2.1x): 1312499999999894400 2756249999999778240
      antimatterPerSecond / setAsideBuffer %: 31901041666664 10
    -- pool 0x4c9EDD5852cd905f086C759E8383e09bff1E68B3 USDe
      C (V1 phUSD/day) / Antimatter/day (2.1x): 1874999999999923200 3937499999999838720
      antimatterPerSecond / setAsideBuffer %: 45572916666664 25
  GLOBAL_PAUSE|after-phase4|SUCCEEDED|registered=25
  
=== Phase 5: mint rights ===
    Antimatter.setApprovedMinter(V2) - VERIFIED by read-back
    phUSD.setMinter(V2) - VERIFIED via phUSDMintAvailable()
    phUSD.setMinter(Antimatter) - VERIFIED at current mintVersion
    phUSD minter delta OK (live mask / V1 revoked): 511 false
  GLOBAL_PAUSE|after-phase5|SUCCEEDED|registered=25
  
=== Phase 6: V1 -> V2 migration ===
    CrossVersionMigrator deployed at: 0x2C29215baD32E08297BB1b9D4A1BE55c9B778Dc9
    progress serialised (preview: NOT written); bytes: 448
    -- migrating pool 0x865377367054516e17014CcdED1e7d814EDC9ce4 DOLA
    relinquished V1 principal surplus (token / surplus): 0x865377367054516e17014CcdED1e7d814EDC9ce4 26898455742910213445
    V1 initiateMigration (token / R realized / P snapshot): 0x865377367054516e17014CcdED1e7d814EDC9ce4 1222669637024202235699 1222727602453502485450
    plan (token / migratable / zero-credit): 0x865377367054516e17014CcdED1e7d814EDC9ce4 9 0
    plan stragglers (count / principal total): 0 0
    migrated (token / users / batches): 0x865377367054516e17014CcdED1e7d814EDC9ce4 9 1
    exit realization (token / R realized / P snapshot): 0x865377367054516e17014CcdED1e7d814EDC9ce4 1222669637024202235699 1222727602453502485450
      loss bound bps / V2 totalStaked: 2 1222611470718702162733
    post-migration OK (token / V2 totalStaked / V2 stakers): 0x865377367054516e17014CcdED1e7d814EDC9ce4 1222611470718702162733 9
    -- migrating pool 0xA0b86991c6218b36c1d19D4a2e9Eb0cE3606eB48 USDC
    relinquished V1 principal surplus (token / surplus): 0xA0b86991c6218b36c1d19D4a2e9Eb0cE3606eB48 27043385
    V1 initiateMigration (token / R realized / P snapshot): 0xA0b86991c6218b36c1d19D4a2e9Eb0cE3606eB48 1966404164 1966476179
    plan (token / migratable / zero-credit): 0xA0b86991c6218b36c1d19D4a2e9Eb0cE3606eB48 13 0
    plan stragglers (count / principal total): 0 0
    migrated (token / users / batches): 0xA0b86991c6218b36c1d19D4a2e9Eb0cE3606eB48 13 1
    exit realization (token / R realized / P snapshot): 0xA0b86991c6218b36c1d19D4a2e9Eb0cE3606eB48 1966404164 1966476179
      loss bound bps / V2 totalStaked: 2 1966332129
    post-migration OK (token / V2 totalStaked / V2 stakers): 0xA0b86991c6218b36c1d19D4a2e9Eb0cE3606eB48 1966332129 13
    -- migrating pool 0x4c9EDD5852cd905f086C759E8383e09bff1E68B3 USDe
    market exit pre-quote (shares / quote / minOut): 2056125537638714350140 2565850122745184805918 2559115019003799999999
    V1 initiateMigration (token / R realized / P snapshot): 0x4c9EDD5852cd905f086C759E8383e09bff1E68B3 2565850122745184805919 2566815465400000000000
    plan (token / migratable / zero-credit): 0x4c9EDD5852cd905f086C759E8383e09bff1E68B3 7 0
    plan stragglers (count / principal total): 0 0
    migrated (token / users / batches): 0x4c9EDD5852cd905f086C759E8383e09bff1E68B3 7 1
    exit realization (token / R realized / P snapshot): 0x4c9EDD5852cd905f086C759E8383e09bff1E68B3 2565850122745184805919 2566815465400000000000
      loss bound bps / V2 totalStaked: 61 2558152572376949251495
    post-migration OK (token / V2 totalStaked / V2 stakers): 0x4c9EDD5852cd905f086C759E8383e09bff1E68B3 2558152572376949251495 7
  GLOBAL_PAUSE|after-phase6|SUCCEEDED|registered=25
  
=== Phase 7: finalize ===
    setAsideBufferRecipient -> V2 on strategy: 0x1760E05356Ec1FBBA159C730781dCfB9920524e2
    setAsideBufferRecipient -> V2 on strategy: 0xaFDf8DeA96a0F37Aae4869f813901bf73a3eAB83
    phUSD.setMinter(V1, false) - retired staker's mint authority REVOKED
    V1 already unregistered from Pauser - skipped
    V1 already paused - pause step skipped
    V1 pauser -> OWNER, unregistered from Pauser, left paused; V2 unpaused THEN registered; Antimatter registered
  GLOBAL_PAUSE|after-phase7|SUCCEEDED|registered=27
  
=== Phase 8: wiring assertions ===
    phUSD minter delta OK (live mask / V1 revoked): 510 true
    pool OK (token / V2 stakers / V1 stragglers): 0x865377367054516e17014CcdED1e7d814EDC9ce4 9 0
    pool OK (token / V2 stakers / V1 stragglers): 0xA0b86991c6218b36c1d19D4a2e9Eb0cE3606eB48 13 0
    pool OK (token / V2 stakers / V1 stragglers): 0x4c9EDD5852cd905f086C759E8383e09bff1E68B3 7 0
    Pauser registrant sweep OK (every registrant unpaused, pauser == Pauser): 27
    all wiring assertions passed
  
  PREVIEW: progress file NOT written (by design).
  GLOBAL_PAUSE|after-phase8|SUCCEEDED|registered=27
  
=== Preview smoke tests ===
    Antimatter: throwaway approved -> minted -> revoked -> mint REVERTS
    Antimatter: V2 revoked -> mint REVERTS -> V2 re-approved
    V2 stake/withdraw OK (token / credited / returned): 0x865377367054516e17014CcdED1e7d814EDC9ce4 99995268141673495056 99990536283346990111
    V2 stake/withdraw OK (token / credited / returned): 0xA0b86991c6218b36c1d19D4a2e9Eb0cE3606eB48 99996338 99992676
    V2 stake/withdraw OK (token / credited / returned): 0x4c9EDD5852cd905f086C759E8383e09bff1E68B3 99700000000000000000 99669224301561154205
    autoAnnihilate OK (Antimatter owed / phUSD paid): 6151108735856431 12302217471712862
    all smoke tests passed
  
  =================================================
          STABLESTAKER V2 CUTOVER SUMMARY
  =================================================
  Antimatter:            0x89a643657eF820D816C2A15e7e57E13C89969995
  StableStakerV2:        0x2F6B5F5D303772e8219c3d86fb2Be6575c8e7Cc0
  CrossVersionMigrator:  0x2C29215baD32E08297BB1b9D4A1BE55c9B778Dc9 (transient, no address-book key)
  Mode:                  PREVIEW
