No files changed, compilation skipped
warning: invalid natspec tag '@deprecated', custom tags must use format '@custom:name'
 --> src/views/DepositView.sol:4:1
  |
4 | / /**
5 | |  * @deprecated This contract is deprecated in favor of ViewRouter + DepositPageView.
6 | |  * The ViewRouter architecture provides a generic, extensible page-view dispatch system.
7 | |  * DepositPageView implements the same 7 fields via the IPageView interface.
8 | |  * This contract will be removed after phlimbo-ui has migrated to ViewRouter.
9 | |  */
  | |___^


Ran 16 tests for test/StableStakerCutoverDust.t.sol:StableStakerCutoverDustTest
[PASS] test_dustStraggler_leftBehindUnderCap_batchDoesNotRevert() (gas: 1359859)
[PASS] test_erc4626Predicate_boundary() (gas: 52403)
[PASS] test_fork_marketPredicate() (gas: 320910)
[PASS] test_principalSurplus_relinquishedBeforeInitiate() (gas: 414139)
[PASS] test_realizationBound_cleanMigrationPasses() (gas: 724215)
[PASS] test_realizationBound_resumeLegHaircutReverts() (gas: 768380)
[PASS] test_realizationBound_singleLegHaircutReverts() (gas: 743070)
[PASS] test_realizationBound_stragglersLeftBehindPass() (gas: 925664)
[PASS] test_realizationBound_unitMath() (gas: 10085)
[PASS] test_realizationBound_withinBoundHaircutPasses() (gas: 741064)
[PASS] test_resumeLegs_areIdempotent() (gas: 924313)
[PASS] test_selfExitBeforeMigrateLeg_freshLegPasses() (gas: 918092)
[PASS] test_selfExitBetweenInitiateAndMigrate_passes() (gas: 910675)
[PASS] test_selfExitWithBeyondBoundHaircut_reverts() (gas: 933600)
[PASS] test_stragglerAboveCap_stopsAndReports() (gas: 447265)
[PASS] test_zeroCreditUser_isMigratedNotStranded() (gas: 920687)
Suite result: ok. 16 passed; 0 failed; 0 skipped; finished in 1.20s (1.20s CPU time)

Ran 19 tests for test/CutoverStableStakerV2Mainnet.fork.t.sol:CutoverStableStakerV2MainnetForkTest
[PASS] test_ethBudget_math() (gas: 27467684)
[PASS] test_ethPreflight_wiring() (gas: 143362292)
[PASS] test_fork_breakerProbe_everyPauseStateTx_phases1_3_7() (gas: 55867544)
[PASS] test_fork_ethPreflight_scenarios() (gas: 53505930)
[PASS] test_fork_fullPreview_globalPauseAfterEveryPhase() (gas: 53461499)
[PASS] test_fork_oldOrdering_bricksGlobalPause() (gas: 28031756)
[PASS] test_fork_pausedRegistrant_phase0SimulationRevertsNamingIt() (gas: 29371218)
[PASS] test_fork_phase7Halt_afterRegisterV2_resumeConverges() (gas: 56074480)
[PASS] test_fork_phase7Halt_afterSetPauser_resumeConverges() (gas: 56088966)
[PASS] test_fork_phase7Halt_afterUnpause_resumeConverges() (gas: 56083334)
[PASS] test_fork_phase7_breakerLiveAfterEveryStep() (gas: 51152289)
[PASS] test_fork_phase7_oldOrder_bricksBreaker() (gas: 46897558)
[PASS] test_fork_resume_pausedButRegistered_converges() (gas: 53944003)
[PASS] test_fork_simulatedPause_isSnapshotIsolated() (gas: 28953435)
[PASS] test_fork_toleranceIsV1Only() (gas: 31204656)
[PASS] test_fork_windowClosed_afterPhase1() (gas: 28761336)
[PASS] test_ownerEthReader_usesEthGetBalanceNotEvmBalance() (gas: 46966023)
[PASS] test_pauseStateCallSites_enumerated() (gas: 337974757)
[PASS] test_phase7SourceOrder_unpauseBeforeRegister() (gas: 220539213)
Suite result: ok. 19 passed; 0 failed; 0 skipped; finished in 22.92s (41.41s CPU time)

Ran 20 tests for test/VerifyStableStakerV2CutoverGuards.t.sol:VerifyStableStakerV2CutoverGuardsTest
[PASS] test_broadcastChainsVerifyBeforePreview() (gas: 19455629)
[PASS] test_fork_F01_clean_passes() (gas: 38309544)
[PASS] test_fork_F01_haircut1bps_withinBoundPasses() (gas: 38351560)
[PASS] test_fork_F01_haircut5bps_resumeShapeFailsClosed() (gas: 38351686)
[PASS] test_fork_allStakersSelfExit_thenOrganicV2Stake_verifierPasses() (gas: 66910518)
[PASS] test_fork_cleanCompletedState_verifierPasses() (gas: 76496857)
[PASS] test_fork_emptyLogFetch_vacuityGuardStillFires() (gas: 58213991)
[PASS] test_fork_liveEthGetLogsChunkedFetchWorks() (gas: 11596766)
[PASS] test_fork_missingDepositedFor_verifierReverts() (gas: 75448950)
[PASS] test_fork_plantedV1Staker_verifierRevertsNamingUser() (gas: 75196793)
[PASS] test_fork_selfExitBetweenInitiateAndMigrate_verifierPassesEndToEnd() (gas: 68690572)
[PASS] test_fork_selfExitControl_noSelfExit_verifierPasses() (gas: 68711178)
[PASS] test_fork_selfExitThenHalt_resumeCompletesAndVerifies() (gas: 69688919)
[PASS] test_fork_v1MintRegranted_verifierReverts() (gas: 74831280)
[PASS] test_fork_v1Unretired_verifierReverts() (gas: 74269267)
[PASS] test_fork_v2Paused_verifierReverts() (gas: 74827308)
[PASS] test_verifierIsReadOnly() (gas: 204046932)
[PASS] test_verifierNeverCallsInheritedMutators() (gas: 176329250)
[PASS] test_verifierNeverTrustsProgressStatus() (gas: 25363211)
[PASS] test_verifierWiresSharedChecks() (gas: 61494886)
Suite result: ok. 20 passed; 0 failed; 0 skipped; finished in 26.28s (49.80s CPU time)

Ran 3 test suites in 27.48s (50.39s CPU time): 55 tests passed, 0 failed, 0 skipped (55 total tests)
