No files changed, compilation skipped

Ran 5 tests for test/invariant/CrossVersionMigration.invariant.t.sol:CrossVersionMigrationInvariants
[PASS] invariant_01_migratorTokenConservation() (runs: 1500, calls: 750000, reverts: 0)

╭------------+------------------+-------+---------+----------╮
| Contract   | Selector         | Calls | Reverts | Discards |
+============================================================+
| CVMHandler | claimReward      | 83614 | 0       | 0        |
|------------+------------------+-------+---------+----------|
| CVMHandler | donateToMigrator | 83079 | 0       | 0        |
|------------+------------------+-------+---------+----------|
| CVMHandler | migrateBatch     | 83301 | 0       | 0        |
|------------+------------------+-------+---------+----------|
| CVMHandler | restartEpoch     | 83189 | 0       | 0        |
|------------+------------------+-------+---------+----------|
| CVMHandler | selfMigrate      | 83104 | 0       | 0        |
|------------+------------------+-------+---------+----------|
| CVMHandler | setDestSlippage  | 83929 | 0       | 0        |
|------------+------------------+-------+---------+----------|
| CVMHandler | stakeDai         | 83154 | 0       | 0        |
|------------+------------------+-------+---------+----------|
| CVMHandler | warpTime         | 83212 | 0       | 0        |
|------------+------------------+-------+---------+----------|
| CVMHandler | withdrawDai      | 83418 | 0       | 0        |
╰------------+------------------+-------+---------+----------╯

Logs:
  migrate calls            49
    of which non-empty     37
  migrate reverts          0
  userMigrate calls        23
  total migrated (batch)   31597790298
  total self-migrated      7251601955
  epochs started           19
  Sigma R over epochs      39995767264
  donated to migrator      24375477166
  phUSD minted             13031247214423735299529238
  dai stakes / claims      49 26
  elapsed seconds          17298650
  emission budget (tight)  30483975000000000000000000
  zero-credit batch kills  0
  pool revivals            18
  dust rescued pre-rewire  63

[PASS] invariant_02_noOverMintAcrossTheHop() (runs: 1500, calls: 750000, reverts: 0)

╭------------+------------------+-------+---------+----------╮
| Contract   | Selector         | Calls | Reverts | Discards |
+============================================================+
| CVMHandler | claimReward      | 83333 | 0       | 0        |
|------------+------------------+-------+---------+----------|
| CVMHandler | donateToMigrator | 83495 | 0       | 0        |
|------------+------------------+-------+---------+----------|
| CVMHandler | migrateBatch     | 83145 | 0       | 0        |
|------------+------------------+-------+---------+----------|
| CVMHandler | restartEpoch     | 83271 | 0       | 0        |
|------------+------------------+-------+---------+----------|
| CVMHandler | selfMigrate      | 83285 | 0       | 0        |
|------------+------------------+-------+---------+----------|
| CVMHandler | setDestSlippage  | 83505 | 0       | 0        |
|------------+------------------+-------+---------+----------|
| CVMHandler | stakeDai         | 83365 | 0       | 0        |
|------------+------------------+-------+---------+----------|
| CVMHandler | warpTime         | 83309 | 0       | 0        |
|------------+------------------+-------+---------+----------|
| CVMHandler | withdrawDai      | 83292 | 0       | 0        |
╰------------+------------------+-------+---------+----------╯

Logs:
  migrate calls            51
    of which non-empty     39
  migrate reverts          0
  userMigrate calls        27
  total migrated (batch)   24906696456
  total self-migrated      8850296081
  epochs started           20
  Sigma R over epochs      35598560379
  donated to migrator      17036145021
  phUSD minted             12721614464620918721405488
  dai stakes / claims      66 26
  elapsed seconds          19342908
  emission budget (tight)  33809562000000000000000000
  zero-credit batch kills  0
  pool revivals            19
  dust rescued pre-rewire  60

[PASS] invariant_03_noDoubleCredit() (runs: 1500, calls: 750000, reverts: 0)

╭------------+------------------+-------+---------+----------╮
| Contract   | Selector         | Calls | Reverts | Discards |
+============================================================+
| CVMHandler | claimReward      | 83117 | 0       | 0        |
|------------+------------------+-------+---------+----------|
| CVMHandler | donateToMigrator | 83476 | 0       | 0        |
|------------+------------------+-------+---------+----------|
| CVMHandler | migrateBatch     | 83508 | 0       | 0        |
|------------+------------------+-------+---------+----------|
| CVMHandler | restartEpoch     | 83265 | 0       | 0        |
|------------+------------------+-------+---------+----------|
| CVMHandler | selfMigrate      | 83521 | 0       | 0        |
|------------+------------------+-------+---------+----------|
| CVMHandler | setDestSlippage  | 83240 | 0       | 0        |
|------------+------------------+-------+---------+----------|
| CVMHandler | stakeDai         | 83448 | 0       | 0        |
|------------+------------------+-------+---------+----------|
| CVMHandler | warpTime         | 83225 | 0       | 0        |
|------------+------------------+-------+---------+----------|
| CVMHandler | withdrawDai      | 83200 | 0       | 0        |
╰------------+------------------+-------+---------+----------╯

Logs:
  migrate calls            55
    of which non-empty     40
  migrate reverts          0
  userMigrate calls        19
  total migrated (batch)   32238155656
  total self-migrated      6256680540
  epochs started           18
  Sigma R over epochs      38494836254
  donated to migrator      12232212107
  phUSD minted             16936972948224657682136754
  dai stakes / claims      48 38
  elapsed seconds          25635447
  emission budget (tight)  42538515000000000000000000
  zero-credit batch kills  0
  pool revivals            17
  dust rescued pre-rewire  55

[PASS] invariant_05_solvency() (runs: 1500, calls: 750000, reverts: 0)

╭------------+------------------+-------+---------+----------╮
| Contract   | Selector         | Calls | Reverts | Discards |
+============================================================+
| CVMHandler | claimReward      | 83128 | 0       | 0        |
|------------+------------------+-------+---------+----------|
| CVMHandler | donateToMigrator | 83370 | 0       | 0        |
|------------+------------------+-------+---------+----------|
| CVMHandler | migrateBatch     | 83240 | 0       | 0        |
|------------+------------------+-------+---------+----------|
| CVMHandler | restartEpoch     | 83445 | 0       | 0        |
|------------+------------------+-------+---------+----------|
| CVMHandler | selfMigrate      | 83388 | 0       | 0        |
|------------+------------------+-------+---------+----------|
| CVMHandler | setDestSlippage  | 83097 | 0       | 0        |
|------------+------------------+-------+---------+----------|
| CVMHandler | stakeDai         | 83076 | 0       | 0        |
|------------+------------------+-------+---------+----------|
| CVMHandler | warpTime         | 83276 | 0       | 0        |
|------------+------------------+-------+---------+----------|
| CVMHandler | withdrawDai      | 83980 | 0       | 0        |
╰------------+------------------+-------+---------+----------╯

Logs:
  migrate calls            53
    of which non-empty     36
  migrate reverts          0
  userMigrate calls        24
  total migrated (batch)   33950436558
  total self-migrated      6345689478
  epochs started           20
  Sigma R over epochs      40296126104
  donated to migrator      12152560469
  phUSD minted             15523327094622277249660000
  dai stakes / claims      64 30
  elapsed seconds          19648566
  emission budget (tight)  33797572000000000000000000
  zero-credit batch kills  0
  pool revivals            19
  dust rescued pre-rewire  67

[PASS] invariant_06_oldPoolAccountingConsistent() (runs: 1500, calls: 750000, reverts: 0)

╭------------+------------------+-------+---------+----------╮
| Contract   | Selector         | Calls | Reverts | Discards |
+============================================================+
| CVMHandler | claimReward      | 82853 | 0       | 0        |
|------------+------------------+-------+---------+----------|
| CVMHandler | donateToMigrator | 83231 | 0       | 0        |
|------------+------------------+-------+---------+----------|
| CVMHandler | migrateBatch     | 83139 | 0       | 0        |
|------------+------------------+-------+---------+----------|
| CVMHandler | restartEpoch     | 83635 | 0       | 0        |
|------------+------------------+-------+---------+----------|
| CVMHandler | selfMigrate      | 83458 | 0       | 0        |
|------------+------------------+-------+---------+----------|
| CVMHandler | setDestSlippage  | 83554 | 0       | 0        |
|------------+------------------+-------+---------+----------|
| CVMHandler | stakeDai         | 83673 | 0       | 0        |
|------------+------------------+-------+---------+----------|
| CVMHandler | warpTime         | 83640 | 0       | 0        |
|------------+------------------+-------+---------+----------|
| CVMHandler | withdrawDai      | 82817 | 0       | 0        |
╰------------+------------------+-------+---------+----------╯

Logs:
  migrate calls            57
    of which non-empty     43
  migrate reverts          0
  userMigrate calls        24
  total migrated (batch)   35628714053
  total self-migrated      8996721692
  epochs started           22
  Sigma R over epochs      46522529699
  donated to migrator      14879627879
  phUSD minted             13387292515014271805541447
  dai stakes / claims      59 24
  elapsed seconds          21418435
  emission budget (tight)  37441252500000000000000000
  zero-credit batch kills  0
  pool revivals            21
  dust rescued pre-rewire  62

Suite result: ok. 5 passed; 0 failed; 0 skipped; finished in 1284.25s (2785.23s CPU time)

Ran 1 test suite in 1284.25s (1284.25s CPU time): 5 tests passed, 0 failed, 0 skipped (5 total tests)
FORGE_EXIT=0
