initiate exit=0
base nonce 1644 execute nonce 1687
leg1 forge exit=1
after halt: V2 paused? minter principal 14594562039048160037533 [1.459e22] withdrawalStates 1789620928 [1.789e9] 1 14594562039048160037533 [1.459e22] 
  effective phase:     expired - rerun initiate-dola-ys-withdrawal:broadcast
== resume :preview
resume preview exit=0
== resume :broadcast, replaying the npm && tail exactly (backup step omitted)
resume :broadcast chain exit=2
:verify NOT reached by the chain
ERROR (2): deploymentStatus is "awaiting_minter_window", expected "completed" (broadcast not finished, or a resume leg is outstanding)
V2 0x8B9482a3ff055d24183B40Dd8BB70fFe3edD4c83 paused=false
mainnet-addresses StableStakerV2 key:   StableStakerV2: "0x0000000000000000000000000000000000000000",
== manual :verify (operator must know to run it)
manual verify exit=1
    │   └─ ← [Revert] EvmError: Revert
    │   └─ ← [Revert] EvmError: Revert
    │   └─ ← [Revert] EvmError: Revert
    ├─ [0] console::log("    exit bound bps (source) / per-user bound bps / V2 totalStaked:", 5, 10, 1234668498770261553765 [1.234e21]) [staticcall]
    │   └─ ← [Revert] EvmError: Revert
DONE-PENDING
