No files changed, compilation skipped
Script ran successfully.

== Logs ==
  =========================================
    DOLA strategy withdrawal status (read-only)
  =========================================
  chainid:             1
  strategy:            0x1760E05356Ec1FBBA159C730781dCfB9920524e2
  client (minter):     0x94855ACA13952D81507C92D3CdBb2e25D3bbE60C
  now (unix):          1789620928 2026-09-17 04:55:28 UTC
  strategy paused:     false
  stored status:       1 Initiated
  principal now:       14594562039048160037533
  snapshot balance:    14594562039048160037533
  initiatedAt:         1789340068 2026-09-13 22:54:28 UTC
  executableAt:        1789361668 2026-09-14 04:54:28 UTC
  start deadline:      1789599268 2026-09-16 22:54:28 UTC
    (= expiresAt - WINDOW_SAFETY_MARGIN 6h; the cutover must START strictly before it)
  expiresAt:           1789620868 2026-09-17 04:54:28 UTC
  effective phase:     expired - rerun initiate-dola-ys-withdrawal:broadcast
  minter DOLA yieldStrategy: 0x1760E05356Ec1FBBA159C730781dCfB9920524e2
  minter DOLA enabled:       false
  still registered to 0x1760: true
