'forge clean' running (wd: /home/justin/code/audits/lib/reflax-yield-vault)
'forge config --json' running
'forge build --build-info --skip ./test/** ./script/** --force' running (wd: /home/justin/code/audits/lib/reflax-yield-vault)

Math.mulDiv(uint256,uint256,uint256) (lib/openzeppelin-contracts/contracts/utils/math/Math.sol#204-275) has bitwise-xor operator ^ instead of the exponentiation operator **: 
	 - inverse = (3 * denominator) ^ 2 (lib/openzeppelin-contracts/contracts/utils/math/Math.sol#257)
Reference: https://github.com/crytic/slither/wiki/Detector-Documentation#incorrect-exponentiation

Math.mulDiv(uint256,uint256,uint256) (lib/openzeppelin-contracts/contracts/utils/math/Math.sol#204-275) performs a multiplication on the result of a division:
	- denominator = denominator / twos (lib/openzeppelin-contracts/contracts/utils/math/Math.sol#242)
	- inverse = (3 * denominator) ^ 2 (lib/openzeppelin-contracts/contracts/utils/math/Math.sol#257)
Math.mulDiv(uint256,uint256,uint256) (lib/openzeppelin-contracts/contracts/utils/math/Math.sol#204-275) performs a multiplication on the result of a division:
	- denominator = denominator / twos (lib/openzeppelin-contracts/contracts/utils/math/Math.sol#242)
	- inverse *= 2 - denominator * inverse (lib/openzeppelin-contracts/contracts/utils/math/Math.sol#261)
Math.mulDiv(uint256,uint256,uint256) (lib/openzeppelin-contracts/contracts/utils/math/Math.sol#204-275) performs a multiplication on the result of a division:
	- denominator = denominator / twos (lib/openzeppelin-contracts/contracts/utils/math/Math.sol#242)
	- inverse *= 2 - denominator * inverse (lib/openzeppelin-contracts/contracts/utils/math/Math.sol#262)
Math.mulDiv(uint256,uint256,uint256) (lib/openzeppelin-contracts/contracts/utils/math/Math.sol#204-275) performs a multiplication on the result of a division:
	- denominator = denominator / twos (lib/openzeppelin-contracts/contracts/utils/math/Math.sol#242)
	- inverse *= 2 - denominator * inverse (lib/openzeppelin-contracts/contracts/utils/math/Math.sol#263)
Math.mulDiv(uint256,uint256,uint256) (lib/openzeppelin-contracts/contracts/utils/math/Math.sol#204-275) performs a multiplication on the result of a division:
	- denominator = denominator / twos (lib/openzeppelin-contracts/contracts/utils/math/Math.sol#242)
	- inverse *= 2 - denominator * inverse (lib/openzeppelin-contracts/contracts/utils/math/Math.sol#264)
Math.mulDiv(uint256,uint256,uint256) (lib/openzeppelin-contracts/contracts/utils/math/Math.sol#204-275) performs a multiplication on the result of a division:
	- denominator = denominator / twos (lib/openzeppelin-contracts/contracts/utils/math/Math.sol#242)
	- inverse *= 2 - denominator * inverse (lib/openzeppelin-contracts/contracts/utils/math/Math.sol#265)
Math.mulDiv(uint256,uint256,uint256) (lib/openzeppelin-contracts/contracts/utils/math/Math.sol#204-275) performs a multiplication on the result of a division:
	- denominator = denominator / twos (lib/openzeppelin-contracts/contracts/utils/math/Math.sol#242)
	- inverse *= 2 - denominator * inverse (lib/openzeppelin-contracts/contracts/utils/math/Math.sol#266)
Math.mulDiv(uint256,uint256,uint256) (lib/openzeppelin-contracts/contracts/utils/math/Math.sol#204-275) performs a multiplication on the result of a division:
	- low = low / twos (lib/openzeppelin-contracts/contracts/utils/math/Math.sol#245)
	- result = low * inverse (lib/openzeppelin-contracts/contracts/utils/math/Math.sol#272)
Math.invMod(uint256,uint256) (lib/openzeppelin-contracts/contracts/utils/math/Math.sol#315-361) performs a multiplication on the result of a division:
	- quotient = gcd / remainder (lib/openzeppelin-contracts/contracts/utils/math/Math.sol#337)
	- (gcd,remainder) = (remainder,gcd - remainder * quotient) (lib/openzeppelin-contracts/contracts/utils/math/Math.sol#339-346)
Reference: https://github.com/crytic/slither/wiki/Detector-Documentation#divide-before-multiply

ERC4626MarketYieldStrategy._totalWithdraw(address,address,uint256) (src/concreteYieldStrategies/ERC4626MarketYieldStrategy.sol#404-435) uses a dangerous strict equality:
	- totalShares == 0 || totalDeposited[token] == 0 (src/concreteYieldStrategies/ERC4626MarketYieldStrategy.sol#410)
ERC4626YieldStrategy._totalWithdraw(address,address,uint256) (src/concreteYieldStrategies/ERC4626YieldStrategy.sol#352-376) uses a dangerous strict equality:
	- totalShares == 0 || totalDeposited[token] == 0 (src/concreteYieldStrategies/ERC4626YieldStrategy.sol#358)
Reference: https://github.com/crytic/slither/wiki/Detector-Documentation#dangerous-strict-equalities

Reentrancy in ERC4626MarketYieldStrategy._totalWithdraw(address,address,uint256) (src/concreteYieldStrategies/ERC4626MarketYieldStrategy.sol#404-435):
	External calls:
	- underlyingReceived = ammAdapter.swap(address(vault),address(underlyingToken),sharesToSell,minOut) (src/concreteYieldStrategies/ERC4626MarketYieldStrategy.sol#426)
	State variables written after the call(s):
	- clientBalances[token][client] = 0 (src/concreteYieldStrategies/ERC4626MarketYieldStrategy.sol#429)
	ERC4626MarketYieldStrategy.clientBalances (src/concreteYieldStrategies/ERC4626MarketYieldStrategy.sol#46) can be used in cross function reentrancies:
	- ERC4626MarketYieldStrategy.principalOf(address,address) (src/concreteYieldStrategies/ERC4626MarketYieldStrategy.sol#129-132)
	- ERC4626MarketYieldStrategy.totalBalanceOf(address,address) (src/concreteYieldStrategies/ERC4626MarketYieldStrategy.sol#142-156)
	- totalDeposited[token] -= clientStoredBalance (src/concreteYieldStrategies/ERC4626MarketYieldStrategy.sol#430)
	ERC4626MarketYieldStrategy.totalDeposited (src/concreteYieldStrategies/ERC4626MarketYieldStrategy.sol#49) can be used in cross function reentrancies:
	- ERC4626MarketYieldStrategy.getTotalDeposited(address) (src/concreteYieldStrategies/ERC4626MarketYieldStrategy.sol#175-177)
	- ERC4626MarketYieldStrategy.totalBalanceOf(address,address) (src/concreteYieldStrategies/ERC4626MarketYieldStrategy.sol#142-156)
Reentrancy in ERC4626YieldStrategy._totalWithdraw(address,address,uint256) (src/concreteYieldStrategies/ERC4626YieldStrategy.sol#352-376):
	External calls:
	- assetsReceived = vault.redeem(sharesToWithdraw,address(this),address(this)) (src/concreteYieldStrategies/ERC4626YieldStrategy.sol#367)
	State variables written after the call(s):
	- clientBalances[token][client] = 0 (src/concreteYieldStrategies/ERC4626YieldStrategy.sol#370)
	ERC4626YieldStrategy.clientBalances (src/concreteYieldStrategies/ERC4626YieldStrategy.sol#39) can be used in cross function reentrancies:
	- ERC4626YieldStrategy.principalOf(address,address) (src/concreteYieldStrategies/ERC4626YieldStrategy.sol#113-116)
	- ERC4626YieldStrategy.totalBalanceOf(address,address) (src/concreteYieldStrategies/ERC4626YieldStrategy.sol#126-140)
	- totalDeposited[token] -= clientStoredBalance (src/concreteYieldStrategies/ERC4626YieldStrategy.sol#371)
	ERC4626YieldStrategy.totalDeposited (src/concreteYieldStrategies/ERC4626YieldStrategy.sol#42) can be used in cross function reentrancies:
	- ERC4626YieldStrategy.getTotalDeposited(address) (src/concreteYieldStrategies/ERC4626YieldStrategy.sol#159-161)
	- ERC4626YieldStrategy.totalBalanceOf(address,address) (src/concreteYieldStrategies/ERC4626YieldStrategy.sol#126-140)
Reentrancy in ERC4626MarketYieldStrategy._withdrawInternal(address,uint256,address,address) (src/concreteYieldStrategies/ERC4626MarketYieldStrategy.sol#338-375):
	External calls:
	- underlyingReceived = ammAdapter.swap(address(vault),address(underlyingToken),sharesToSell,minOut) (src/concreteYieldStrategies/ERC4626MarketYieldStrategy.sol#364)
	State variables written after the call(s):
	- clientBalances[token][balanceHolder] -= amount (src/concreteYieldStrategies/ERC4626MarketYieldStrategy.sol#371)
	ERC4626MarketYieldStrategy.clientBalances (src/concreteYieldStrategies/ERC4626MarketYieldStrategy.sol#46) can be used in cross function reentrancies:
	- ERC4626MarketYieldStrategy.principalOf(address,address) (src/concreteYieldStrategies/ERC4626MarketYieldStrategy.sol#129-132)
	- ERC4626MarketYieldStrategy.totalBalanceOf(address,address) (src/concreteYieldStrategies/ERC4626MarketYieldStrategy.sol#142-156)
Reentrancy in ERC4626YieldStrategy._withdrawInternal(address,uint256,address,address) (src/concreteYieldStrategies/ERC4626YieldStrategy.sol#284-311):
	External calls:
	- vault.redeem(sharesToRedeem,recipient,address(this)) (src/concreteYieldStrategies/ERC4626YieldStrategy.sol#303)
	State variables written after the call(s):
	- clientBalances[token][balanceHolder] -= amount (src/concreteYieldStrategies/ERC4626YieldStrategy.sol#307)
	ERC4626YieldStrategy.clientBalances (src/concreteYieldStrategies/ERC4626YieldStrategy.sol#39) can be used in cross function reentrancies:
	- ERC4626YieldStrategy.principalOf(address,address) (src/concreteYieldStrategies/ERC4626YieldStrategy.sol#113-116)
	- ERC4626YieldStrategy.totalBalanceOf(address,address) (src/concreteYieldStrategies/ERC4626YieldStrategy.sol#126-140)
Reference: https://github.com/crytic/slither/wiki/Detector-Documentation#reentrancy-vulnerabilities-1

ERC4626MarketYieldStrategy._distributeBuffer(address[],uint256[],uint256,uint256,address).totalSetAside (src/concreteYieldStrategies/ERC4626MarketYieldStrategy.sol#546) is a local variable never initialized
CurveAMMAdapter.setRoute(address,address,address[11],uint256[5][5],address[5]).lastToken (src/AMMAdapters/CurveAMMAdapter.sol#74) is a local variable never initialized
ERC4626YieldStrategy._distributeBuffer(address[],uint256[],uint256,uint256,address).totalSetAside (src/concreteYieldStrategies/ERC4626YieldStrategy.sol#481) is a local variable never initialized
Reference: https://github.com/crytic/slither/wiki/Detector-Documentation#uninitialized-local-variables

AYieldStrategy.setClient(address,bool) (src/AYieldStrategy.sol#183-193) ignores return value by _authorizedClients.add(client) (src/AYieldStrategy.sol#187)
AYieldStrategy.setClient(address,bool) (src/AYieldStrategy.sol#183-193) ignores return value by _authorizedClients.remove(client) (src/AYieldStrategy.sol#189)
ERC4626YieldStrategy.constructor(address,address,address) (src/concreteYieldStrategies/ERC4626YieldStrategy.sol#86-95) ignores return value by IERC20(_underlyingToken).approve(_erc4626Vault,type()(uint256).max) (src/concreteYieldStrategies/ERC4626YieldStrategy.sol#94)
ERC4626YieldStrategy._withdrawInternal(address,uint256,address,address) (src/concreteYieldStrategies/ERC4626YieldStrategy.sol#284-311) ignores return value by vault.redeem(sharesToRedeem,recipient,address(this)) (src/concreteYieldStrategies/ERC4626YieldStrategy.sol#303)
Reference: https://github.com/crytic/slither/wiki/Detector-Documentation#unused-return

CurveAMMAdapter.constructor(address,address)._owner (src/AMMAdapters/CurveAMMAdapter.sol#48) shadows:
	- Ownable._owner (lib/openzeppelin-contracts/contracts/access/Ownable.sol#21) (state variable)
AYieldStrategy.constructor(address)._owner (src/AYieldStrategy.sol#171) shadows:
	- Ownable._owner (lib/openzeppelin-contracts/contracts/access/Ownable.sol#21) (state variable)
ERC4626MarketYieldStrategy.constructor(address,address,address,address)._owner (src/concreteYieldStrategies/ERC4626MarketYieldStrategy.sol#101) shadows:
	- Ownable._owner (lib/openzeppelin-contracts/contracts/access/Ownable.sol#21) (state variable)
ERC4626YieldStrategy.constructor(address,address,address)._owner (src/concreteYieldStrategies/ERC4626YieldStrategy.sol#86) shadows:
	- Ownable._owner (lib/openzeppelin-contracts/contracts/access/Ownable.sol#21) (state variable)
MockERC20.constructor(string,string,uint8).name (src/mocks/MockERC20.sol#14) shadows:
	- ERC20.name() (lib/openzeppelin-contracts/contracts/token/ERC20/ERC20.sol#52-54) (function)
	- IERC20Metadata.name() (lib/openzeppelin-contracts/contracts/token/ERC20/extensions/IERC20Metadata.sol#15) (function)
MockERC20.constructor(string,string,uint8).symbol (src/mocks/MockERC20.sol#14) shadows:
	- ERC20.symbol() (lib/openzeppelin-contracts/contracts/token/ERC20/ERC20.sol#60-62) (function)
	- IERC20Metadata.symbol() (lib/openzeppelin-contracts/contracts/token/ERC20/extensions/IERC20Metadata.sol#20) (function)
Reference: https://github.com/crytic/slither/wiki/Detector-Documentation#local-variable-shadowing

AYieldStrategy.setPauser(address).newPauser (src/AYieldStrategy.sol#266) lacks a zero-check on :
		- _pauser = newPauser (src/AYieldStrategy.sol#268)
Reference: https://github.com/crytic/slither/wiki/Detector-Documentation#missing-zero-address-validation

ERC4626MarketYieldStrategy._accrueSurplusShares(address,address[],address,uint256,uint256[]) (src/concreteYieldStrategies/ERC4626MarketYieldStrategy.sol#501-527) has external calls inside a loop: shares = vault.convertToShares(surplus) (src/concreteYieldStrategies/ERC4626MarketYieldStrategy.sol#521)
	Calls stack containing the loop:
		AYieldStrategy.skimSurplus(address,address)
		ERC4626MarketYieldStrategy._skimSurplus(address,address[],address)
ERC4626YieldStrategy._accrueSurplusShares(address,address[],address,uint256,uint256[]) (src/concreteYieldStrategies/ERC4626YieldStrategy.sol#436-462) has external calls inside a loop: shares = vault.convertToShares(surplus) (src/concreteYieldStrategies/ERC4626YieldStrategy.sol#456)
	Calls stack containing the loop:
		AYieldStrategy.skimSurplus(address,address)
		ERC4626YieldStrategy._skimSurplus(address,address[],address)
Reference: https://github.com/crytic/slither/wiki/Detector-Documentation/#calls-inside-a-loop

Reentrancy in ERC4626MarketYieldStrategy._depositInternal(address,uint256,address,address) (src/concreteYieldStrategies/ERC4626MarketYieldStrategy.sol#293-327):
	External calls:
	- sharesReceived = ammAdapter.swap(address(underlyingToken),address(vault),amount,minOut) (src/concreteYieldStrategies/ERC4626MarketYieldStrategy.sol#318)
	State variables written after the call(s):
	- clientBalances[token][recipient] += creditedPrincipal (src/concreteYieldStrategies/ERC4626MarketYieldStrategy.sol#322)
	- totalDeposited[token] += creditedPrincipal (src/concreteYieldStrategies/ERC4626MarketYieldStrategy.sol#323)
Reentrancy in ERC4626YieldStrategy._depositInternal(address,uint256,address,address) (src/concreteYieldStrategies/ERC4626YieldStrategy.sol#250-273):
	External calls:
	- sharesReceived = vault.deposit(amount,address(this)) (src/concreteYieldStrategies/ERC4626YieldStrategy.sol#262)
	State variables written after the call(s):
	- clientBalances[token][recipient] += amount (src/concreteYieldStrategies/ERC4626YieldStrategy.sol#266)
	- totalDeposited[token] += amount (src/concreteYieldStrategies/ERC4626YieldStrategy.sol#267)
Reentrancy in ERC4626MarketYieldStrategy._withdrawInternal(address,uint256,address,address) (src/concreteYieldStrategies/ERC4626MarketYieldStrategy.sol#338-375):
	External calls:
	- underlyingReceived = ammAdapter.swap(address(vault),address(underlyingToken),sharesToSell,minOut) (src/concreteYieldStrategies/ERC4626MarketYieldStrategy.sol#364)
	State variables written after the call(s):
	- totalDeposited[token] -= amount (src/concreteYieldStrategies/ERC4626MarketYieldStrategy.sol#372)
Reentrancy in ERC4626YieldStrategy._withdrawInternal(address,uint256,address,address) (src/concreteYieldStrategies/ERC4626YieldStrategy.sol#284-311):
	External calls:
	- vault.redeem(sharesToRedeem,recipient,address(this)) (src/concreteYieldStrategies/ERC4626YieldStrategy.sol#303)
	State variables written after the call(s):
	- totalDeposited[token] -= amount (src/concreteYieldStrategies/ERC4626YieldStrategy.sol#308)
Reference: https://github.com/crytic/slither/wiki/Detector-Documentation#reentrancy-vulnerabilities-2

Reentrancy in CurveAMMAdapter.swap(address,address,uint256,uint256) (src/AMMAdapters/CurveAMMAdapter.sol#120-141):
	External calls:
	- amountOut = router.exchange(r.path,r.swapParams,amountIn,minAmountOut,r.pools,msg.sender) (src/AMMAdapters/CurveAMMAdapter.sol#138)
	Event emitted after the call(s):
	- Swapped(tokenIn,tokenOut,amountIn,amountOut) (src/AMMAdapters/CurveAMMAdapter.sol#140)
Reference: https://github.com/crytic/slither/wiki/Detector-Documentation#reentrancy-vulnerabilities-3

AYieldStrategy._updateWithdrawalStatus(AYieldStrategy.WithdrawalState,uint256) (src/AYieldStrategy.sol#441-455) uses timestamp for comparisons
	Dangerous comparisons:
	- currentTime >= state.initiatedAt + WAITING_PERIOD (src/AYieldStrategy.sol#443)
	- currentTime <= state.initiatedAt + TOTAL_DURATION (src/AYieldStrategy.sol#444)
	- currentTime > state.initiatedAt + TOTAL_DURATION (src/AYieldStrategy.sol#451)
Reference: https://github.com/crytic/slither/wiki/Detector-Documentation#block-timestamp

Math.log2(uint256) (lib/openzeppelin-contracts/contracts/utils/math/Math.sol#612-651) uses literals with too many digits:
	- r = r | byte(uint256,uint256)(x >> r,0x0000010102020202030303030303030300000000000000000000000000000000) (lib/openzeppelin-contracts/contracts/utils/math/Math.sol#649)
Reference: https://github.com/crytic/slither/wiki/Detector-Documentation#too-many-digits

MockERC20._decimals (src/mocks/MockERC20.sol#12) should be immutable 
Reference: https://github.com/crytic/slither/wiki/Detector-Documentation#state-variables-that-could-be-declared-immutable
. analyzed (31 contracts with 96 detectors), 40 result(s) found
