[1m[32m⇾[0m[0m [1mReading the configuration file at: [1mmedusa-run15.json[0m[0m
[1m[32m⇾[0m[0m [1mCompiling targets with [1mcrytic-compile[0m[0m
[1m[32m⇾[0m[0m [1mRunning command:
/home/justin/.local/bin/crytic-compile . --export-format solc --foundry-compile-all[0m
[1m[32m⇾[0m[0m [1mFinished compiling targets in 7s[0m
[1m[32m⇾[0m[0m [1m[1martifacts: [0mMedusa is running against a [1m[32mnew[0m[0m set of build artifacts[0m
[1m[32m⇾[0m[0m [1mNo Slither cached results found at slither_results.json[0m
[1m[32m⇾[0m[0m [1mRunning Slither:
/home/justin/.local/bin/slither . --ignore-compile --print echidna --json -[0m
[1m[33mwarn[0m[0m [1mFailed to run slither[31m
‣ exit status 1[0m[0m
[1m[32m⇾[0m[0m [1mSetting up test chain[0m
[1m[32m⇾[0m[0m [1mFinished setting up test chain[0m
[1m[32m⇾[0m[0m [1mCreating corpus...[0m
[1m[32m⇾[0m[0m [1mFuzzing with [1m6[0m workers[0m
[1m[32m⇾[0m[0m [1m[1m[32m[NOT STARTED] [0m[0m[1mProperty Test: Run15Handler.property_G_seedSurvives()[0m[0m
[1m[32m⇾[0m[0m [1m[1m[32m[NOT STARTED] [0m[0m[1mProperty Test: Run15Handler.property_F_selfHealAlwaysClears()[0m[0m
[1m[32m⇾[0m[0m [1m[1m[32m[NOT STARTED] [0m[0m[1mProperty Test: Run15Handler.property_B_migrationSolvency()[0m[0m
[1m[32m⇾[0m[0m [1m[1m[32m[NOT STARTED] [0m[0m[1mProperty Test: Run15Handler.property_D_donationsNotExtractable()[0m[0m
[1m[32m⇾[0m[0m [1m[1m[32m[NOT STARTED] [0m[0m[1mProperty Test: Run15Handler.property_A_totalStakedConserved()[0m[0m
[1m[32m⇾[0m[0m [1m[1m[32m[NOT STARTED] [0m[0m[1mProperty Test: Run15Handler.property_E_noStuckState()[0m[0m
[1m[32m⇾[0m[0m [1m[1m[32m[NOT STARTED] [0m[0m[1mProperty Test: Run15Handler.property_C_neverAbovePar()[0m[0m
[1m[32m⇾[0m[0m [1m[1m[32m[NOT STARTED] [0m[0m[1mAssertion Test: Run15Handler.finalize()[0m[0m
[1m[32m⇾[0m[0m [1m[1m[32m[NOT STARTED] [0m[0m[1mAssertion Test: Run15Handler.g_bookedSeen()[0m[0m
[1m[32m⇾[0m[0m [1m[1m[32m[NOT STARTED] [0m[0m[1mAssertion Test: Run15Handler.stake(uint256,uint256)[0m[0m
[1m[32m⇾[0m[0m [1m[1m[32m[NOT STARTED] [0m[0m[1mAssertion Test: Run15Handler.actors(uint256)[0m[0m
[1m[32m⇾[0m[0m [1m[1m[32m[NOT STARTED] [0m[0m[1mAssertion Test: Run15Handler.beginMigration()[0m[0m
[1m[32m⇾[0m[0m [1m[1m[32m[NOT STARTED] [0m[0m[1mAssertion Test: Run15Handler.g_belowParMigrations()[0m[0m
[1m[32m⇾[0m[0m [1m[1m[32m[NOT STARTED] [0m[0m[1mAssertion Test: Run15Handler.actorAddrs()[0m[0m
[1m[32m⇾[0m[0m [1m[1m[32m[NOT STARTED] [0m[0m[1mAssertion Test: Run15Handler.claim(uint256)[0m[0m
[1m[32m⇾[0m[0m [1m[1m[32m[NOT STARTED] [0m[0m[1mAssertion Test: Run15Handler.g_donated()[0m[0m
[1m[32m⇾[0m[0m [1m[1m[32m[NOT STARTED] [0m[0m[1mAssertion Test: Run15Handler.g_migrationsBegun()[0m[0m
[1m[32m⇾[0m[0m [1m[1m[32m[NOT STARTED] [0m[0m[1mAssertion Test: Run15Handler.g_selfExits()[0m[0m
[1m[32m⇾[0m[0m [1m[1m[32m[NOT STARTED] [0m[0m[1mAssertion Test: Run15Handler.timeTravelAvailable()[0m[0m
[1m[32m⇾[0m[0m [1m[1m[32m[NOT STARTED] [0m[0m[1mAssertion Test: Run15Handler.phUSD()[0m[0m
[1m[32m⇾[0m[0m [1m[1m[32m[NOT STARTED] [0m[0m[1mAssertion Test: Run15Handler.batchOut(uint256,uint256)[0m[0m
[1m[32m⇾[0m[0m [1m[1m[32m[NOT STARTED] [0m[0m[1mAssertion Test: Run15Handler.donate(uint256)[0m[0m
[1m[32m⇾[0m[0m [1m[1m[32m[NOT STARTED] [0m[0m[1mAssertion Test: Run15Handler.g_batchExits()[0m[0m
[1m[32m⇾[0m[0m [1m[1m[32m[NOT STARTED] [0m[0m[1mAssertion Test: Run15Handler.g_stakes()[0m[0m
[1m[32m⇾[0m[0m [1m[1mfuzz: [0melapsed: [1m      0s[0m, calls: [1m         0 (     0/sec)[0m, seq/s: [1m     0[0m, branches: [1m  2153[0m, corpus: [1m    0[0m, failures: [1m0/0[0m, gas/s: [1m           0[0m[0m
[1m[32m⇾[0m[0m [1m[1m[32m[NOT STARTED] [0m[0m[1mAssertion Test: Run15Handler.strat()[0m[0m
[1m[32m⇾[0m[0m [1m[1m[32m[NOT STARTED] [0m[0m[1mAssertion Test: Run15Handler.token()[0m[0m
[1m[32m⇾[0m[0m [1m[1m[32m[NOT STARTED] [0m[0m[1mAssertion Test: Run15Handler.vault()[0m[0m
[1m[32m⇾[0m[0m [1m[1m[32m[NOT STARTED] [0m[0m[1mAssertion Test: Run15Handler.g_sumP()[0m[0m
[1m[32m⇾[0m[0m [1m[1m[32m[NOT STARTED] [0m[0m[1mAssertion Test: Run15Handler.staker()[0m[0m
[1m[32m⇾[0m[0m [1m[1m[32m[NOT STARTED] [0m[0m[1mAssertion Test: Run15Handler.sumUserAmounts()[0m[0m
[1m[32m⇾[0m[0m [1m[1m[32m[NOT STARTED] [0m[0m[1mAssertion Test: Run15Handler.warpTime(uint256)[0m[0m
[1m[32m⇾[0m[0m [1m[1m[32m[NOT STARTED] [0m[0m[1mAssertion Test: Run15Handler.withdrawSome(uint256,uint256)[0m[0m
[1m[32m⇾[0m[0m [1m[1m[32m[NOT STARTED] [0m[0m[1mAssertion Test: Run15Handler.applyYield(uint256)[0m[0m
[1m[32m⇾[0m[0m [1m[1m[32m[NOT STARTED] [0m[0m[1mAssertion Test: Run15Handler.g_losses()[0m[0m
[1m[32m⇾[0m[0m [1m[1m[32m[NOT STARTED] [0m[0m[1mAssertion Test: Run15Handler.selfOut(uint256)[0m[0m
[1m[32m⇾[0m[0m [1m[1m[32m[NOT STARTED] [0m[0m[1mAssertion Test: Run15Handler.g_creditsPaid()[0m[0m
[1m[32m⇾[0m[0m [1m[1m[32m[NOT STARTED] [0m[0m[1mAssertion Test: Run15Handler.remainingObligation()[0m[0m
[1m[32m⇾[0m[0m [1m[1m[32m[NOT STARTED] [0m[0m[1mAssertion Test: Run15Handler.g_withdraws()[0m[0m
[1m[32m⇾[0m[0m [1m[1m[32m[NOT STARTED] [0m[0m[1mAssertion Test: Run15Handler.negctl_alwaysFalse()[0m[0m
[1m[32m⇾[0m[0m [1m[1m[32m[NOT STARTED] [0m[0m[1mAssertion Test: Run15Handler.applyLoss(uint256)[0m[0m
[1m[32m⇾[0m[0m [1m[1m[32m[NOT STARTED] [0m[0m[1mAssertion Test: Run15Handler.g_finalized()[0m[0m
[1m[32m⇾[0m[0m [1m[1m[32m[NOT STARTED] [0m[0m[1mAssertion Test: Run15Handler.g_gains()[0m[0m
[1m[32m⇾[0m[0m [1m[1m[32m[NOT STARTED] [0m[0m[1mAssertion Test: Run15Handler.g_sumR()[0m[0m
[1m[32m⇾[0m[0m [1m[1mfuzz: [0melapsed: [1m      3s[0m, calls: [1m     18886 (  6294/sec)[0m, seq/s: [1m    61[0m, branches: [1m  3204[0m, corpus: [1m   50[0m, failures: [1m0/186[0m, gas/s: [1m   420670198[0m[0m
[1m[32m⇾[0m[0m [1m[1mfuzz: [0melapsed: [1m      6s[0m, calls: [1m     37211 (  6085/sec)[0m, seq/s: [1m    60[0m, branches: [1m  3335[0m, corpus: [1m   63[0m, failures: [1m0/369[0m, gas/s: [1m   407727489[0m[0m
[1m[32m⇾[0m[0m [1m[1mfuzz: [0melapsed: [1m      9s[0m, calls: [1m     55431 (  6072/sec)[0m, seq/s: [1m    60[0m, branches: [1m  3417[0m, corpus: [1m   69[0m, failures: [1m0/551[0m, gas/s: [1m   402292080[0m[0m
[1m[32m⇾[0m[0m [1m[1mfuzz: [0melapsed: [1m     12s[0m, calls: [1m     73448 (  6005/sec)[0m, seq/s: [1m    59[0m, branches: [1m  3435[0m, corpus: [1m   72[0m, failures: [1m0/731[0m, gas/s: [1m   395504059[0m[0m
[1m[32m⇾[0m[0m [1m[1mfuzz: [0melapsed: [1m     15s[0m, calls: [1m     87628 (  4725/sec)[0m, seq/s: [1m    47[0m, branches: [1m  3453[0m, corpus: [1m   73[0m, failures: [1m0/874[0m, gas/s: [1m   311092537[0m[0m
[1m[32m⇾[0m[0m [1m[1mfuzz: [0melapsed: [1m     18s[0m, calls: [1m    103457 (  5274/sec)[0m, seq/s: [1m    52[0m, branches: [1m  3471[0m, corpus: [1m   74[0m, failures: [1m0/1032[0m, gas/s: [1m   352652158[0m[0m
[1m[32m⇾[0m[0m [1m[1mfuzz: [0melapsed: [1m     21s[0m, calls: [1m    121441 (  5993/sec)[0m, seq/s: [1m    59[0m, branches: [1m  3490[0m, corpus: [1m   75[0m, failures: [1m0/1211[0m, gas/s: [1m   395145283[0m[0m
[1m[32m⇾[0m[0m [1m[1mfuzz: [0melapsed: [1m     24s[0m, calls: [1m    136435 (  4997/sec)[0m, seq/s: [1m    49[0m, branches: [1m  3490[0m, corpus: [1m   75[0m, failures: [1m0/1361[0m, gas/s: [1m   330024034[0m[0m
[1m[32m⇾[0m[0m [1m[1mfuzz: [0melapsed: [1m     27s[0m, calls: [1m    152721 (  5428/sec)[0m, seq/s: [1m    54[0m, branches: [1m  3490[0m, corpus: [1m   75[0m, failures: [1m0/1524[0m, gas/s: [1m   361226954[0m[0m
[1m[32m⇾[0m[0m [1m[1mfuzz: [0melapsed: [1m     30s[0m, calls: [1m    168290 (  5189/sec)[0m, seq/s: [1m    51[0m, branches: [1m  3490[0m, corpus: [1m   75[0m, failures: [1m0/1680[0m, gas/s: [1m   345529712[0m[0m
[1m[32m⇾[0m[0m [1m[1mfuzz: [0melapsed: [1m     33s[0m, calls: [1m    183041 (  4916/sec)[0m, seq/s: [1m    49[0m, branches: [1m  3490[0m, corpus: [1m   75[0m, failures: [1m0/1828[0m, gas/s: [1m   331900133[0m[0m
[1m[32m⇾[0m[0m [1m[1mfuzz: [0melapsed: [1m     36s[0m, calls: [1m    200244 (  5733/sec)[0m, seq/s: [1m    56[0m, branches: [1m  3490[0m, corpus: [1m   75[0m, failures: [1m0/1999[0m, gas/s: [1m   384280294[0m[0m
[1m[32m⇾[0m[0m [1mTransaction test limit reached, halting now...[0m
[1m[32m⇾[0m[0m [1mFuzzer stopped, test results follow below ...[0m
[1m[32m⇾[0m[0m [1m[1m[32m[PASSED] [0m[0m[1mAssertion Test: Run15Handler.actorAddrs()[0m[0m
[1m[32m⇾[0m[0m [1m[1m[32m[PASSED] [0m[0m[1mAssertion Test: Run15Handler.actors(uint256)[0m[0m
[1m[32m⇾[0m[0m [1m[1m[32m[PASSED] [0m[0m[1mAssertion Test: Run15Handler.applyLoss(uint256)[0m[0m
[1m[32m⇾[0m[0m [1m[1m[32m[PASSED] [0m[0m[1mAssertion Test: Run15Handler.applyYield(uint256)[0m[0m
[1m[32m⇾[0m[0m [1m[1m[32m[PASSED] [0m[0m[1mAssertion Test: Run15Handler.batchOut(uint256,uint256)[0m[0m
[1m[32m⇾[0m[0m [1m[1m[32m[PASSED] [0m[0m[1mAssertion Test: Run15Handler.beginMigration()[0m[0m
[1m[32m⇾[0m[0m [1m[1m[32m[PASSED] [0m[0m[1mAssertion Test: Run15Handler.claim(uint256)[0m[0m
[1m[32m⇾[0m[0m [1m[1m[32m[PASSED] [0m[0m[1mAssertion Test: Run15Handler.donate(uint256)[0m[0m
[1m[32m⇾[0m[0m [1m[1m[32m[PASSED] [0m[0m[1mAssertion Test: Run15Handler.finalize()[0m[0m
[1m[32m⇾[0m[0m [1m[1m[32m[PASSED] [0m[0m[1mAssertion Test: Run15Handler.g_batchExits()[0m[0m
[1m[32m⇾[0m[0m [1m[1m[32m[PASSED] [0m[0m[1mAssertion Test: Run15Handler.g_belowParMigrations()[0m[0m
[1m[32m⇾[0m[0m [1m[1m[32m[PASSED] [0m[0m[1mAssertion Test: Run15Handler.g_bookedSeen()[0m[0m
[1m[32m⇾[0m[0m [1m[1m[32m[PASSED] [0m[0m[1mAssertion Test: Run15Handler.g_creditsPaid()[0m[0m
[1m[32m⇾[0m[0m [1m[1m[32m[PASSED] [0m[0m[1mAssertion Test: Run15Handler.g_donated()[0m[0m
[1m[32m⇾[0m[0m [1m[1m[32m[PASSED] [0m[0m[1mAssertion Test: Run15Handler.g_finalized()[0m[0m
[1m[32m⇾[0m[0m [1m[1m[32m[PASSED] [0m[0m[1mAssertion Test: Run15Handler.g_gains()[0m[0m
[1m[32m⇾[0m[0m [1m[1m[32m[PASSED] [0m[0m[1mAssertion Test: Run15Handler.g_losses()[0m[0m
[1m[32m⇾[0m[0m [1m[1m[32m[PASSED] [0m[0m[1mAssertion Test: Run15Handler.g_migrationsBegun()[0m[0m
[1m[32m⇾[0m[0m [1m[1m[32m[PASSED] [0m[0m[1mAssertion Test: Run15Handler.g_selfExits()[0m[0m
[1m[32m⇾[0m[0m [1m[1m[32m[PASSED] [0m[0m[1mAssertion Test: Run15Handler.g_stakes()[0m[0m
[1m[32m⇾[0m[0m [1m[1m[32m[PASSED] [0m[0m[1mAssertion Test: Run15Handler.g_sumP()[0m[0m
[1m[32m⇾[0m[0m [1m[1m[32m[PASSED] [0m[0m[1mAssertion Test: Run15Handler.g_sumR()[0m[0m
[1m[32m⇾[0m[0m [1m[1m[32m[PASSED] [0m[0m[1mAssertion Test: Run15Handler.g_withdraws()[0m[0m
[1m[32m⇾[0m[0m [1m[1m[32m[PASSED] [0m[0m[1mAssertion Test: Run15Handler.negctl_alwaysFalse()[0m[0m
[1m[32m⇾[0m[0m [1m[1m[32m[PASSED] [0m[0m[1mAssertion Test: Run15Handler.phUSD()[0m[0m
[1m[32m⇾[0m[0m [1m[1m[32m[PASSED] [0m[0m[1mAssertion Test: Run15Handler.remainingObligation()[0m[0m
[1m[32m⇾[0m[0m [1m[1m[32m[PASSED] [0m[0m[1mAssertion Test: Run15Handler.selfOut(uint256)[0m[0m
[1m[32m⇾[0m[0m [1m[1m[32m[PASSED] [0m[0m[1mAssertion Test: Run15Handler.stake(uint256,uint256)[0m[0m
[1m[32m⇾[0m[0m [1m[1m[32m[PASSED] [0m[0m[1mAssertion Test: Run15Handler.staker()[0m[0m
[1m[32m⇾[0m[0m [1m[1m[32m[PASSED] [0m[0m[1mAssertion Test: Run15Handler.strat()[0m[0m
[1m[32m⇾[0m[0m [1m[1m[32m[PASSED] [0m[0m[1mAssertion Test: Run15Handler.sumUserAmounts()[0m[0m
[1m[32m⇾[0m[0m [1m[1m[32m[PASSED] [0m[0m[1mAssertion Test: Run15Handler.timeTravelAvailable()[0m[0m
[1m[32m⇾[0m[0m [1m[1m[32m[PASSED] [0m[0m[1mAssertion Test: Run15Handler.token()[0m[0m
[1m[32m⇾[0m[0m [1m[1m[32m[PASSED] [0m[0m[1mAssertion Test: Run15Handler.vault()[0m[0m
[1m[32m⇾[0m[0m [1m[1m[32m[PASSED] [0m[0m[1mAssertion Test: Run15Handler.warpTime(uint256)[0m[0m
[1m[32m⇾[0m[0m [1m[1m[32m[PASSED] [0m[0m[1mAssertion Test: Run15Handler.withdrawSome(uint256,uint256)[0m[0m
[1m[32m⇾[0m[0m [1m[1m[32m[PASSED] [0m[0m[1mProperty Test: Run15Handler.property_A_totalStakedConserved()[0m[0m
[1m[32m⇾[0m[0m [1m[1m[32m[PASSED] [0m[0m[1mProperty Test: Run15Handler.property_B_migrationSolvency()[0m[0m
[1m[32m⇾[0m[0m [1m[1m[32m[PASSED] [0m[0m[1mProperty Test: Run15Handler.property_C_neverAbovePar()[0m[0m
[1m[32m⇾[0m[0m [1m[1m[32m[PASSED] [0m[0m[1mProperty Test: Run15Handler.property_D_donationsNotExtractable()[0m[0m
[1m[32m⇾[0m[0m [1m[1m[32m[PASSED] [0m[0m[1mProperty Test: Run15Handler.property_E_noStuckState()[0m[0m
[1m[32m⇾[0m[0m [1m[1m[32m[PASSED] [0m[0m[1mProperty Test: Run15Handler.property_F_selfHealAlwaysClears()[0m[0m
[1m[32m⇾[0m[0m [1m[1m[32m[PASSED] [0m[0m[1mProperty Test: Run15Handler.property_G_seedSurvives()[0m[0m
[1m[32m⇾[0m[0m [1mTest summary: [1m[32m43[0m[0m test(s) passed, [1m[31m0[0m[0m test(s) failed[0m
[1m[32m⇾[0m[0m [1mhtml report(s) saved to: medusa-corpus-run15/coverage/coverage_report.html[0m
[1m[32m⇾[0m[0m [1mlcov report(s) saved to: medusa-corpus-run15/coverage/lcov.info[0m
