No files changed, compilation skipped

Ran 7 tests for test/invariant/Run15_Stateful.t.sol:Run15StatefulInvariants
[PASS] invariant_A_totalStakedEqualsSumOfUsers() (runs: 512, calls: 256000, reverts: 0)

╭--------------+----------------+-------+---------+----------╮
| Contract     | Selector       | Calls | Reverts | Discards |
+============================================================+
| Run15Handler | applyLoss      | 23218 | 0       | 0        |
|--------------+----------------+-------+---------+----------|
| Run15Handler | applyYield     | 23184 | 0       | 0        |
|--------------+----------------+-------+---------+----------|
| Run15Handler | batchOut       | 23207 | 0       | 0        |
|--------------+----------------+-------+---------+----------|
| Run15Handler | beginMigration | 23239 | 0       | 0        |
|--------------+----------------+-------+---------+----------|
| Run15Handler | claim          | 23415 | 0       | 0        |
|--------------+----------------+-------+---------+----------|
| Run15Handler | donate         | 23578 | 0       | 0        |
|--------------+----------------+-------+---------+----------|
| Run15Handler | finalize       | 23176 | 0       | 0        |
|--------------+----------------+-------+---------+----------|
| Run15Handler | selfOut        | 23130 | 0       | 0        |
|--------------+----------------+-------+---------+----------|
| Run15Handler | stake          | 23562 | 0       | 0        |
|--------------+----------------+-------+---------+----------|
| Run15Handler | warpTime       | 23119 | 0       | 0        |
|--------------+----------------+-------+---------+----------|
| Run15Handler | withdrawSome   | 23172 | 0       | 0        |
╰--------------+----------------+-------+---------+----------╯

[PASS] invariant_B_migrationSolvency() (runs: 512, calls: 256000, reverts: 0)

╭--------------+----------------+-------+---------+----------╮
| Contract     | Selector       | Calls | Reverts | Discards |
+============================================================+
| Run15Handler | applyLoss      | 23218 | 0       | 0        |
|--------------+----------------+-------+---------+----------|
| Run15Handler | applyYield     | 23184 | 0       | 0        |
|--------------+----------------+-------+---------+----------|
| Run15Handler | batchOut       | 23207 | 0       | 0        |
|--------------+----------------+-------+---------+----------|
| Run15Handler | beginMigration | 23239 | 0       | 0        |
|--------------+----------------+-------+---------+----------|
| Run15Handler | claim          | 23415 | 0       | 0        |
|--------------+----------------+-------+---------+----------|
| Run15Handler | donate         | 23578 | 0       | 0        |
|--------------+----------------+-------+---------+----------|
| Run15Handler | finalize       | 23176 | 0       | 0        |
|--------------+----------------+-------+---------+----------|
| Run15Handler | selfOut        | 23130 | 0       | 0        |
|--------------+----------------+-------+---------+----------|
| Run15Handler | stake          | 23562 | 0       | 0        |
|--------------+----------------+-------+---------+----------|
| Run15Handler | warpTime       | 23119 | 0       | 0        |
|--------------+----------------+-------+---------+----------|
| Run15Handler | withdrawSome   | 23172 | 0       | 0        |
╰--------------+----------------+-------+---------+----------╯

[PASS] invariant_C_neverAbovePar() (runs: 512, calls: 256000, reverts: 0)

╭--------------+----------------+-------+---------+----------╮
| Contract     | Selector       | Calls | Reverts | Discards |
+============================================================+
| Run15Handler | applyLoss      | 23218 | 0       | 0        |
|--------------+----------------+-------+---------+----------|
| Run15Handler | applyYield     | 23184 | 0       | 0        |
|--------------+----------------+-------+---------+----------|
| Run15Handler | batchOut       | 23207 | 0       | 0        |
|--------------+----------------+-------+---------+----------|
| Run15Handler | beginMigration | 23239 | 0       | 0        |
|--------------+----------------+-------+---------+----------|
| Run15Handler | claim          | 23415 | 0       | 0        |
|--------------+----------------+-------+---------+----------|
| Run15Handler | donate         | 23578 | 0       | 0        |
|--------------+----------------+-------+---------+----------|
| Run15Handler | finalize       | 23176 | 0       | 0        |
|--------------+----------------+-------+---------+----------|
| Run15Handler | selfOut        | 23130 | 0       | 0        |
|--------------+----------------+-------+---------+----------|
| Run15Handler | stake          | 23562 | 0       | 0        |
|--------------+----------------+-------+---------+----------|
| Run15Handler | warpTime       | 23119 | 0       | 0        |
|--------------+----------------+-------+---------+----------|
| Run15Handler | withdrawSome   | 23172 | 0       | 0        |
╰--------------+----------------+-------+---------+----------╯

[PASS] invariant_D_donationsAreNotExtractable() (runs: 512, calls: 256000, reverts: 0)

╭--------------+----------------+-------+---------+----------╮
| Contract     | Selector       | Calls | Reverts | Discards |
+============================================================+
| Run15Handler | applyLoss      | 23218 | 0       | 0        |
|--------------+----------------+-------+---------+----------|
| Run15Handler | applyYield     | 23184 | 0       | 0        |
|--------------+----------------+-------+---------+----------|
| Run15Handler | batchOut       | 23207 | 0       | 0        |
|--------------+----------------+-------+---------+----------|
| Run15Handler | beginMigration | 23239 | 0       | 0        |
|--------------+----------------+-------+---------+----------|
| Run15Handler | claim          | 23415 | 0       | 0        |
|--------------+----------------+-------+---------+----------|
| Run15Handler | donate         | 23578 | 0       | 0        |
|--------------+----------------+-------+---------+----------|
| Run15Handler | finalize       | 23176 | 0       | 0        |
|--------------+----------------+-------+---------+----------|
| Run15Handler | selfOut        | 23130 | 0       | 0        |
|--------------+----------------+-------+---------+----------|
| Run15Handler | stake          | 23562 | 0       | 0        |
|--------------+----------------+-------+---------+----------|
| Run15Handler | warpTime       | 23119 | 0       | 0        |
|--------------+----------------+-------+---------+----------|
| Run15Handler | withdrawSome   | 23172 | 0       | 0        |
╰--------------+----------------+-------+---------+----------╯

[PASS] invariant_E_noStuckState() (runs: 512, calls: 256000, reverts: 0)

╭--------------+----------------+-------+---------+----------╮
| Contract     | Selector       | Calls | Reverts | Discards |
+============================================================+
| Run15Handler | applyLoss      | 23218 | 0       | 0        |
|--------------+----------------+-------+---------+----------|
| Run15Handler | applyYield     | 23184 | 0       | 0        |
|--------------+----------------+-------+---------+----------|
| Run15Handler | batchOut       | 23207 | 0       | 0        |
|--------------+----------------+-------+---------+----------|
| Run15Handler | beginMigration | 23239 | 0       | 0        |
|--------------+----------------+-------+---------+----------|
| Run15Handler | claim          | 23415 | 0       | 0        |
|--------------+----------------+-------+---------+----------|
| Run15Handler | donate         | 23578 | 0       | 0        |
|--------------+----------------+-------+---------+----------|
| Run15Handler | finalize       | 23176 | 0       | 0        |
|--------------+----------------+-------+---------+----------|
| Run15Handler | selfOut        | 23130 | 0       | 0        |
|--------------+----------------+-------+---------+----------|
| Run15Handler | stake          | 23562 | 0       | 0        |
|--------------+----------------+-------+---------+----------|
| Run15Handler | warpTime       | 23119 | 0       | 0        |
|--------------+----------------+-------+---------+----------|
| Run15Handler | withdrawSome   | 23172 | 0       | 0        |
╰--------------+----------------+-------+---------+----------╯

[PASS] invariant_F_selfHealAlwaysClears() (runs: 512, calls: 256000, reverts: 0)

╭--------------+----------------+-------+---------+----------╮
| Contract     | Selector       | Calls | Reverts | Discards |
+============================================================+
| Run15Handler | applyLoss      | 23218 | 0       | 0        |
|--------------+----------------+-------+---------+----------|
| Run15Handler | applyYield     | 23184 | 0       | 0        |
|--------------+----------------+-------+---------+----------|
| Run15Handler | batchOut       | 23207 | 0       | 0        |
|--------------+----------------+-------+---------+----------|
| Run15Handler | beginMigration | 23239 | 0       | 0        |
|--------------+----------------+-------+---------+----------|
| Run15Handler | claim          | 23415 | 0       | 0        |
|--------------+----------------+-------+---------+----------|
| Run15Handler | donate         | 23578 | 0       | 0        |
|--------------+----------------+-------+---------+----------|
| Run15Handler | finalize       | 23176 | 0       | 0        |
|--------------+----------------+-------+---------+----------|
| Run15Handler | selfOut        | 23130 | 0       | 0        |
|--------------+----------------+-------+---------+----------|
| Run15Handler | stake          | 23562 | 0       | 0        |
|--------------+----------------+-------+---------+----------|
| Run15Handler | warpTime       | 23119 | 0       | 0        |
|--------------+----------------+-------+---------+----------|
| Run15Handler | withdrawSome   | 23172 | 0       | 0        |
╰--------------+----------------+-------+---------+----------╯

[PASS] test_coverage_reachabilityReport() (gas: 982508)
Logs:
  g_stakes             : 6
  g_withdraws          : 0
  g_migrationsBegun    : 2
  g_belowParMigrations : 2
  g_bookedSeen         : 100000000002
  g_batchExits         : 2
  g_selfExits          : 1
  g_creditsPaid        : 822539406202
  g_donated            : 5000000001
  g_finalized          : 1
  phUSD totalSupply    : 308571925877566413906204

Suite result: ok. 7 passed; 0 failed; 0 skipped; finished in 33.86s (181.05s CPU time)

Ran 1 test suite in 33.86s (33.86s CPU time): 7 tests passed, 0 failed, 0 skipped (7 total tests)
