[1m[32m⇾[0m[0m [1mReading the configuration file at: [1mmedusa-run15-negctl.json[0m[0m
[1m[32m⇾[0m[0m [1mCompiling targets with [1mcrytic-compile[0m[0m
[1m[32m⇾[0m[0m [1mRunning command:
/home/justin/.local/bin/crytic-compile . --export-format solc --foundry-compile-all[0m
[1m[32m⇾[0m[0m [1mFinished compiling targets in 8s[0m
[1m[32m⇾[0m[0m [1m[1martifacts: [0mMedusa is running against a [1m[32mnew[0m[0m set of build artifacts[0m
[1m[32m⇾[0m[0m [1mNo Slither cached results found at slither_results.json[0m
[1m[32m⇾[0m[0m [1mRunning Slither:
/home/justin/.local/bin/slither . --ignore-compile --print echidna --json -[0m
[1m[33mwarn[0m[0m [1mFailed to run slither[31m
‣ exit status 1[0m[0m
[1m[32m⇾[0m[0m [1mSetting up test chain[0m
[1m[32m⇾[0m[0m [1mFinished setting up test chain[0m
[1m[32m⇾[0m[0m [1mCreating corpus...[0m
[1m[32m⇾[0m[0m [1mFuzzing with [1m6[0m workers[0m
[1m[32m⇾[0m[0m [1m[1m[32m[NOT STARTED] [0m[0m[1mProperty Test: Run15Handler.negctl_alwaysFalse()[0m[0m
[1m[32m⇾[0m[0m [1m[1m[32m[NOT STARTED] [0m[0m[1mAssertion Test: Run15Handler.g_losses()[0m[0m
[1m[32m⇾[0m[0m [1m[1m[32m[NOT STARTED] [0m[0m[1mAssertion Test: Run15Handler.phUSD()[0m[0m
[1m[32m⇾[0m[0m [1m[1m[32m[NOT STARTED] [0m[0m[1mAssertion Test: Run15Handler.property_C_neverAbovePar()[0m[0m
[1m[32m⇾[0m[0m [1m[1m[32m[NOT STARTED] [0m[0m[1mAssertion Test: Run15Handler.property_D_donationsNotExtractable()[0m[0m
[1m[32m⇾[0m[0m [1m[1m[32m[NOT STARTED] [0m[0m[1mAssertion Test: Run15Handler.property_E_noStuckState()[0m[0m
[1m[32m⇾[0m[0m [1m[1m[32m[NOT STARTED] [0m[0m[1mAssertion Test: Run15Handler.property_G_seedSurvives()[0m[0m
[1m[32m⇾[0m[0m [1m[1m[32m[NOT STARTED] [0m[0m[1mAssertion Test: Run15Handler.property_A_totalStakedConserved()[0m[0m
[1m[32m⇾[0m[0m [1m[1m[32m[NOT STARTED] [0m[0m[1mAssertion Test: Run15Handler.property_B_migrationSolvency()[0m[0m
[1m[32m⇾[0m[0m [1m[1m[32m[NOT STARTED] [0m[0m[1mAssertion Test: Run15Handler.remainingObligation()[0m[0m
[1m[32m⇾[0m[0m [1m[1m[32m[NOT STARTED] [0m[0m[1mAssertion Test: Run15Handler.timeTravelAvailable()[0m[0m
[1m[32m⇾[0m[0m [1m[1m[32m[NOT STARTED] [0m[0m[1mAssertion Test: Run15Handler.token()[0m[0m
[1m[32m⇾[0m[0m [1m[1m[32m[NOT STARTED] [0m[0m[1mAssertion Test: Run15Handler.g_belowParMigrations()[0m[0m
[1m[32m⇾[0m[0m [1m[1m[32m[NOT STARTED] [0m[0m[1mAssertion Test: Run15Handler.g_bookedSeen()[0m[0m
[1m[32m⇾[0m[0m [1m[1m[32m[NOT STARTED] [0m[0m[1mAssertion Test: Run15Handler.g_migrationsBegun()[0m[0m
[1m[32m⇾[0m[0m [1m[1m[32m[NOT STARTED] [0m[0m[1mAssertion Test: Run15Handler.selfOut(uint256)[0m[0m
[1m[32m⇾[0m[0m [1m[1m[32m[NOT STARTED] [0m[0m[1mAssertion Test: Run15Handler.stake(uint256,uint256)[0m[0m
[1m[32m⇾[0m[0m [1m[1m[32m[NOT STARTED] [0m[0m[1mAssertion Test: Run15Handler.strat()[0m[0m
[1m[32m⇾[0m[0m [1m[1m[32m[NOT STARTED] [0m[0m[1mAssertion Test: Run15Handler.sumUserAmounts()[0m[0m
[1m[32m⇾[0m[0m [1m[1m[32m[NOT STARTED] [0m[0m[1mAssertion Test: Run15Handler.warpTime(uint256)[0m[0m
[1m[32m⇾[0m[0m [1m[1m[32m[NOT STARTED] [0m[0m[1mAssertion Test: Run15Handler.actorAddrs()[0m[0m
[1m[32m⇾[0m[0m [1m[1m[32m[NOT STARTED] [0m[0m[1mAssertion Test: Run15Handler.finalize()[0m[0m
[1m[32m⇾[0m[0m [1m[1m[32m[NOT STARTED] [0m[0m[1mAssertion Test: Run15Handler.g_batchExits()[0m[0m
[1m[32m⇾[0m[0m [1m[1m[32m[NOT STARTED] [0m[0m[1mAssertion Test: Run15Handler.g_selfExits()[0m[0m
[1m[32m⇾[0m[0m [1m[1m[32m[NOT STARTED] [0m[0m[1mAssertion Test: Run15Handler.g_creditsPaid()[0m[0m
[1m[32m⇾[0m[0m [1m[1m[32m[NOT STARTED] [0m[0m[1mAssertion Test: Run15Handler.g_gains()[0m[0m
[1m[32m⇾[0m[0m [1m[1m[32m[NOT STARTED] [0m[0m[1mAssertion Test: Run15Handler.vault()[0m[0m
[1m[32m⇾[0m[0m [1m[1m[32m[NOT STARTED] [0m[0m[1mAssertion Test: Run15Handler.claim(uint256)[0m[0m
[1m[32m⇾[0m[0m [1m[1m[32m[NOT STARTED] [0m[0m[1mAssertion Test: Run15Handler.g_sumR()[0m[0m
[1m[32m⇾[0m[0m [1m[1m[32m[NOT STARTED] [0m[0m[1mAssertion Test: Run15Handler.g_withdraws()[0m[0m
[1m[32m⇾[0m[0m [1m[1m[32m[NOT STARTED] [0m[0m[1mAssertion Test: Run15Handler.withdrawSome(uint256,uint256)[0m[0m
[1m[32m⇾[0m[0m [1m[1m[32m[NOT STARTED] [0m[0m[1mAssertion Test: Run15Handler.actors(uint256)[0m[0m
[1m[32m⇾[0m[0m [1m[1m[32m[NOT STARTED] [0m[0m[1mAssertion Test: Run15Handler.donate(uint256)[0m[0m
[1m[32m⇾[0m[0m [1m[1m[32m[NOT STARTED] [0m[0m[1mAssertion Test: Run15Handler.g_stakes()[0m[0m
[1m[32m⇾[0m[0m [1m[1m[32m[NOT STARTED] [0m[0m[1mAssertion Test: Run15Handler.g_sumP()[0m[0m
[1m[32m⇾[0m[0m [1m[1m[32m[NOT STARTED] [0m[0m[1mAssertion Test: Run15Handler.property_F_selfHealAlwaysClears()[0m[0m
[1m[32m⇾[0m[0m [1m[1m[32m[NOT STARTED] [0m[0m[1mAssertion Test: Run15Handler.applyLoss(uint256)[0m[0m
[1m[32m⇾[0m[0m [1m[1m[32m[NOT STARTED] [0m[0m[1mAssertion Test: Run15Handler.applyYield(uint256)[0m[0m
[1m[32m⇾[0m[0m [1m[1m[32m[NOT STARTED] [0m[0m[1mAssertion Test: Run15Handler.g_donated()[0m[0m
[1m[32m⇾[0m[0m [1m[1m[32m[NOT STARTED] [0m[0m[1mAssertion Test: Run15Handler.g_finalized()[0m[0m
[1m[32m⇾[0m[0m [1m[1m[32m[NOT STARTED] [0m[0m[1mAssertion Test: Run15Handler.staker()[0m[0m
[1m[32m⇾[0m[0m [1m[1m[32m[NOT STARTED] [0m[0m[1mAssertion Test: Run15Handler.batchOut(uint256,uint256)[0m[0m
[1m[32m⇾[0m[0m [1m[1mfuzz: [0melapsed: [1m      0s[0m, calls: [1m         0 (     0/sec)[0m, seq/s: [1m     0[0m, branches: [1m  2153[0m, corpus: [1m    0[0m, failures: [1m0/0[0m, gas/s: [1m           0[0m[0m
[1m[32m⇾[0m[0m [1m[1m[32m[NOT STARTED] [0m[0m[1mAssertion Test: Run15Handler.beginMigration()[0m[0m
[1m[32m⇾[0m[0m [1m[Worker 0] Shrinking call sequence for [1m[32mProperty Test: Run15Handler.negctl_alwaysFalse()[0m[0m[1m with [0m[1m1[0m[1m call(s)[0m[0m
[1m[32m⇾[0m[0m [1m[Worker 0] Shrinking complete after 0 attempts (limit: 5000)[0m
[1m[32m⇾[0m[0m [1m[Worker 1] Shrinking call sequence for [1m[32mProperty Test: Run15Handler.negctl_alwaysFalse()[0m[0m[1m with [0m[1m1[0m[1m call(s)[0m[0m
[1m[32m⇾[0m[0m [1m[Worker 1] Shrinking complete after 1 attempts (limit: 5000)[0m
[1m[32m⇾[0m[0m [1m[Worker 5] Shrinking call sequence for [1m[32mProperty Test: Run15Handler.negctl_alwaysFalse()[0m[0m[1m with [0m[1m1[0m[1m call(s)[0m[0m
[1m[32m⇾[0m[0m [1m[Worker 5] Shrinking complete after 2 attempts (limit: 5000)[0m
[1m[32m⇾[0m[0m [1m[Worker 4] Shrinking call sequence for [1m[32mProperty Test: Run15Handler.negctl_alwaysFalse()[0m[0m[1m with [0m[1m1[0m[1m call(s)[0m[0m
[1m[32m⇾[0m[0m [1m[Worker 4] Shrinking complete after 0 attempts (limit: 5000)[0m
[1m[32m⇾[0m[0m [1m[Worker 3] Shrinking call sequence for [1m[32mProperty Test: Run15Handler.negctl_alwaysFalse()[0m[0m[1m with [0m[1m1[0m[1m call(s)[0m[0m
[1m[32m⇾[0m[0m [1m[Worker 2] Shrinking call sequence for [1m[32mProperty Test: Run15Handler.negctl_alwaysFalse()[0m[0m[1m with [0m[1m1[0m[1m call(s)[0m[0m
[1m[32m⇾[0m[0m [1m[Worker 2] Shrinking complete after 0 attempts (limit: 5000)[0m
[1m[32m⇾[0m[0m [1m[Worker 3] Shrinking complete after 2 attempts (limit: 5000)[0m
[1m[32m⇾[0m[0m [1mFuzzer stopped, test results follow below ...[0m
[1m[32m⇾[0m[0m [1m[1m[32m[PASSED] [0m[0m[1mAssertion Test: Run15Handler.actorAddrs()[0m[0m
[1m[32m⇾[0m[0m [1m[1m[32m[PASSED] [0m[0m[1mAssertion Test: Run15Handler.actors(uint256)[0m[0m
[1m[32m⇾[0m[0m [1m[1m[32m[PASSED] [0m[0m[1mAssertion Test: Run15Handler.applyLoss(uint256)[0m[0m
[1m[32m⇾[0m[0m [1m[1m[32m[PASSED] [0m[0m[1mAssertion Test: Run15Handler.applyYield(uint256)[0m[0m
[1m[32m⇾[0m[0m [1m[1m[32m[PASSED] [0m[0m[1mAssertion Test: Run15Handler.batchOut(uint256,uint256)[0m[0m
[1m[32m⇾[0m[0m [1m[1m[32m[PASSED] [0m[0m[1mAssertion Test: Run15Handler.beginMigration()[0m[0m
[1m[32m⇾[0m[0m [1m[1m[32m[PASSED] [0m[0m[1mAssertion Test: Run15Handler.claim(uint256)[0m[0m
[1m[32m⇾[0m[0m [1m[1m[32m[PASSED] [0m[0m[1mAssertion Test: Run15Handler.donate(uint256)[0m[0m
[1m[32m⇾[0m[0m [1m[1m[32m[PASSED] [0m[0m[1mAssertion Test: Run15Handler.finalize()[0m[0m
[1m[32m⇾[0m[0m [1m[1m[32m[PASSED] [0m[0m[1mAssertion Test: Run15Handler.g_batchExits()[0m[0m
[1m[32m⇾[0m[0m [1m[1m[32m[PASSED] [0m[0m[1mAssertion Test: Run15Handler.g_belowParMigrations()[0m[0m
[1m[32m⇾[0m[0m [1m[1m[32m[PASSED] [0m[0m[1mAssertion Test: Run15Handler.g_bookedSeen()[0m[0m
[1m[32m⇾[0m[0m [1m[1m[32m[PASSED] [0m[0m[1mAssertion Test: Run15Handler.g_creditsPaid()[0m[0m
[1m[32m⇾[0m[0m [1m[1m[32m[PASSED] [0m[0m[1mAssertion Test: Run15Handler.g_donated()[0m[0m
[1m[32m⇾[0m[0m [1m[1m[32m[PASSED] [0m[0m[1mAssertion Test: Run15Handler.g_finalized()[0m[0m
[1m[32m⇾[0m[0m [1m[1m[32m[PASSED] [0m[0m[1mAssertion Test: Run15Handler.g_gains()[0m[0m
[1m[32m⇾[0m[0m [1m[1m[32m[PASSED] [0m[0m[1mAssertion Test: Run15Handler.g_losses()[0m[0m
[1m[32m⇾[0m[0m [1m[1m[32m[PASSED] [0m[0m[1mAssertion Test: Run15Handler.g_migrationsBegun()[0m[0m
[1m[32m⇾[0m[0m [1m[1m[32m[PASSED] [0m[0m[1mAssertion Test: Run15Handler.g_selfExits()[0m[0m
[1m[32m⇾[0m[0m [1m[1m[32m[PASSED] [0m[0m[1mAssertion Test: Run15Handler.g_stakes()[0m[0m
[1m[32m⇾[0m[0m [1m[1m[32m[PASSED] [0m[0m[1mAssertion Test: Run15Handler.g_sumP()[0m[0m
[1m[32m⇾[0m[0m [1m[1m[32m[PASSED] [0m[0m[1mAssertion Test: Run15Handler.g_sumR()[0m[0m
[1m[32m⇾[0m[0m [1m[1m[32m[PASSED] [0m[0m[1mAssertion Test: Run15Handler.g_withdraws()[0m[0m
[1m[32m⇾[0m[0m [1m[1m[32m[PASSED] [0m[0m[1mAssertion Test: Run15Handler.phUSD()[0m[0m
[1m[32m⇾[0m[0m [1m[1m[32m[PASSED] [0m[0m[1mAssertion Test: Run15Handler.property_A_totalStakedConserved()[0m[0m
[1m[32m⇾[0m[0m [1m[1m[32m[PASSED] [0m[0m[1mAssertion Test: Run15Handler.property_B_migrationSolvency()[0m[0m
[1m[32m⇾[0m[0m [1m[1m[32m[PASSED] [0m[0m[1mAssertion Test: Run15Handler.property_C_neverAbovePar()[0m[0m
[1m[32m⇾[0m[0m [1m[1m[32m[PASSED] [0m[0m[1mAssertion Test: Run15Handler.property_D_donationsNotExtractable()[0m[0m
[1m[32m⇾[0m[0m [1m[1m[32m[PASSED] [0m[0m[1mAssertion Test: Run15Handler.property_E_noStuckState()[0m[0m
[1m[32m⇾[0m[0m [1m[1m[32m[PASSED] [0m[0m[1mAssertion Test: Run15Handler.property_F_selfHealAlwaysClears()[0m[0m
[1m[32m⇾[0m[0m [1m[1m[32m[PASSED] [0m[0m[1mAssertion Test: Run15Handler.property_G_seedSurvives()[0m[0m
[1m[32m⇾[0m[0m [1m[1m[32m[PASSED] [0m[0m[1mAssertion Test: Run15Handler.remainingObligation()[0m[0m
[1m[32m⇾[0m[0m [1m[1m[32m[PASSED] [0m[0m[1mAssertion Test: Run15Handler.selfOut(uint256)[0m[0m
[1m[32m⇾[0m[0m [1m[1m[32m[PASSED] [0m[0m[1mAssertion Test: Run15Handler.stake(uint256,uint256)[0m[0m
[1m[32m⇾[0m[0m [1m[1m[32m[PASSED] [0m[0m[1mAssertion Test: Run15Handler.staker()[0m[0m
[1m[32m⇾[0m[0m [1m[1m[32m[PASSED] [0m[0m[1mAssertion Test: Run15Handler.strat()[0m[0m
[1m[32m⇾[0m[0m [1m[1m[32m[PASSED] [0m[0m[1mAssertion Test: Run15Handler.sumUserAmounts()[0m[0m
[1m[32m⇾[0m[0m [1m[1m[32m[PASSED] [0m[0m[1mAssertion Test: Run15Handler.timeTravelAvailable()[0m[0m
[1m[32m⇾[0m[0m [1m[1m[32m[PASSED] [0m[0m[1mAssertion Test: Run15Handler.token()[0m[0m
[1m[32m⇾[0m[0m [1m[1m[32m[PASSED] [0m[0m[1mAssertion Test: Run15Handler.vault()[0m[0m
[1m[32m⇾[0m[0m [1m[1m[32m[PASSED] [0m[0m[1mAssertion Test: Run15Handler.warpTime(uint256)[0m[0m
[1m[32m⇾[0m[0m [1m[1m[32m[PASSED] [0m[0m[1mAssertion Test: Run15Handler.withdrawSome(uint256,uint256)[0m[0m
[1m[32m⇾[0m[0m [1m[1m[31m[FAILED] [0m[0m[1mProperty Test: Run15Handler.negctl_alwaysFalse()[0m
Test for method "Run15Handler.negctl_alwaysFalse()" failed after the following call sequence:
[1m[Call Sequence][0m
1) Run15Handler.donate(uint256)(115788727390518956036890859265140345564623430358969668921028891455463926233449) (block=8357, time=310343, gas=12500000, gasprice=0, value=0, sender=0x10000)
[1m[Execution Trace][0m
 => [1m[34m[call] [0m[0mRun15Handler.donate(uint256)(115788727390518956036890859265140345564623430358969668921028891455463926233449) (addr=0xA647ff3c36cFab592509E13860ab8c4F28781a66, value=0, sender=0x10000)
	 => [1m[34m[call] [0m[0mMockERC20.mint(address,uint256)(0x1A4652Fe54709A39bf1dDDA84ef325F7ABda5A69, 63926233450) (addr=0x54919A19522Ce7c842E25735a9cFEcef1c0a06dA, value=0, sender=0xA647ff3c36cFab592509E13860ab8c4F28781a66)
		 => [1m[35m[event] [0m[0mTransfer(0x0, 0x1A4652Fe54709A39bf1dDDA84ef325F7ABda5A69, 63926233450)
		 => [1m[32m[return ()][0m[0m
	 => [1m[32m[return ()][0m[0m

[1m[Property Test Execution Trace][0m
[1m[Execution Trace][0m
 => [1m[34m[call] [0m[0mRun15Handler.negctl_alwaysFalse()() (addr=0xA647ff3c36cFab592509E13860ab8c4F28781a66, value=0, sender=0x10000)
	 => [1m[32m[return (false)][0m[0m
[0m
[1m[32m⇾[0m[0m [1mTest summary: [1m[32m42[0m[0m test(s) passed, [1m[31m1[0m[0m test(s) failed[0m
[1m[32m⇾[0m[0m [1mhtml report(s) saved to: medusa-corpus-run15-negctl/coverage/coverage_report.html[0m
[1m[32m⇾[0m[0m [1mlcov report(s) saved to: medusa-corpus-run15-negctl/coverage/lcov.info[0m
