[1m[32m⇾[0m[0m [1mReading the configuration file at: [1mmedusa-run15.json[0m[0m
[1m[32m⇾[0m[0m [1mCompiling targets with [1mcrytic-compile[0m[0m
[1m[32m⇾[0m[0m [1mRunning command:
/home/justin/.local/bin/crytic-compile . --export-format solc --foundry-compile-all[0m
[1m[32m⇾[0m[0m [1mFinished compiling targets in 7s[0m
[1m[32m⇾[0m[0m [1m[1martifacts: [0mMedusa is running against a [1m[32mnew[0m[0m set of build artifacts[0m
[1m[32m⇾[0m[0m [1mNo Slither cached results found at slither_results.json[0m
[1m[32m⇾[0m[0m [1mRunning Slither:
/home/justin/.local/bin/slither . --ignore-compile --print echidna --json -[0m
[1m[33mwarn[0m[0m [1mFailed to run slither[31m
‣ exit status 1[0m[0m
[1m[32m⇾[0m[0m [1mSetting up test chain[0m
[1m[32m⇾[0m[0m [1mFinished setting up test chain[0m
[1m[32m⇾[0m[0m [1mCreating corpus...[0m
[1m[32m⇾[0m[0m [1mInitializing corpus...[0m
[1m[32m⇾[0m[0m [1mFuzzing with [1m6[0m workers[0m
[1m[32m⇾[0m[0m [1m[1m[32m[NOT STARTED] [0m[0m[1mProperty Test: Run15Handler.property_A_totalStakedConserved()[0m[0m
[1m[32m⇾[0m[0m [1m[1m[32m[NOT STARTED] [0m[0m[1mProperty Test: Run15Handler.property_D_donationsNotExtractable()[0m[0m
[1m[32m⇾[0m[0m [1m[1m[32m[NOT STARTED] [0m[0m[1mProperty Test: Run15Handler.property_E_noStuckState()[0m[0m
[1m[32m⇾[0m[0m [1m[1m[32m[NOT STARTED] [0m[0m[1mProperty Test: Run15Handler.property_C_neverAbovePar()[0m[0m
[1m[32m⇾[0m[0m [1m[1m[32m[NOT STARTED] [0m[0m[1mProperty Test: Run15Handler.property_B_migrationSolvency()[0m[0m
[1m[32m⇾[0m[0m [1m[1m[32m[NOT STARTED] [0m[0m[1mProperty Test: Run15Handler.property_G_seedSurvives()[0m[0m
[1m[32m⇾[0m[0m [1m[1m[32m[NOT STARTED] [0m[0m[1mProperty Test: Run15Handler.property_F_selfHealAlwaysClears()[0m[0m
[1m[32m⇾[0m[0m [1m[1m[32m[NOT STARTED] [0m[0m[1mAssertion Test: Run15Handler.warpTime(uint256)[0m[0m
[1m[32m⇾[0m[0m [1m[1m[32m[NOT STARTED] [0m[0m[1mAssertion Test: Run15Handler.withdrawSome(uint256,uint256)[0m[0m
[1m[32m⇾[0m[0m [1m[1m[32m[NOT STARTED] [0m[0m[1mAssertion Test: Run15Handler.stake(uint256,uint256)[0m[0m
[1m[32m⇾[0m[0m [1m[1m[32m[NOT STARTED] [0m[0m[1mAssertion Test: Run15Handler.vault()[0m[0m
[1m[32m⇾[0m[0m [1m[1m[32m[NOT STARTED] [0m[0m[1mAssertion Test: Run15Handler.applyLoss(uint256)[0m[0m
[1m[32m⇾[0m[0m [1m[1m[32m[NOT STARTED] [0m[0m[1mAssertion Test: Run15Handler.applyYield(uint256)[0m[0m
[1m[32m⇾[0m[0m [1m[1m[32m[NOT STARTED] [0m[0m[1mAssertion Test: Run15Handler.negctl_alwaysFalse()[0m[0m
[1m[32m⇾[0m[0m [1m[1m[32m[NOT STARTED] [0m[0m[1mAssertion Test: Run15Handler.g_sumP()[0m[0m
[1m[32m⇾[0m[0m [1m[1m[32m[NOT STARTED] [0m[0m[1mAssertion Test: Run15Handler.g_sumR()[0m[0m
[1m[32m⇾[0m[0m [1m[1m[32m[NOT STARTED] [0m[0m[1mAssertion Test: Run15Handler.g_batchExits()[0m[0m
[1m[32m⇾[0m[0m [1m[1m[32m[NOT STARTED] [0m[0m[1mAssertion Test: Run15Handler.g_losses()[0m[0m
[1m[32m⇾[0m[0m [1m[1m[32m[NOT STARTED] [0m[0m[1mAssertion Test: Run15Handler.g_migrationsBegun()[0m[0m
[1m[32m⇾[0m[0m [1m[1m[32m[NOT STARTED] [0m[0m[1mAssertion Test: Run15Handler.g_stakes()[0m[0m
[1m[32m⇾[0m[0m [1m[1m[32m[NOT STARTED] [0m[0m[1mAssertion Test: Run15Handler.remainingObligation()[0m[0m
[1m[32m⇾[0m[0m [1m[1m[32m[NOT STARTED] [0m[0m[1mAssertion Test: Run15Handler.actors(uint256)[0m[0m
[1m[32m⇾[0m[0m [1m[1m[32m[NOT STARTED] [0m[0m[1mAssertion Test: Run15Handler.finalize()[0m[0m
[1m[32m⇾[0m[0m [1m[1m[32m[NOT STARTED] [0m[0m[1mAssertion Test: Run15Handler.g_gains()[0m[0m
[1m[32m⇾[0m[0m [1m[1m[32m[NOT STARTED] [0m[0m[1mAssertion Test: Run15Handler.g_selfExits()[0m[0m
[1m[32m⇾[0m[0m [1m[1mfuzz: [0melapsed: [1m      0s[0m, calls: [1m         0 (     0/sec)[0m, seq/s: [1m     0[0m, branches: [1m  2153[0m, corpus: [1m    0[0m, failures: [1m0/0[0m, gas/s: [1m           0[0m[0m
[1m[32m⇾[0m[0m [1m[1m[32m[NOT STARTED] [0m[0m[1mAssertion Test: Run15Handler.strat()[0m[0m
[1m[32m⇾[0m[0m [1m[1m[32m[NOT STARTED] [0m[0m[1mAssertion Test: Run15Handler.actorAddrs()[0m[0m
[1m[32m⇾[0m[0m [1m[1m[32m[NOT STARTED] [0m[0m[1mAssertion Test: Run15Handler.donate(uint256)[0m[0m
[1m[32m⇾[0m[0m [1m[1m[32m[NOT STARTED] [0m[0m[1mAssertion Test: Run15Handler.g_bookedSeen()[0m[0m
[1m[32m⇾[0m[0m [1m[1m[32m[NOT STARTED] [0m[0m[1mAssertion Test: Run15Handler.g_finalized()[0m[0m
[1m[32m⇾[0m[0m [1m[1m[32m[NOT STARTED] [0m[0m[1mAssertion Test: Run15Handler.selfOut(uint256)[0m[0m
[1m[32m⇾[0m[0m [1m[1m[32m[NOT STARTED] [0m[0m[1mAssertion Test: Run15Handler.staker()[0m[0m
[1m[32m⇾[0m[0m [1m[1m[32m[NOT STARTED] [0m[0m[1mAssertion Test: Run15Handler.sumUserAmounts()[0m[0m
[1m[32m⇾[0m[0m [1m[1m[32m[NOT STARTED] [0m[0m[1mAssertion Test: Run15Handler.beginMigration()[0m[0m
[1m[32m⇾[0m[0m [1m[1m[32m[NOT STARTED] [0m[0m[1mAssertion Test: Run15Handler.g_donated()[0m[0m
[1m[32m⇾[0m[0m [1m[1m[32m[NOT STARTED] [0m[0m[1mAssertion Test: Run15Handler.g_withdraws()[0m[0m
[1m[32m⇾[0m[0m [1m[1m[32m[NOT STARTED] [0m[0m[1mAssertion Test: Run15Handler.timeTravelAvailable()[0m[0m
[1m[32m⇾[0m[0m [1m[1m[32m[NOT STARTED] [0m[0m[1mAssertion Test: Run15Handler.token()[0m[0m
[1m[32m⇾[0m[0m [1m[1m[32m[NOT STARTED] [0m[0m[1mAssertion Test: Run15Handler.batchOut(uint256,uint256)[0m[0m
[1m[32m⇾[0m[0m [1m[1m[32m[NOT STARTED] [0m[0m[1mAssertion Test: Run15Handler.claim(uint256)[0m[0m
[1m[32m⇾[0m[0m [1m[1m[32m[NOT STARTED] [0m[0m[1mAssertion Test: Run15Handler.g_belowParMigrations()[0m[0m
[1m[32m⇾[0m[0m [1m[1m[32m[NOT STARTED] [0m[0m[1mAssertion Test: Run15Handler.g_creditsPaid()[0m[0m
[1m[32m⇾[0m[0m [1m[1m[32m[NOT STARTED] [0m[0m[1mAssertion Test: Run15Handler.phUSD()[0m[0m
[1m[32m⇾[0m[0m [1m[1mfuzz: [0melapsed: [1m      3s[0m, calls: [1m     16880 (  5624/sec)[0m, seq/s: [1m    70[0m, branches: [1m  3490[0m, corpus: [1m   78[0m, failures: [1m0/213[0m, gas/s: [1m   371523684[0m[0m
[1m[32m⇾[0m[0m [1m[1mfuzz: [0melapsed: [1m      6s[0m, calls: [1m     33354 (  5490/sec)[0m, seq/s: [1m    55[0m, branches: [1m  3516[0m, corpus: [1m   79[0m, failures: [1m0/379[0m, gas/s: [1m   369519991[0m[0m
[1m[32m⇾[0m[0m [1m[1mfuzz: [0melapsed: [1m      9s[0m, calls: [1m     50724 (  5789/sec)[0m, seq/s: [1m    57[0m, branches: [1m  3516[0m, corpus: [1m   79[0m, failures: [1m0/552[0m, gas/s: [1m   389611977[0m[0m
[1m[32m⇾[0m[0m [1m[1mfuzz: [0melapsed: [1m     12s[0m, calls: [1m     67115 (  5463/sec)[0m, seq/s: [1m    54[0m, branches: [1m  3516[0m, corpus: [1m   79[0m, failures: [1m0/715[0m, gas/s: [1m   365697794[0m[0m
[1m[32m⇾[0m[0m [1m[1mfuzz: [0melapsed: [1m     15s[0m, calls: [1m     83301 (  5393/sec)[0m, seq/s: [1m    54[0m, branches: [1m  3516[0m, corpus: [1m   79[0m, failures: [1m0/879[0m, gas/s: [1m   363852643[0m[0m
[1m[32m⇾[0m[0m [1m[1mfuzz: [0melapsed: [1m     18s[0m, calls: [1m    100903 (  5863/sec)[0m, seq/s: [1m    58[0m, branches: [1m  3527[0m, corpus: [1m   80[0m, failures: [1m0/1055[0m, gas/s: [1m   393839122[0m[0m
[1m[32m⇾[0m[0m [1m[1mfuzz: [0melapsed: [1m     21s[0m, calls: [1m    117621 (  5557/sec)[0m, seq/s: [1m    55[0m, branches: [1m  3527[0m, corpus: [1m   80[0m, failures: [1m0/1223[0m, gas/s: [1m   378297922[0m[0m
[1m[32m⇾[0m[0m [1m[1mfuzz: [0melapsed: [1m     24s[0m, calls: [1m    134409 (  5594/sec)[0m, seq/s: [1m    55[0m, branches: [1m  3527[0m, corpus: [1m   80[0m, failures: [1m0/1390[0m, gas/s: [1m   382050889[0m[0m
[1m[32m⇾[0m[0m [1m[1mfuzz: [0melapsed: [1m     27s[0m, calls: [1m    149937 (  5175/sec)[0m, seq/s: [1m    51[0m, branches: [1m  3527[0m, corpus: [1m   80[0m, failures: [1m0/1545[0m, gas/s: [1m   355491088[0m[0m
[1m[32m⇾[0m[0m [1m[1mfuzz: [0melapsed: [1m     30s[0m, calls: [1m    166094 (  5384/sec)[0m, seq/s: [1m    53[0m, branches: [1m  3527[0m, corpus: [1m   80[0m, failures: [1m0/1706[0m, gas/s: [1m   370638326[0m[0m
[1m[32m⇾[0m[0m [1m[1mfuzz: [0melapsed: [1m     33s[0m, calls: [1m    180582 (  4826/sec)[0m, seq/s: [1m    48[0m, branches: [1m  3527[0m, corpus: [1m   80[0m, failures: [1m0/1851[0m, gas/s: [1m   326950281[0m[0m
[1m[32m⇾[0m[0m [1m[1mfuzz: [0melapsed: [1m     36s[0m, calls: [1m    191858 (  3757/sec)[0m, seq/s: [1m    37[0m, branches: [1m  3527[0m, corpus: [1m   80[0m, failures: [1m0/1963[0m, gas/s: [1m   258874010[0m[0m
[1m[32m⇾[0m[0m [1m[1mfuzz: [0melapsed: [1m     39s[0m, calls: [1m    203028 (  3721/sec)[0m, seq/s: [1m    37[0m, branches: [1m  3527[0m, corpus: [1m   80[0m, failures: [1m0/2076[0m, gas/s: [1m   252733309[0m[0m
[1m[32m⇾[0m[0m [1m[1mfuzz: [0melapsed: [1m     42s[0m, calls: [1m    214096 (  3686/sec)[0m, seq/s: [1m    36[0m, branches: [1m  3527[0m, corpus: [1m   80[0m, failures: [1m0/2186[0m, gas/s: [1m   252887854[0m[0m
[1m[32m⇾[0m[0m [1m[1mfuzz: [0melapsed: [1m     45s[0m, calls: [1m    226417 (  4097/sec)[0m, seq/s: [1m    41[0m, branches: [1m  3527[0m, corpus: [1m   80[0m, failures: [1m0/2310[0m, gas/s: [1m   277436035[0m[0m
[1m[32m⇾[0m[0m [1m[1mfuzz: [0melapsed: [1m     48s[0m, calls: [1m    237722 (  3767/sec)[0m, seq/s: [1m    37[0m, branches: [1m  3527[0m, corpus: [1m   80[0m, failures: [1m0/2422[0m, gas/s: [1m   259689638[0m[0m
[1m[32m⇾[0m[0m [1m[1mfuzz: [0melapsed: [1m     51s[0m, calls: [1m    248696 (  3657/sec)[0m, seq/s: [1m    36[0m, branches: [1m  3527[0m, corpus: [1m   80[0m, failures: [1m0/2532[0m, gas/s: [1m   250849952[0m[0m
[1m[32m⇾[0m[0m [1m[1mfuzz: [0melapsed: [1m     54s[0m, calls: [1m    261185 (  4162/sec)[0m, seq/s: [1m    41[0m, branches: [1m  3527[0m, corpus: [1m   80[0m, failures: [1m0/2657[0m, gas/s: [1m   285332090[0m[0m
[1m[32m⇾[0m[0m [1m[1mfuzz: [0melapsed: [1m     57s[0m, calls: [1m    273204 (  4006/sec)[0m, seq/s: [1m    39[0m, branches: [1m  3527[0m, corpus: [1m   80[0m, failures: [1m0/2777[0m, gas/s: [1m   274788174[0m[0m
[1m[32m⇾[0m[0m [1m[1mfuzz: [0melapsed: [1m   1m00s[0m, calls: [1m    285911 (  4235/sec)[0m, seq/s: [1m    42[0m, branches: [1m  3527[0m, corpus: [1m   80[0m, failures: [1m0/2905[0m, gas/s: [1m   289017416[0m[0m
[1m[32m⇾[0m[0m [1m[1mfuzz: [0melapsed: [1m   1m03s[0m, calls: [1m    298094 (  4059/sec)[0m, seq/s: [1m    40[0m, branches: [1m  3527[0m, corpus: [1m   80[0m, failures: [1m0/3027[0m, gas/s: [1m   275615387[0m[0m
[1m[32m⇾[0m[0m [1m[1mfuzz: [0melapsed: [1m   1m06s[0m, calls: [1m    309724 (  3875/sec)[0m, seq/s: [1m    37[0m, branches: [1m  3527[0m, corpus: [1m   80[0m, failures: [1m0/3141[0m, gas/s: [1m   261597700[0m[0m
[1m[32m⇾[0m[0m [1m[1mfuzz: [0melapsed: [1m   1m09s[0m, calls: [1m    321102 (  3792/sec)[0m, seq/s: [1m    38[0m, branches: [1m  3527[0m, corpus: [1m   80[0m, failures: [1m0/3257[0m, gas/s: [1m   259907937[0m[0m
[1m[32m⇾[0m[0m [1m[1mfuzz: [0melapsed: [1m   1m12s[0m, calls: [1m    332398 (  3763/sec)[0m, seq/s: [1m    37[0m, branches: [1m  3527[0m, corpus: [1m   80[0m, failures: [1m0/3369[0m, gas/s: [1m   260109118[0m[0m
[1m[32m⇾[0m[0m [1m[1mfuzz: [0melapsed: [1m   1m15s[0m, calls: [1m    343719 (  3772/sec)[0m, seq/s: [1m    38[0m, branches: [1m  3527[0m, corpus: [1m   80[0m, failures: [1m0/3484[0m, gas/s: [1m   253067334[0m[0m
[1m[32m⇾[0m[0m [1m[1mfuzz: [0melapsed: [1m   1m18s[0m, calls: [1m    354632 (  3635/sec)[0m, seq/s: [1m    35[0m, branches: [1m  3527[0m, corpus: [1m   80[0m, failures: [1m0/3591[0m, gas/s: [1m   248706723[0m[0m
[1m[32m⇾[0m[0m [1m[1mfuzz: [0melapsed: [1m   1m21s[0m, calls: [1m    364177 (  3181/sec)[0m, seq/s: [1m    31[0m, branches: [1m  3527[0m, corpus: [1m   80[0m, failures: [1m0/3687[0m, gas/s: [1m   216570902[0m[0m
[1m[32m⇾[0m[0m [1m[1mfuzz: [0melapsed: [1m   1m24s[0m, calls: [1m    375043 (  3619/sec)[0m, seq/s: [1m    36[0m, branches: [1m  3527[0m, corpus: [1m   80[0m, failures: [1m0/3796[0m, gas/s: [1m   242773594[0m[0m
[1m[32m⇾[0m[0m [1m[1mfuzz: [0melapsed: [1m   1m27s[0m, calls: [1m    386924 (  3960/sec)[0m, seq/s: [1m    39[0m, branches: [1m  3527[0m, corpus: [1m   80[0m, failures: [1m0/3915[0m, gas/s: [1m   268449591[0m[0m
[1m[32m⇾[0m[0m [1m[1mfuzz: [0melapsed: [1m   1m30s[0m, calls: [1m    398685 (  3919/sec)[0m, seq/s: [1m    38[0m, branches: [1m  3527[0m, corpus: [1m   80[0m, failures: [1m0/4032[0m, gas/s: [1m   270015870[0m[0m
[1m[32m⇾[0m[0m [1m[1mfuzz: [0melapsed: [1m   1m33s[0m, calls: [1m    411806 (  4371/sec)[0m, seq/s: [1m    43[0m, branches: [1m  3527[0m, corpus: [1m   80[0m, failures: [1m0/4162[0m, gas/s: [1m   296467412[0m[0m
[1m[32m⇾[0m[0m [1m[1mfuzz: [0melapsed: [1m   1m36s[0m, calls: [1m    424292 (  4160/sec)[0m, seq/s: [1m    41[0m, branches: [1m  3527[0m, corpus: [1m   80[0m, failures: [1m0/4288[0m, gas/s: [1m   281591373[0m[0m
[1m[32m⇾[0m[0m [1m[1mfuzz: [0melapsed: [1m   1m39s[0m, calls: [1m    437087 (  4264/sec)[0m, seq/s: [1m    42[0m, branches: [1m  3527[0m, corpus: [1m   80[0m, failures: [1m0/4415[0m, gas/s: [1m   289415616[0m[0m
[1m[32m⇾[0m[0m [1m[1mfuzz: [0melapsed: [1m   1m42s[0m, calls: [1m    449399 (  4102/sec)[0m, seq/s: [1m    41[0m, branches: [1m  3527[0m, corpus: [1m   80[0m, failures: [1m0/4539[0m, gas/s: [1m   276520395[0m[0m
[1m[32m⇾[0m[0m [1m[1mfuzz: [0melapsed: [1m   1m45s[0m, calls: [1m    459193 (  3264/sec)[0m, seq/s: [1m    32[0m, branches: [1m  3527[0m, corpus: [1m   80[0m, failures: [1m0/4638[0m, gas/s: [1m   221125731[0m[0m
[1m[32m⇾[0m[0m [1m[1mfuzz: [0melapsed: [1m   1m48s[0m, calls: [1m    470215 (  3671/sec)[0m, seq/s: [1m    36[0m, branches: [1m  3527[0m, corpus: [1m   80[0m, failures: [1m0/4747[0m, gas/s: [1m   251083225[0m[0m
[1m[32m⇾[0m[0m [1m[1mfuzz: [0melapsed: [1m   1m51s[0m, calls: [1m    481299 (  3694/sec)[0m, seq/s: [1m    37[0m, branches: [1m  3527[0m, corpus: [1m   80[0m, failures: [1m0/4859[0m, gas/s: [1m   247443633[0m[0m
[1m[32m⇾[0m[0m [1m[1mfuzz: [0melapsed: [1m   1m54s[0m, calls: [1m    491170 (  3289/sec)[0m, seq/s: [1m    32[0m, branches: [1m  3527[0m, corpus: [1m   80[0m, failures: [1m0/4957[0m, gas/s: [1m   223029796[0m[0m
[1m[32m⇾[0m[0m [1m[1mfuzz: [0melapsed: [1m   1m57s[0m, calls: [1m    501434 (  3420/sec)[0m, seq/s: [1m    33[0m, branches: [1m  3527[0m, corpus: [1m   80[0m, failures: [1m0/5059[0m, gas/s: [1m   235020916[0m[0m
[1m[32m⇾[0m[0m [1m[1mfuzz: [0melapsed: [1m   2m00s[0m, calls: [1m    511666 (  3410/sec)[0m, seq/s: [1m    34[0m, branches: [1m  3527[0m, corpus: [1m   80[0m, failures: [1m0/5162[0m, gas/s: [1m   232407948[0m[0m
[1m[32m⇾[0m[0m [1m[1mfuzz: [0melapsed: [1m   2m03s[0m, calls: [1m    521815 (  3381/sec)[0m, seq/s: [1m    33[0m, branches: [1m  3527[0m, corpus: [1m   80[0m, failures: [1m0/5262[0m, gas/s: [1m   229763594[0m[0m
[1m[32m⇾[0m[0m [1m[1mfuzz: [0melapsed: [1m   2m06s[0m, calls: [1m    532270 (  3481/sec)[0m, seq/s: [1m    35[0m, branches: [1m  3527[0m, corpus: [1m   80[0m, failures: [1m0/5368[0m, gas/s: [1m   241323653[0m[0m
[1m[32m⇾[0m[0m [1m[1mfuzz: [0melapsed: [1m   2m09s[0m, calls: [1m    543296 (  3665/sec)[0m, seq/s: [1m    36[0m, branches: [1m  3527[0m, corpus: [1m   80[0m, failures: [1m0/5479[0m, gas/s: [1m   250149018[0m[0m
[1m[32m⇾[0m[0m [1m[1mfuzz: [0melapsed: [1m   2m12s[0m, calls: [1m    554071 (  3583/sec)[0m, seq/s: [1m    35[0m, branches: [1m  3527[0m, corpus: [1m   80[0m, failures: [1m0/5586[0m, gas/s: [1m   245138865[0m[0m
[1m[32m⇾[0m[0m [1m[1mfuzz: [0melapsed: [1m   2m15s[0m, calls: [1m    565197 (  3707/sec)[0m, seq/s: [1m    36[0m, branches: [1m  3527[0m, corpus: [1m   80[0m, failures: [1m0/5697[0m, gas/s: [1m   251759896[0m[0m
[1m[32m⇾[0m[0m [1m[1mfuzz: [0melapsed: [1m   2m18s[0m, calls: [1m    575610 (  3470/sec)[0m, seq/s: [1m    34[0m, branches: [1m  3527[0m, corpus: [1m   80[0m, failures: [1m0/5802[0m, gas/s: [1m   238832846[0m[0m
[1m[32m⇾[0m[0m [1m[1mfuzz: [0melapsed: [1m   2m21s[0m, calls: [1m    585615 (  3334/sec)[0m, seq/s: [1m    33[0m, branches: [1m  3527[0m, corpus: [1m   80[0m, failures: [1m0/5902[0m, gas/s: [1m   230012826[0m[0m
[1m[32m⇾[0m[0m [1m[1mfuzz: [0melapsed: [1m   2m24s[0m, calls: [1m    595829 (  3403/sec)[0m, seq/s: [1m    34[0m, branches: [1m  3527[0m, corpus: [1m   80[0m, failures: [1m0/6005[0m, gas/s: [1m   231013088[0m[0m
[1m[32m⇾[0m[0m [1m[1mfuzz: [0melapsed: [1m   2m27s[0m, calls: [1m    607651 (  3938/sec)[0m, seq/s: [1m    39[0m, branches: [1m  3527[0m, corpus: [1m   80[0m, failures: [1m0/6123[0m, gas/s: [1m   269753087[0m[0m
[1m[32m⇾[0m[0m [1m[1mfuzz: [0melapsed: [1m   2m30s[0m, calls: [1m    619638 (  3995/sec)[0m, seq/s: [1m    39[0m, branches: [1m  3527[0m, corpus: [1m   80[0m, failures: [1m0/6242[0m, gas/s: [1m   269870363[0m[0m
[1m[32m⇾[0m[0m [1m[1mfuzz: [0melapsed: [1m   2m33s[0m, calls: [1m    632903 (  4419/sec)[0m, seq/s: [1m    43[0m, branches: [1m  3527[0m, corpus: [1m   80[0m, failures: [1m0/6374[0m, gas/s: [1m   302649239[0m[0m
[1m[32m⇾[0m[0m [1m[1mfuzz: [0melapsed: [1m   2m36s[0m, calls: [1m    647972 (  5021/sec)[0m, seq/s: [1m    50[0m, branches: [1m  3527[0m, corpus: [1m   80[0m, failures: [1m0/6525[0m, gas/s: [1m   341385727[0m[0m
[1m[32m⇾[0m[0m [1m[1mfuzz: [0melapsed: [1m   2m39s[0m, calls: [1m    662314 (  4778/sec)[0m, seq/s: [1m    47[0m, branches: [1m  3527[0m, corpus: [1m   80[0m, failures: [1m0/6669[0m, gas/s: [1m   325343114[0m[0m
[1m[32m⇾[0m[0m [1m[1mfuzz: [0melapsed: [1m   2m42s[0m, calls: [1m    674217 (  3966/sec)[0m, seq/s: [1m    39[0m, branches: [1m  3527[0m, corpus: [1m   80[0m, failures: [1m0/6787[0m, gas/s: [1m   268445612[0m[0m
[1m[32m⇾[0m[0m [1m[1mfuzz: [0melapsed: [1m   2m45s[0m, calls: [1m    687272 (  4350/sec)[0m, seq/s: [1m    43[0m, branches: [1m  3527[0m, corpus: [1m   80[0m, failures: [1m0/6919[0m, gas/s: [1m   297263682[0m[0m
[1m[32m⇾[0m[0m [1m[1mfuzz: [0melapsed: [1m   2m48s[0m, calls: [1m    701329 (  4685/sec)[0m, seq/s: [1m    46[0m, branches: [1m  3527[0m, corpus: [1m   80[0m, failures: [1m0/7058[0m, gas/s: [1m   319996630[0m[0m
[1m[32m⇾[0m[0m [1m[1mfuzz: [0melapsed: [1m   2m51s[0m, calls: [1m    714961 (  4538/sec)[0m, seq/s: [1m    45[0m, branches: [1m  3527[0m, corpus: [1m   80[0m, failures: [1m0/7194[0m, gas/s: [1m   307213497[0m[0m
[1m[32m⇾[0m[0m [1m[1mfuzz: [0melapsed: [1m   2m54s[0m, calls: [1m    728838 (  4612/sec)[0m, seq/s: [1m    46[0m, branches: [1m  3527[0m, corpus: [1m   80[0m, failures: [1m0/7335[0m, gas/s: [1m   310485138[0m[0m
[1m[32m⇾[0m[0m [1m[1mfuzz: [0melapsed: [1m   2m57s[0m, calls: [1m    742510 (  4557/sec)[0m, seq/s: [1m    44[0m, branches: [1m  3527[0m, corpus: [1m   80[0m, failures: [1m0/7469[0m, gas/s: [1m   309825749[0m[0m
[1m[32m⇾[0m[0m [1m[1mfuzz: [0melapsed: [1m   3m00s[0m, calls: [1m    756077 (  4520/sec)[0m, seq/s: [1m    45[0m, branches: [1m  3527[0m, corpus: [1m   80[0m, failures: [1m0/7607[0m, gas/s: [1m   311972370[0m[0m
[1m[32m⇾[0m[0m [1m[1mfuzz: [0melapsed: [1m   3m03s[0m, calls: [1m    768643 (  4186/sec)[0m, seq/s: [1m    41[0m, branches: [1m  3527[0m, corpus: [1m   80[0m, failures: [1m0/7731[0m, gas/s: [1m   290279229[0m[0m
[1m[32m⇾[0m[0m [1m[1mfuzz: [0melapsed: [1m   3m06s[0m, calls: [1m    781952 (  4435/sec)[0m, seq/s: [1m    44[0m, branches: [1m  3527[0m, corpus: [1m   80[0m, failures: [1m0/7865[0m, gas/s: [1m   305328440[0m[0m
[1m[32m⇾[0m[0m [1m[1mfuzz: [0melapsed: [1m   3m09s[0m, calls: [1m    796295 (  4776/sec)[0m, seq/s: [1m    47[0m, branches: [1m  3527[0m, corpus: [1m   80[0m, failures: [1m0/8008[0m, gas/s: [1m   326511630[0m[0m
[1m[32m⇾[0m[0m [1m[1mfuzz: [0melapsed: [1m   3m12s[0m, calls: [1m    811143 (  4945/sec)[0m, seq/s: [1m    49[0m, branches: [1m  3527[0m, corpus: [1m   80[0m, failures: [1m0/8157[0m, gas/s: [1m   338099248[0m[0m
[1m[32m⇾[0m[0m [1m[1mfuzz: [0melapsed: [1m   3m15s[0m, calls: [1m    826291 (  5049/sec)[0m, seq/s: [1m    50[0m, branches: [1m  3527[0m, corpus: [1m   80[0m, failures: [1m0/8309[0m, gas/s: [1m   345964769[0m[0m
[1m[32m⇾[0m[0m [1m[1mfuzz: [0melapsed: [1m   3m18s[0m, calls: [1m    841969 (  5225/sec)[0m, seq/s: [1m    51[0m, branches: [1m  3527[0m, corpus: [1m   80[0m, failures: [1m0/8465[0m, gas/s: [1m   356193001[0m[0m
[1m[32m⇾[0m[0m [1m[1mfuzz: [0melapsed: [1m   3m21s[0m, calls: [1m    858038 (  5356/sec)[0m, seq/s: [1m    53[0m, branches: [1m  3527[0m, corpus: [1m   80[0m, failures: [1m0/8626[0m, gas/s: [1m   364308406[0m[0m
[1m[32m⇾[0m[0m [1m[1mfuzz: [0melapsed: [1m   3m24s[0m, calls: [1m    873859 (  5272/sec)[0m, seq/s: [1m    52[0m, branches: [1m  3527[0m, corpus: [1m   80[0m, failures: [1m0/8784[0m, gas/s: [1m   354770522[0m[0m
[1m[32m⇾[0m[0m [1m[1mfuzz: [0melapsed: [1m   3m27s[0m, calls: [1m    889455 (  5194/sec)[0m, seq/s: [1m    52[0m, branches: [1m  3527[0m, corpus: [1m   80[0m, failures: [1m0/8941[0m, gas/s: [1m   354518172[0m[0m
[1m[32m⇾[0m[0m [1m[1mfuzz: [0melapsed: [1m   3m30s[0m, calls: [1m    902504 (  4349/sec)[0m, seq/s: [1m    42[0m, branches: [1m  3527[0m, corpus: [1m   80[0m, failures: [1m0/9070[0m, gas/s: [1m   302879304[0m[0m
[1m[32m⇾[0m[0m [1m[1mfuzz: [0melapsed: [1m   3m33s[0m, calls: [1m    916318 (  4603/sec)[0m, seq/s: [1m    46[0m, branches: [1m  3527[0m, corpus: [1m   80[0m, failures: [1m0/9209[0m, gas/s: [1m   315538347[0m[0m
[1m[32m⇾[0m[0m [1m[1mfuzz: [0melapsed: [1m   3m36s[0m, calls: [1m    931439 (  5038/sec)[0m, seq/s: [1m    50[0m, branches: [1m  3527[0m, corpus: [1m   80[0m, failures: [1m0/9360[0m, gas/s: [1m   348570355[0m[0m
[1m[32m⇾[0m[0m [1m[1mfuzz: [0melapsed: [1m   3m39s[0m, calls: [1m    944281 (  4280/sec)[0m, seq/s: [1m    42[0m, branches: [1m  3527[0m, corpus: [1m   80[0m, failures: [1m0/9487[0m, gas/s: [1m   293247661[0m[0m
[1m[32m⇾[0m[0m [1m[1mfuzz: [0melapsed: [1m   3m42s[0m, calls: [1m    958240 (  4652/sec)[0m, seq/s: [1m    46[0m, branches: [1m  3527[0m, corpus: [1m   80[0m, failures: [1m0/9628[0m, gas/s: [1m   314735726[0m[0m
[1m[32m⇾[0m[0m [1m[1mfuzz: [0melapsed: [1m   3m45s[0m, calls: [1m    971218 (  4325/sec)[0m, seq/s: [1m    43[0m, branches: [1m  3527[0m, corpus: [1m   80[0m, failures: [1m0/9759[0m, gas/s: [1m   295912542[0m[0m
[1m[32m⇾[0m[0m [1m[1mfuzz: [0melapsed: [1m   3m48s[0m, calls: [1m    985327 (  4701/sec)[0m, seq/s: [1m    46[0m, branches: [1m  3527[0m, corpus: [1m   80[0m, failures: [1m0/9898[0m, gas/s: [1m   325077061[0m[0m
[1m[32m⇾[0m[0m [1m[1mfuzz: [0melapsed: [1m   3m51s[0m, calls: [1m   1000278 (  4982/sec)[0m, seq/s: [1m    49[0m, branches: [1m  3527[0m, corpus: [1m   80[0m, failures: [1m0/10048[0m, gas/s: [1m   334737816[0m[0m
[1m[32m⇾[0m[0m [1mTransaction test limit reached, halting now...[0m
[1m[32m⇾[0m[0m [1mFuzzer stopped, test results follow below ...[0m
[1m[32m⇾[0m[0m [1m[1m[32m[PASSED] [0m[0m[1mAssertion Test: Run15Handler.actorAddrs()[0m[0m
[1m[32m⇾[0m[0m [1m[1m[32m[PASSED] [0m[0m[1mAssertion Test: Run15Handler.actors(uint256)[0m[0m
[1m[32m⇾[0m[0m [1m[1m[32m[PASSED] [0m[0m[1mAssertion Test: Run15Handler.applyLoss(uint256)[0m[0m
[1m[32m⇾[0m[0m [1m[1m[32m[PASSED] [0m[0m[1mAssertion Test: Run15Handler.applyYield(uint256)[0m[0m
[1m[32m⇾[0m[0m [1m[1m[32m[PASSED] [0m[0m[1mAssertion Test: Run15Handler.batchOut(uint256,uint256)[0m[0m
[1m[32m⇾[0m[0m [1m[1m[32m[PASSED] [0m[0m[1mAssertion Test: Run15Handler.beginMigration()[0m[0m
[1m[32m⇾[0m[0m [1m[1m[32m[PASSED] [0m[0m[1mAssertion Test: Run15Handler.claim(uint256)[0m[0m
[1m[32m⇾[0m[0m [1m[1m[32m[PASSED] [0m[0m[1mAssertion Test: Run15Handler.donate(uint256)[0m[0m
[1m[32m⇾[0m[0m [1m[1m[32m[PASSED] [0m[0m[1mAssertion Test: Run15Handler.finalize()[0m[0m
[1m[32m⇾[0m[0m [1m[1m[32m[PASSED] [0m[0m[1mAssertion Test: Run15Handler.g_batchExits()[0m[0m
[1m[32m⇾[0m[0m [1m[1m[32m[PASSED] [0m[0m[1mAssertion Test: Run15Handler.g_belowParMigrations()[0m[0m
[1m[32m⇾[0m[0m [1m[1m[32m[PASSED] [0m[0m[1mAssertion Test: Run15Handler.g_bookedSeen()[0m[0m
[1m[32m⇾[0m[0m [1m[1m[32m[PASSED] [0m[0m[1mAssertion Test: Run15Handler.g_creditsPaid()[0m[0m
[1m[32m⇾[0m[0m [1m[1m[32m[PASSED] [0m[0m[1mAssertion Test: Run15Handler.g_donated()[0m[0m
[1m[32m⇾[0m[0m [1m[1m[32m[PASSED] [0m[0m[1mAssertion Test: Run15Handler.g_finalized()[0m[0m
[1m[32m⇾[0m[0m [1m[1m[32m[PASSED] [0m[0m[1mAssertion Test: Run15Handler.g_gains()[0m[0m
[1m[32m⇾[0m[0m [1m[1m[32m[PASSED] [0m[0m[1mAssertion Test: Run15Handler.g_losses()[0m[0m
[1m[32m⇾[0m[0m [1m[1m[32m[PASSED] [0m[0m[1mAssertion Test: Run15Handler.g_migrationsBegun()[0m[0m
[1m[32m⇾[0m[0m [1m[1m[32m[PASSED] [0m[0m[1mAssertion Test: Run15Handler.g_selfExits()[0m[0m
[1m[32m⇾[0m[0m [1m[1m[32m[PASSED] [0m[0m[1mAssertion Test: Run15Handler.g_stakes()[0m[0m
[1m[32m⇾[0m[0m [1m[1m[32m[PASSED] [0m[0m[1mAssertion Test: Run15Handler.g_sumP()[0m[0m
[1m[32m⇾[0m[0m [1m[1m[32m[PASSED] [0m[0m[1mAssertion Test: Run15Handler.g_sumR()[0m[0m
[1m[32m⇾[0m[0m [1m[1m[32m[PASSED] [0m[0m[1mAssertion Test: Run15Handler.g_withdraws()[0m[0m
[1m[32m⇾[0m[0m [1m[1m[32m[PASSED] [0m[0m[1mAssertion Test: Run15Handler.negctl_alwaysFalse()[0m[0m
[1m[32m⇾[0m[0m [1m[1m[32m[PASSED] [0m[0m[1mAssertion Test: Run15Handler.phUSD()[0m[0m
[1m[32m⇾[0m[0m [1m[1m[32m[PASSED] [0m[0m[1mAssertion Test: Run15Handler.remainingObligation()[0m[0m
[1m[32m⇾[0m[0m [1m[1m[32m[PASSED] [0m[0m[1mAssertion Test: Run15Handler.selfOut(uint256)[0m[0m
[1m[32m⇾[0m[0m [1m[1m[32m[PASSED] [0m[0m[1mAssertion Test: Run15Handler.stake(uint256,uint256)[0m[0m
[1m[32m⇾[0m[0m [1m[1m[32m[PASSED] [0m[0m[1mAssertion Test: Run15Handler.staker()[0m[0m
[1m[32m⇾[0m[0m [1m[1m[32m[PASSED] [0m[0m[1mAssertion Test: Run15Handler.strat()[0m[0m
[1m[32m⇾[0m[0m [1m[1m[32m[PASSED] [0m[0m[1mAssertion Test: Run15Handler.sumUserAmounts()[0m[0m
[1m[32m⇾[0m[0m [1m[1m[32m[PASSED] [0m[0m[1mAssertion Test: Run15Handler.timeTravelAvailable()[0m[0m
[1m[32m⇾[0m[0m [1m[1m[32m[PASSED] [0m[0m[1mAssertion Test: Run15Handler.token()[0m[0m
[1m[32m⇾[0m[0m [1m[1m[32m[PASSED] [0m[0m[1mAssertion Test: Run15Handler.vault()[0m[0m
[1m[32m⇾[0m[0m [1m[1m[32m[PASSED] [0m[0m[1mAssertion Test: Run15Handler.warpTime(uint256)[0m[0m
[1m[32m⇾[0m[0m [1m[1m[32m[PASSED] [0m[0m[1mAssertion Test: Run15Handler.withdrawSome(uint256,uint256)[0m[0m
[1m[32m⇾[0m[0m [1m[1m[32m[PASSED] [0m[0m[1mProperty Test: Run15Handler.property_A_totalStakedConserved()[0m[0m
[1m[32m⇾[0m[0m [1m[1m[32m[PASSED] [0m[0m[1mProperty Test: Run15Handler.property_B_migrationSolvency()[0m[0m
[1m[32m⇾[0m[0m [1m[1m[32m[PASSED] [0m[0m[1mProperty Test: Run15Handler.property_C_neverAbovePar()[0m[0m
[1m[32m⇾[0m[0m [1m[1m[32m[PASSED] [0m[0m[1mProperty Test: Run15Handler.property_D_donationsNotExtractable()[0m[0m
[1m[32m⇾[0m[0m [1m[1m[32m[PASSED] [0m[0m[1mProperty Test: Run15Handler.property_E_noStuckState()[0m[0m
[1m[32m⇾[0m[0m [1m[1m[32m[PASSED] [0m[0m[1mProperty Test: Run15Handler.property_F_selfHealAlwaysClears()[0m[0m
[1m[32m⇾[0m[0m [1m[1m[32m[PASSED] [0m[0m[1mProperty Test: Run15Handler.property_G_seedSurvives()[0m[0m
[1m[32m⇾[0m[0m [1mTest summary: [1m[32m43[0m[0m test(s) passed, [1m[31m0[0m[0m test(s) failed[0m
[1m[32m⇾[0m[0m [1mhtml report(s) saved to: medusa-corpus-run15/coverage/coverage_report.html[0m
[1m[32m⇾[0m[0m [1mlcov report(s) saved to: medusa-corpus-run15/coverage/lcov.info[0m
