    = help: https://book.getfoundry.sh/reference/forge/forge-lint#unwrapped-modifier-logic

note[mixed-case-function]: function names should use mixedCase
   --> test/invariant/Run15Handler.sol:311:14
    |
311 |     function property_E_noStuckState() public view returns (bool) {
    |              ^^^^^^^^^^^^^^^^^^^^^^^ help: consider using: `propertyENoStuckState`
    |
    = help: https://book.getfoundry.sh/reference/forge/forge-lint#mixed-case-function

note[mixed-case-function]: function names should use mixedCase
   --> test/invariant/Run15Handler.sol:317:14
    |
317 |     function property_F_selfHealAlwaysClears() public view returns (bool) {
    |              ^^^^^^^^^^^^^^^^^^^^^^^^^^^^^^^ help: consider using: `propertyFSelfHealAlwaysClears`
    |
    = help: https://book.getfoundry.sh/reference/forge/forge-lint#mixed-case-function

note[mixed-case-function]: function names should use mixedCase
   --> test/invariant/Run15Handler.sol:323:14
    |
323 |     function property_G_seedSurvives() public view returns (bool) {
    |              ^^^^^^^^^^^^^^^^^^^^^^^ help: consider using: `propertyGSeedSurvives`
    |
    = help: https://book.getfoundry.sh/reference/forge/forge-lint#mixed-case-function

note[mixed-case-function]: function names should use mixedCase
   --> test/invariant/Run15Handler.sol:330:14
    |
330 |     function negctl_alwaysFalse() public pure returns (bool) {
    |              ^^^^^^^^^^^^^^^^^^ help: consider using: `negctlAlwaysFalse`
    |
    = help: https://book.getfoundry.sh/reference/forge/forge-lint#mixed-case-function

warning[erc20-unchecked-transfer]: ERC20 'transfer' and 'transferFrom' calls should check the return value
   --> test/invariant/Run15Handler.sol:231:34
    |
231 |                 if (amts[j] > 0) token.transfer(slice[j], amts[j]); // migrator forwards to the user
    |                                  ^^^^^^^^^^^^^^^^^^^^^^^^^^^^^^^^^
    |
    = help: https://book.getfoundry.sh/reference/forge/forge-lint#erc20-unchecked-transfer


Running 6 tests for test/symbolic/Run15_Credit.t.sol:Run15CreditSymbolic
setup: 0.05s (decode: 0.05s, run: 0.00s)
[33m[TIMEOUT][0m check_p1_dustFavoursProtocol_2users(uint256,uint256,uint256) (paths: 15, time: 120.54s (paths: 0.38s, models: 120.17s), bounds: [])
[36mTimeout queries saved in: /tmp/check_p1_dustFavoursProtocol_2users-2rq4dnv5-timeout[0m
[33m[TIMEOUT][0m check_p1a_sumCreditsLeqR_2users(uint256,uint256,uint256) (paths: 12, time: 120.38s (paths: 0.29s, models: 120.09s), bounds: [])
[36mTimeout queries saved in: /tmp/check_p1a_sumCreditsLeqR_2users-o2c5kx1v-timeout[0m
[33m[TIMEOUT][0m check_p1a_sumCreditsLeqR_3users(uint256,uint256,uint256,uint256) (paths: 16, time: 120.34s (paths: 0.18s, models: 120.16s), bounds: [])
[36mTimeout queries saved in: /tmp/check_p1a_sumCreditsLeqR_3users-oc7ryais-timeout[0m
[33m[TIMEOUT][0m check_p1b_creditNeverExceedsPrincipal(uint256,uint256,uint256) (paths: 6, time: 120.25s (paths: 0.12s, models: 120.13s), bounds: [])
[36mTimeout queries saved in: /tmp/check_p1b_creditNeverExceedsPrincipal-40vfijif-timeout[0m
[33m[TIMEOUT][0m check_p1c_donationIsMonotone(uint256,uint256,uint256,uint256) (paths: 14, time: 120.28s (paths: 0.13s, models: 120.15s), bounds: [])
[36mTimeout queries saved in: /tmp/check_p1c_donationIsMonotone-miahw5he-timeout[0m
[33m[TIMEOUT][0m check_p1c_donorCannotProfit(uint256,uint256,uint256,uint256) (paths: 18, time: 120.37s (paths: 0.15s, models: 120.23s), bounds: [])
[36mTimeout queries saved in: /tmp/check_p1c_donorCannotProfit-makrjx_p-timeout[0m
Symbolic test result: 0 passed; 6 failed; time: 722.31s

[time] total: 730.93s (build: 7.92s, load: 0.70s, tests: 722.31s)

[exited with code 0]
