### GATE-OPEN CAMPAIGN (claimEnabled == true) runs=1000 depth=80 seed=17
No files changed, compilation skipped

Ran 4 tests for test/invariant/Run17Invariants.t.sol:Run17GateOpenInvariants
[PASS] invariant_1_conservationClosure() (runs: 1000, calls: 80000, reverts: 0)

╭--------------+-------------------+-------+---------+----------╮
+===============================================================+
╰--------------+-------------------+-------+---------+----------╯

[PASS] invariant_2_noOverEmission() (runs: 1000, calls: 80000, reverts: 0)

╭--------------+-------------------+-------+---------+----------╮
+===============================================================+
╰--------------+-------------------+-------+---------+----------╯

[PASS] invariant_3_principal() (runs: 1000, calls: 80000, reverts: 0)

╭--------------+-------------------+-------+---------+----------╮
+===============================================================+
╰--------------+-------------------+-------+---------+----------╯

[PASS] invariant_4_stakerSet() (runs: 1000, calls: 80000, reverts: 0)

╭--------------+-------------------+-------+---------+----------╮
+===============================================================+
╰--------------+-------------------+-------+---------+----------╯

Suite result: ok. 4 passed; 0 failed; 0 skipped; finished in 37.73s (129.55s CPU time)

Ran 1 test suite in 37.73s (37.73s CPU time): 4 tests passed, 0 failed, 0 skipped (4 total tests)
