### INV-5 CLAIM-GATE CAMPAIGN (claimEnabled == false) — EXPECTED TO FAIL
No files changed, compilation skipped

Ran 1 test for test/invariant/Run17Invariants.t.sol:Run17ClaimGateInvariants
[FAIL: INV-5: Antimatter reached a user while claimEnabled == false: 1 != 0]
	[Sequence] (original: 7, shrunk: 1)
		sender=0x000000000000000000000000000000000000295f addr=[test/invariant/Run17Handler.sol:Run17Handler]0x212224D2F2d262cd093eE13240ca4873fcCBbA3C calldata=autoAnnihilate(uint256,uint256,uint256) args=[12619 [1.261e4], 20105 [2.01e4], 10561 [1.056e4]]
 invariant_5_noAntimatterWhileClaimDisabled() (runs: 0, calls: 0, reverts: 0)

╭--------------+----------------+-------+---------+----------╮
+============================================================+
╰--------------+----------------+-------+---------+----------╯

Traces:
  [1048882] Run17Handler::autoAnnihilate(12619 [1.261e4], 20105 [2.01e4], 10561 [1.056e4])
    ├─ [0] VM::warp(12621 [1.262e4])
    │   └─ ← [Return]
    ├─ [9559] StableStakerV2::poolInfo(MockERC20: [0xc7183455a4C133Ae270771860664b6B7ec320bB1]) [staticcall]
    │   └─ ← [Return] 578703703703703703 [5.787e17], 0, 2, 150000000000 [1.5e11]
    ├─ [3010] StableStakerV2::poolState(MockERC20: [0xc7183455a4C133Ae270771860664b6B7ec320bB1]) [staticcall]
    │   └─ ← [Return] 0
    ├─ [9559] StableStakerV2::poolInfo(MockERC20: [0xa0Cb889707d426A7A386870A03bc70d1b0697598]) [staticcall]
    │   └─ ← [Return] 578703703703703703 [5.787e17], 0, 2, 150000000000000000000000 [1.5e23]
    ├─ [3010] StableStakerV2::poolState(MockERC20: [0xa0Cb889707d426A7A386870A03bc70d1b0697598]) [staticcall]
    │   └─ ← [Return] 0
    ├─ [9559] StableStakerV2::poolInfo(MockERC20: [0x1d1499e622D69689cdf9004d05Ec547d650Ff211]) [staticcall]
    │   └─ ← [Return] 578703703703703703 [5.787e17], 0, 2, 150000000000000000000000 [1.5e23]
    ├─ [3010] StableStakerV2::poolState(MockERC20: [0x1d1499e622D69689cdf9004d05Ec547d650Ff211]) [staticcall]
    │   └─ ← [Return] 0
    ├─ [10647] StableStakerV2::claimableReward(MockERC20: [0xa0Cb889707d426A7A386870A03bc70d1b0697598], 0x0000000000000000000000000000000000000B0b) [staticcall]
    │   └─ ← [Return] 2434220679012345650000 [2.434e21]
    ├─ [1418] StableStakerV2::userInfo(MockERC20: [0xa0Cb889707d426A7A386870A03bc70d1b0697598], 0x0000000000000000000000000000000000000B0b) [staticcall]
    │   └─ ← [Return] 50000000000000000000000 [5e22], 0
    ├─ [2939] Antimatter::balanceOf(0x0000000000000000000000000000000000000B0b) [staticcall]
    │   └─ ← [Return] 0
    ├─ [2917] FlaxToken::balanceOf(0x0000000000000000000000000000000000000B0b) [staticcall]
    │   └─ ← [Return] 0
    ├─ [2850] MockERC20::balanceOf(0x0000000000000000000000000000000000000B0b) [staticcall]
    │   └─ ← [Return] 4950000000000000000000000 [4.95e24]
    ├─ [2585] StableStakerV2::claimEnabled() [staticcall]
    │   └─ ← [Return] false
    ├─ [0] VM::recordLogs()
    │   └─ ← [Return]
    ├─ [0] VM::prank(0x0000000000000000000000000000000000000B0b)
    │   └─ ← [Return]
    ├─ [610451] StableStakerV2::autoAnnihilate(MockERC20: [0xa0Cb889707d426A7A386870A03bc70d1b0697598], 0)
    │   ├─ [24209] Antimatter::toStableAmount(MockERC20: [0xa0Cb889707d426A7A386870A03bc70d1b0697598], 1000000000000000000 [1e18]) [staticcall]
    │   │   ├─ [14386] PhusdStableMinter::stablecoinConfigs(MockERC20: [0xa0Cb889707d426A7A386870A03bc70d1b0697598]) [staticcall]
    │   │   │   └─ ← [Return] MockMinterYieldStrategy: [0x2e234DAe75C793f67A35089C9d99245E1C58470b], 1000000000000000000 [1e18], 18, true, 0, 0, 0
    │   │   ├─ [427] MockERC20::decimals() [staticcall]
    │   │   │   └─ ← [Return] 18
    │   │   └─ ← [Return] 1000000000000000000 [1e18]
    │   ├─ [3237] ERC4626YieldStrategy::principalOf(MockERC20: [0xa0Cb889707d426A7A386870A03bc70d1b0697598], StableStakerV2: [0xA4AD4f68d0b91CFD19687c881e50f3A00242828c]) [staticcall]
    │   │   └─ ← [Return] 150000000000000000000000 [1.5e23]
    │   ├─ [1540] ERC4626YieldStrategy::previewExitFor(MockERC20: [0xa0Cb889707d426A7A386870A03bc70d1b0697598], StableStakerV2: [0xA4AD4f68d0b91CFD19687c881e50f3A00242828c], 1) [staticcall]
    │   │   └─ ← [Return] 1, 1
    │   ├─ [427] MockERC20::decimals() [staticcall]
    │   │   └─ ← [Return] 18
    │   ├─ [1540] ERC4626YieldStrategy::previewExitFor(MockERC20: [0xa0Cb889707d426A7A386870A03bc70d1b0697598], StableStakerV2: [0xA4AD4f68d0b91CFD19687c881e50f3A00242828c], 2434220679012345650000 [2.434e21]) [staticcall]
    │   │   └─ ← [Return] 2434220679012345650000 [2.434e21], 2434220679012345650000 [2.434e21]
    │   ├─ [1237] ERC4626YieldStrategy::principalOf(MockERC20: [0xa0Cb889707d426A7A386870A03bc70d1b0697598], StableStakerV2: [0xA4AD4f68d0b91CFD19687c881e50f3A00242828c]) [staticcall]
    │   │   └─ ← [Return] 150000000000000000000000 [1.5e23]
    │   ├─ [18907] ERC4626YieldStrategy::totalBalanceOf(MockERC20: [0xa0Cb889707d426A7A386870A03bc70d1b0697598], StableStakerV2: [0xA4AD4f68d0b91CFD19687c881e50f3A00242828c]) [staticcall]
    │   │   ├─ [2939] MockERC4626Vault::balanceOf(ERC4626YieldStrategy: [0xD6BbDE9174b1CdAa358d2Cf4D57D1a9F7178FBfF]) [staticcall]
    │   │   │   └─ ← [Return] 150000000000000000000000 [1.5e23]
    │   │   ├─ [7926] MockERC4626Vault::convertToAssets(150000000000000000000000 [1.5e23]) [staticcall]
    │   │   │   ├─ [2850] MockERC20::balanceOf(MockERC4626Vault: [0x03A6a84cD762D9707A21605b548aaaB891562aAb]) [staticcall]
    │   │   │   │   └─ ← [Return] 187000000000000000000000 [1.87e23]
    │   │   │   └─ ← [Return] 186999999999999999999999 [1.869e23]
    │   │   └─ ← [Return] 186999999999999999999999 [1.869e23]
    │   ├─ [2850] MockERC20::balanceOf(StableStakerV2: [0xA4AD4f68d0b91CFD19687c881e50f3A00242828c]) [staticcall]
    │   │   └─ ← [Return] 0
    │   ├─ [71005] ERC4626YieldStrategy::withdraw(MockERC20: [0xa0Cb889707d426A7A386870A03bc70d1b0697598], 2434220679012345650000 [2.434e21], StableStakerV2: [0xA4AD4f68d0b91CFD19687c881e50f3A00242828c])
    │   │   ├─ [3947] MockERC4626Vault::convertToShares(2434220679012345650000 [2.434e21]) [staticcall]
    │   │   │   ├─ [850] MockERC20::balanceOf(MockERC4626Vault: [0x03A6a84cD762D9707A21605b548aaaB891562aAb]) [staticcall]
    │   │   │   │   └─ ← [Return] 187000000000000000000000 [1.87e23]
    │   │   │   └─ ← [Return] 1952583432362844104278 [1.952e21]
    │   │   ├─ [939] MockERC4626Vault::balanceOf(ERC4626YieldStrategy: [0xD6BbDE9174b1CdAa358d2Cf4D57D1a9F7178FBfF]) [staticcall]
    │   │   │   └─ ← [Return] 150000000000000000000000 [1.5e23]
    │   │   ├─ [42854] MockERC4626Vault::redeem(1952583432362844104278 [1.952e21], StableStakerV2: [0xA4AD4f68d0b91CFD19687c881e50f3A00242828c], ERC4626YieldStrategy: [0xD6BbDE9174b1CdAa358d2Cf4D57D1a9F7178FBfF])
    │   │   │   ├─ [850] MockERC20::balanceOf(MockERC4626Vault: [0x03A6a84cD762D9707A21605b548aaaB891562aAb]) [staticcall]
    │   │   │   │   └─ ← [Return] 187000000000000000000000 [1.87e23]
    │   │   │   ├─ emit Transfer(from: ERC4626YieldStrategy: [0xD6BbDE9174b1CdAa358d2Cf4D57D1a9F7178FBfF], to: 0x0000000000000000000000000000000000000000, value: 1952583432362844104278 [1.952e21])
    │   │   │   ├─ [26545] MockERC20::transfer(StableStakerV2: [0xA4AD4f68d0b91CFD19687c881e50f3A00242828c], 2434220679012345649999 [2.434e21])
    │   │   │   │   ├─ emit Transfer(from: MockERC4626Vault: [0x03A6a84cD762D9707A21605b548aaaB891562aAb], to: StableStakerV2: [0xA4AD4f68d0b91CFD19687c881e50f3A00242828c], value: 2434220679012345649999 [2.434e21])
    │   │   │   │   └─ ← [Return] true
    │   │   │   ├─ emit Withdraw(sender: ERC4626YieldStrategy: [0xD6BbDE9174b1CdAa358d2Cf4D57D1a9F7178FBfF], receiver: StableStakerV2: [0xA4AD4f68d0b91CFD19687c881e50f3A00242828c], owner: ERC4626YieldStrategy: [0xD6BbDE9174b1CdAa358d2Cf4D57D1a9F7178FBfF], assets: 2434220679012345649999 [2.434e21], shares: 1952583432362844104278 [1.952e21])
    │   │   │   └─ ← [Return] 2434220679012345649999 [2.434e21]
    │   │   ├─ emit Withdrawn(token: MockERC20: [0xa0Cb889707d426A7A386870A03bc70d1b0697598], withdrawer: StableStakerV2: [0xA4AD4f68d0b91CFD19687c881e50f3A00242828c], recipient: StableStakerV2: [0xA4AD4f68d0b91CFD19687c881e50f3A00242828c], amount: 2434220679012345650000 [2.434e21], sharesDisposed: 1952583432362844104278 [1.952e21])
    │   │   └─ ← [Stop]
    │   ├─ [850] MockERC20::balanceOf(StableStakerV2: [0xA4AD4f68d0b91CFD19687c881e50f3A00242828c]) [staticcall]
    │   │   └─ ← [Return] 2434220679012345649999 [2.434e21]
    │   ├─ [51887] Antimatter::mint(StableStakerV2: [0xA4AD4f68d0b91CFD19687c881e50f3A00242828c], 2434220679012345649999 [2.434e21])
    │   │   ├─ emit Transfer(from: 0x0000000000000000000000000000000000000000, to: StableStakerV2: [0xA4AD4f68d0b91CFD19687c881e50f3A00242828c], value: 2434220679012345649999 [2.434e21])
    │   │   └─ ← [Stop]
    │   ├─ [25296] MockERC20::approve(Antimatter: [0x5991A2dF15A8F6A256D3Ec51E99254Cd3fb576A9], 2434220679012345649999 [2.434e21])
    │   │   ├─ emit Approval(owner: StableStakerV2: [0xA4AD4f68d0b91CFD19687c881e50f3A00242828c], spender: Antimatter: [0x5991A2dF15A8F6A256D3Ec51E99254Cd3fb576A9], value: 2434220679012345649999 [2.434e21])
    │   │   └─ ← [Return] true
    │   ├─ [269719] Antimatter::annihilate(MockERC20: [0xa0Cb889707d426A7A386870A03bc70d1b0697598], 0x0000000000000000000000000000000000000B0b, 2434220679012345649999 [2.434e21], 0)
    │   │   ├─ [2386] PhusdStableMinter::stablecoinConfigs(MockERC20: [0xa0Cb889707d426A7A386870A03bc70d1b0697598]) [staticcall]
    │   │   │   └─ ← [Return] MockMinterYieldStrategy: [0x2e234DAe75C793f67A35089C9d99245E1C58470b], 1000000000000000000 [1e18], 18, true, 0, 0, 0
    │   │   ├─ [427] MockERC20::decimals() [staticcall]
    │   │   │   └─ ← [Return] 18
    │   │   ├─ emit Transfer(from: StableStakerV2: [0xA4AD4f68d0b91CFD19687c881e50f3A00242828c], to: 0x0000000000000000000000000000000000000000, value: 2434220679012345649999 [2.434e21])
    │   │   ├─ [2850] MockERC20::balanceOf(Antimatter: [0x5991A2dF15A8F6A256D3Ec51E99254Cd3fb576A9]) [staticcall]
    │   │   │   └─ ← [Return] 0
    │   │   ├─ [2917] FlaxToken::balanceOf(Antimatter: [0x5991A2dF15A8F6A256D3Ec51E99254Cd3fb576A9]) [staticcall]
    │   │   │   └─ ← [Return] 0
    │   │   ├─ [24814] MockERC20::transferFrom(StableStakerV2: [0xA4AD4f68d0b91CFD19687c881e50f3A00242828c], Antimatter: [0x5991A2dF15A8F6A256D3Ec51E99254Cd3fb576A9], 2434220679012345649999 [2.434e21])
    │   │   │   ├─ emit Transfer(from: StableStakerV2: [0xA4AD4f68d0b91CFD19687c881e50f3A00242828c], to: Antimatter: [0x5991A2dF15A8F6A256D3Ec51E99254Cd3fb576A9], value: 2434220679012345649999 [2.434e21])
    │   │   │   └─ ← [Return] true
    │   │   ├─ [25296] MockERC20::approve(PhusdStableMinter: [0xF62849F9A0B5Bf2913b396098F7c7019b51A820a], 2434220679012345649999 [2.434e21])
    │   │   │   ├─ emit Approval(owner: Antimatter: [0x5991A2dF15A8F6A256D3Ec51E99254Cd3fb576A9], spender: PhusdStableMinter: [0xF62849F9A0B5Bf2913b396098F7c7019b51A820a], value: 2434220679012345649999 [2.434e21])
    │   │   │   └─ ← [Return] true
    │   │   ├─ [149016] PhusdStableMinter::mint(MockERC20: [0xa0Cb889707d426A7A386870A03bc70d1b0697598], 2434220679012345649999 [2.434e21])
    │   │   │   ├─ [26814] MockERC20::transferFrom(Antimatter: [0x5991A2dF15A8F6A256D3Ec51E99254Cd3fb576A9], PhusdStableMinter: [0xF62849F9A0B5Bf2913b396098F7c7019b51A820a], 2434220679012345649999 [2.434e21])
    │   │   │   │   ├─ emit Transfer(from: Antimatter: [0x5991A2dF15A8F6A256D3Ec51E99254Cd3fb576A9], to: PhusdStableMinter: [0xF62849F9A0B5Bf2913b396098F7c7019b51A820a], value: 2434220679012345649999 [2.434e21])
    │   │   │   │   └─ ← [Return] true
    │   │   │   ├─ [52105] MockMinterYieldStrategy::deposit(MockERC20: [0xa0Cb889707d426A7A386870A03bc70d1b0697598], 2434220679012345649999 [2.434e21], PhusdStableMinter: [0xF62849F9A0B5Bf2913b396098F7c7019b51A820a])
    │   │   │   │   ├─ [28361] MockERC20::transferFrom(PhusdStableMinter: [0xF62849F9A0B5Bf2913b396098F7c7019b51A820a], MockMinterYieldStrategy: [0x2e234DAe75C793f67A35089C9d99245E1C58470b], 2434220679012345649999 [2.434e21])
    │   │   │   │   │   ├─ emit Transfer(from: PhusdStableMinter: [0xF62849F9A0B5Bf2913b396098F7c7019b51A820a], to: MockMinterYieldStrategy: [0x2e234DAe75C793f67A35089C9d99245E1C58470b], value: 2434220679012345649999 [2.434e21])
    │   │   │   │   │   └─ ← [Return] true
    │   │   │   │   └─ ← [Stop]
    │   │   │   ├─ [51933] FlaxToken::mint(Antimatter: [0x5991A2dF15A8F6A256D3Ec51E99254Cd3fb576A9], 2434220679012345649999 [2.434e21])
    │   │   │   │   ├─ emit Transfer(from: 0x0000000000000000000000000000000000000000, to: Antimatter: [0x5991A2dF15A8F6A256D3Ec51E99254Cd3fb576A9], value: 2434220679012345649999 [2.434e21])
    │   │   │   │   └─ ← [Stop]
    │   │   │   ├─ emit PhUSDMinted(user: Antimatter: [0x5991A2dF15A8F6A256D3Ec51E99254Cd3fb576A9], stablecoin: MockERC20: [0xa0Cb889707d426A7A386870A03bc70d1b0697598], stablecoinAmount: 2434220679012345649999 [2.434e21], phUSDAmount: 2434220679012345649999 [2.434e21])
    │   │   │   └─ ← [Stop]
    │   │   ├─ [3296] MockERC20::approve(PhusdStableMinter: [0xF62849F9A0B5Bf2913b396098F7c7019b51A820a], 0)
    │   │   │   ├─ emit Approval(owner: Antimatter: [0x5991A2dF15A8F6A256D3Ec51E99254Cd3fb576A9], spender: PhusdStableMinter: [0xF62849F9A0B5Bf2913b396098F7c7019b51A820a], value: 0)
    │   │   │   └─ ← [Return] true
    │   │   ├─ [850] MockERC20::balanceOf(Antimatter: [0x5991A2dF15A8F6A256D3Ec51E99254Cd3fb576A9]) [staticcall]
    │   │   │   └─ ← [Return] 0
    │   │   ├─ [917] FlaxToken::balanceOf(Antimatter: [0x5991A2dF15A8F6A256D3Ec51E99254Cd3fb576A9]) [staticcall]
    │   │   │   └─ ← [Return] 2434220679012345649999 [2.434e21]
    │   │   ├─ [28033] FlaxToken::mint(0x0000000000000000000000000000000000000B0b, 2434220679012345649999 [2.434e21])
    │   │   │   ├─ emit Transfer(from: 0x0000000000000000000000000000000000000000, to: 0x0000000000000000000000000000000000000B0b, value: 2434220679012345649999 [2.434e21])
    │   │   │   └─ ← [Stop]
    │   │   ├─ [3801] FlaxToken::transfer(0x0000000000000000000000000000000000000B0b, 2434220679012345649999 [2.434e21])
    │   │   │   ├─ emit Transfer(from: Antimatter: [0x5991A2dF15A8F6A256D3Ec51E99254Cd3fb576A9], to: 0x0000000000000000000000000000000000000B0b, value: 2434220679012345649999 [2.434e21])
    │   │   │   └─ ← [Return] true
    │   │   ├─ emit Annihilated(stable: MockERC20: [0xa0Cb889707d426A7A386870A03bc70d1b0697598], annihilator: StableStakerV2: [0xA4AD4f68d0b91CFD19687c881e50f3A00242828c], recipient: 0x0000000000000000000000000000000000000B0b, amount: 2434220679012345649999 [2.434e21], stableAmount: 2434220679012345649999 [2.434e21], phUSDAmount: 4868441358024691299998 [4.868e21])
    │   │   └─ ← [Stop]
    │   ├─ [3296] MockERC20::approve(Antimatter: [0x5991A2dF15A8F6A256D3Ec51E99254Cd3fb576A9], 0)
    │   │   ├─ emit Approval(owner: StableStakerV2: [0xA4AD4f68d0b91CFD19687c881e50f3A00242828c], spender: Antimatter: [0x5991A2dF15A8F6A256D3Ec51E99254Cd3fb576A9], value: 0)
    │   │   └─ ← [Return] true
    │   ├─ [43887] Antimatter::mint(0x0000000000000000000000000000000000000B0b, 1)
    │   │   ├─ emit Transfer(from: 0x0000000000000000000000000000000000000000, to: 0x0000000000000000000000000000000000000B0b, value: 1)
    │   │   └─ ← [Stop]
    │   ├─ emit AutoAnnihilated(token: MockERC20: [0xa0Cb889707d426A7A386870A03bc70d1b0697598], user: 0x0000000000000000000000000000000000000B0b, antimatterBurned: 2434220679012345649999 [2.434e21], principalConsumed: 2434220679012345650000 [2.434e21], excessMinted: 1)
    │   └─ ← [Stop]
    ├─ [0] VM::getRecordedLogs() [staticcall]
    │   └─ ← [Return] [([0xddf252ad1be2c89b69c2b068fc378daa952ba7f163c4a11628f55a4df523b3ef, 0x000000000000000000000000d6bbde9174b1cdaa358d2cf4d57d1a9f7178fbff, 0x0000000000000000000000000000000000000000000000000000000000000000], 0x000000000000000000000000000000000000000000000069d989de80ec4a2656, 0x03A6a84cD762D9707A21605b548aaaB891562aAb), ([0xddf252ad1be2c89b69c2b068fc378daa952ba7f163c4a11628f55a4df523b3ef, 0x00000000000000000000000003a6a84cd762d9707a21605b548aaab891562aab, 0x000000000000000000000000a4ad4f68d0b91cfd19687c881e50f3a00242828c], 0x000000000000000000000000000000000000000000000083f5991a8201071b4f, 0xa0Cb889707d426A7A386870A03bc70d1b0697598), ([0xfbde797d201c681b91056529119e0b02407c7bb96a4a2c75c01fc9667232c8db, 0x000000000000000000000000d6bbde9174b1cdaa358d2cf4d57d1a9f7178fbff, 0x000000000000000000000000a4ad4f68d0b91cfd19687c881e50f3a00242828c, 0x000000000000000000000000d6bbde9174b1cdaa358d2cf4d57d1a9f7178fbff], 0x000000000000000000000000000000000000000000000083f5991a8201071b4f000000000000000000000000000000000000000000000069d989de80ec4a2656, 0x03A6a84cD762D9707A21605b548aaaB891562aAb), ([0x144f5f62c08d623a6f383205dc8d5ef825b693748e2977846e18121b6780413a, 0x000000000000000000000000a0cb889707d426a7a386870a03bc70d1b0697598, 0x000000000000000000000000a4ad4f68d0b91cfd19687c881e50f3a00242828c, 0x000000000000000000000000a4ad4f68d0b91cfd19687c881e50f3a00242828c], 0x000000000000000000000000000000000000000000000083f5991a8201071b50000000000000000000000000000000000000000000000069d989de80ec4a2656, 0xD6BbDE9174b1CdAa358d2Cf4D57D1a9F7178FBfF), ([0xddf252ad1be2c89b69c2b068fc378daa952ba7f163c4a11628f55a4df523b3ef, 0x0000000000000000000000000000000000000000000000000000000000000000, 0x000000000000000000000000a4ad4f68d0b91cfd19687c881e50f3a00242828c], 0x000000000000000000000000000000000000000000000083f5991a8201071b4f, 0x5991A2dF15A8F6A256D3Ec51E99254Cd3fb576A9), ([0x8c5be1e5ebec7d5bd14f71427d1e84f3dd0314c0f7b2291e5b200ac8c7c3b925, 0x000000000000000000000000a4ad4f68d0b91cfd19687c881e50f3a00242828c, 0x0000000000000000000000005991a2df15a8f6a256d3ec51e99254cd3fb576a9], 0x000000000000000000000000000000000000000000000083f5991a8201071b4f, 0xa0Cb889707d426A7A386870A03bc70d1b0697598), ([0xddf252ad1be2c89b69c2b068fc378daa952ba7f163c4a11628f55a4df523b3ef, 0x000000000000000000000000a4ad4f68d0b91cfd19687c881e50f3a00242828c, 0x0000000000000000000000000000000000000000000000000000000000000000], 0x000000000000000000000000000000000000000000000083f5991a8201071b4f, 0x5991A2dF15A8F6A256D3Ec51E99254Cd3fb576A9), ([0xddf252ad1be2c89b69c2b068fc378daa952ba7f163c4a11628f55a4df523b3ef, 0x000000000000000000000000a4ad4f68d0b91cfd19687c881e50f3a00242828c, 0x0000000000000000000000005991a2df15a8f6a256d3ec51e99254cd3fb576a9], 0x000000000000000000000000000000000000000000000083f5991a8201071b4f, 0xa0Cb889707d426A7A386870A03bc70d1b0697598), ([0x8c5be1e5ebec7d5bd14f71427d1e84f3dd0314c0f7b2291e5b200ac8c7c3b925, 0x0000000000000000000000005991a2df15a8f6a256d3ec51e99254cd3fb576a9, 0x000000000000000000000000f62849f9a0b5bf2913b396098f7c7019b51a820a], 0x000000000000000000000000000000000000000000000083f5991a8201071b4f, 0xa0Cb889707d426A7A386870A03bc70d1b0697598), ([0xddf252ad1be2c89b69c2b068fc378daa952ba7f163c4a11628f55a4df523b3ef, 0x0000000000000000000000005991a2df15a8f6a256d3ec51e99254cd3fb576a9, 0x000000000000000000000000f62849f9a0b5bf2913b396098f7c7019b51a820a], 0x000000000000000000000000000000000000000000000083f5991a8201071b4f, 0xa0Cb889707d426A7A386870A03bc70d1b0697598), ([0xddf252ad1be2c89b69c2b068fc378daa952ba7f163c4a11628f55a4df523b3ef, 0x000000000000000000000000f62849f9a0b5bf2913b396098f7c7019b51a820a, 0x0000000000000000000000002e234dae75c793f67a35089c9d99245e1c58470b], 0x000000000000000000000000000000000000000000000083f5991a8201071b4f, 0xa0Cb889707d426A7A386870A03bc70d1b0697598), ([0xddf252ad1be2c89b69c2b068fc378daa952ba7f163c4a11628f55a4df523b3ef, 0x0000000000000000000000000000000000000000000000000000000000000000, 0x0000000000000000000000005991a2df15a8f6a256d3ec51e99254cd3fb576a9], 0x000000000000000000000000000000000000000000000083f5991a8201071b4f, 0x5615dEB798BB3E4dFa0139dFa1b3D433Cc23b72f), ([0x4d5c08516945a75e610fdedf646e3502b4de1becb5bf7cd6fb6d4f0233125e19, 0x0000000000000000000000005991a2df15a8f6a256d3ec51e99254cd3fb576a9, 0x000000000000000000000000a0cb889707d426a7a386870a03bc70d1b0697598], 0x000000000000000000000000000000000000000000000083f5991a8201071b4f000000000000000000000000000000000000000000000083f5991a8201071b4f, 0xF62849F9A0B5Bf2913b396098F7c7019b51A820a), ([0x8c5be1e5ebec7d5bd14f71427d1e84f3dd0314c0f7b2291e5b200ac8c7c3b925, 0x0000000000000000000000005991a2df15a8f6a256d3ec51e99254cd3fb576a9, 0x000000000000000000000000f62849f9a0b5bf2913b396098f7c7019b51a820a], 0x0000000000000000000000000000000000000000000000000000000000000000, 0xa0Cb889707d426A7A386870A03bc70d1b0697598), ([0xddf252ad1be2c89b69c2b068fc378daa952ba7f163c4a11628f55a4df523b3ef, 0x0000000000000000000000000000000000000000000000000000000000000000, 0x0000000000000000000000000000000000000000000000000000000000000b0b], 0x000000000000000000000000000000000000000000000083f5991a8201071b4f, 0x5615dEB798BB3E4dFa0139dFa1b3D433Cc23b72f), ([0xddf252ad1be2c89b69c2b068fc378daa952ba7f163c4a11628f55a4df523b3ef, 0x0000000000000000000000005991a2df15a8f6a256d3ec51e99254cd3fb576a9, 0x0000000000000000000000000000000000000000000000000000000000000b0b], 0x000000000000000000000000000000000000000000000083f5991a8201071b4f, 0x5615dEB798BB3E4dFa0139dFa1b3D433Cc23b72f), ([0xd740d196e5142446c43698a3dbce1a273606d43decedd356479a597f7128df97, 0x000000000000000000000000a0cb889707d426a7a386870a03bc70d1b0697598, 0x000000000000000000000000a4ad4f68d0b91cfd19687c881e50f3a00242828c, 0x0000000000000000000000000000000000000000000000000000000000000b0b], 0x000000000000000000000000000000000000000000000083f5991a8201071b4f000000000000000000000000000000000000000000000083f5991a8201071b4f000000000000000000000000000000000000000000000107eb323504020e369e, 0x5991A2dF15A8F6A256D3Ec51E99254Cd3fb576A9), ([0x8c5be1e5ebec7d5bd14f71427d1e84f3dd0314c0f7b2291e5b200ac8c7c3b925, 0x000000000000000000000000a4ad4f68d0b91cfd19687c881e50f3a00242828c, 0x0000000000000000000000005991a2df15a8f6a256d3ec51e99254cd3fb576a9], 0x0000000000000000000000000000000000000000000000000000000000000000, 0xa0Cb889707d426A7A386870A03bc70d1b0697598), ([0xddf252ad1be2c89b69c2b068fc378daa952ba7f163c4a11628f55a4df523b3ef, 0x0000000000000000000000000000000000000000000000000000000000000000, 0x0000000000000000000000000000000000000000000000000000000000000b0b], 0x0000000000000000000000000000000000000000000000000000000000000001, 0x5991A2dF15A8F6A256D3Ec51E99254Cd3fb576A9), ([0x035d3abaa8aa56aebe6b490b69bb75e5821f9b702490b61db0b82ae22aad7898, 0x000000000000000000000000a0cb889707d426a7a386870a03bc70d1b0697598, 0x0000000000000000000000000000000000000000000000000000000000000b0b], 0x000000000000000000000000000000000000000000000083f5991a8201071b4f000000000000000000000000000000000000000000000083f5991a8201071b500000000000000000000000000000000000000000000000000000000000000001, 0xA4AD4f68d0b91CFD19687c881e50f3A00242828c)]
    ├─ [939] Antimatter::balanceOf(0x0000000000000000000000000000000000000B0b) [staticcall]
    │   └─ ← [Return] 1
    ├─ [1148] StableStakerV2::unclaimedReward(MockERC20: [0xa0Cb889707d426A7A386870A03bc70d1b0697598], 0x0000000000000000000000000000000000000B0b) [staticcall]
    │   └─ ← [Return] 0
    ├─ [917] FlaxToken::balanceOf(0x0000000000000000000000000000000000000B0b) [staticcall]
    │   └─ ← [Return] 4868441358024691299998 [4.868e21]
    ├─ [1418] StableStakerV2::userInfo(MockERC20: [0xa0Cb889707d426A7A386870A03bc70d1b0697598], 0x0000000000000000000000000000000000000B0b) [staticcall]
    │   └─ ← [Return] 47565779320987654350000 [4.756e22], 2315712072729719147718 [2.315e21]
    ├─ [850] MockERC20::balanceOf(0x0000000000000000000000000000000000000B0b) [staticcall]
    │   └─ ← [Return] 4950000000000000000000000 [4.95e24]
    ├─ [1559] StableStakerV2::poolInfo(MockERC20: [0xc7183455a4C133Ae270771860664b6B7ec320bB1]) [staticcall]
    │   └─ ← [Return] 578703703703703703 [5.787e17], 0, 2, 150000000000 [1.5e11]
    ├─ [1559] StableStakerV2::poolInfo(MockERC20: [0xa0Cb889707d426A7A386870A03bc70d1b0697598]) [staticcall]
    │   └─ ← [Return] 578703703703703703 [5.787e17], 48684413580246913 [4.868e16], 12621 [1.262e4], 147565779320987654350000 [1.475e23]
    ├─ [1559] StableStakerV2::poolInfo(MockERC20: [0x1d1499e622D69689cdf9004d05Ec547d650Ff211]) [staticcall]
    │   └─ ← [Return] 578703703703703703 [5.787e17], 0, 2, 150000000000000000000000 [1.5e23]
    └─ ← [Stop]

  [28144] Run17ClaimGateInvariants::invariant_5_noAntimatterWhileClaimDisabled()
    ├─ [2585] StableStakerV2::claimEnabled() [staticcall]
    │   └─ ← [Return] false
    ├─ [2939] Antimatter::balanceOf(0x00000000000000000000000000000000000A11cE) [staticcall]
    │   └─ ← [Return] 0
    ├─ [2939] Antimatter::balanceOf(0x0000000000000000000000000000000000000B0b) [staticcall]
    │   └─ ← [Return] 1
    ├─ [0] VM::assertEq(1, 0, "INV-5: Antimatter reached a user while claimEnabled == false") [staticcall]
    │   └─ ← [Revert] INV-5: Antimatter reached a user while claimEnabled == false: 1 != 0
    └─ ← [Revert] INV-5: Antimatter reached a user while claimEnabled == false: 1 != 0

Suite result: FAILED. 0 passed; 1 failed; 0 skipped; finished in 23.38ms (18.10ms CPU time)

Ran 1 test suite in 6.54s (23.38ms CPU time): 0 tests passed, 1 failed, 0 skipped (1 total tests)

Failing tests:
Encountered 1 failing test in test/invariant/Run17Invariants.t.sol:Run17ClaimGateInvariants
[FAIL: INV-5: Antimatter reached a user while claimEnabled == false: 1 != 0]
	[Sequence] (original: 7, shrunk: 1)
		sender=0x000000000000000000000000000000000000295f addr=[test/invariant/Run17Handler.sol:Run17Handler]0x212224D2F2d262cd093eE13240ca4873fcCBbA3C calldata=autoAnnihilate(uint256,uint256,uint256) args=[12619 [1.261e4], 20105 [2.01e4], 10561 [1.056e4]]
 invariant_5_noAntimatterWhileClaimDisabled() (runs: 0, calls: 0, reverts: 0)

Encountered a total of 1 failing tests, 0 tests succeeded

Tip: Run `forge test --rerun` to retry only the 1 failed test
