### forge --version
forge Version: 1.5.1-stable
Commit SHA: b0a9dd9ceda36f63e2326ce530c10e6916f4b8a2
Build Timestamp: 2025-12-22T11:39:01.425730780Z (1766403541)
Build Profile: maxperf

### commit
96d39ed [story-025] Polish: correct MockERC4626Vault SafeERC20Lite comment rationale

### deterministic run-17 tests (tripwire + scenarios)
No files changed, compilation skipped

Ran 2 tests for test/invariant/Run17Scenarios.t.sol:Run17_ECON002_ForfeitureTrap
[PASS] test_openingTheGateDefusesTheTrap() (gas: 256794)
[PASS] test_underwaterWithNoBuffer_allRewardPathsRevert_andTheHatchForfeits() (gas: 416612)
Logs:
  principal recovered (t2 wei): 4997500000000000000000000
  Antimatter FORFEITED   (wei): 4166666666666666650000
  (first measured at 6h)      : 4166666666666666650000

Suite result: ok. 2 passed; 0 failed; 0 skipped; finished in 3.67ms (905.28µs CPU time)

Ran 2 tests for test/invariant/Run17Scenarios.t.sol:Run17_ClaimGateBypass
[PASS] test_oneTransactionOverhangIsAlsoUngated() (gas: 447981)
[PASS] test_twoTransactionsDrainTheWholeBacklogWithTheGateShut() (gas: 252522)
Logs:
  claimEnabled            : false
  entitlement (AM wei)    : 4166666666666666661600
  raw AM delivered to user: 4166666666666666661600
  fraction bypassed (bps) : 10000

Suite result: ok. 2 passed; 0 failed; 0 skipped; finished in 4.10ms (812.21µs CPU time)

Ran 1 test for test/invariant/Run17Scenarios.t.sol:Run17GateOpenTripwire
[PASS] test_tripwire_claimExecutesAndConserves() (gas: 1495633)
Suite result: ok. 1 passed; 0 failed; 0 skipped; finished in 4.50ms (1.61ms CPU time)

Ran 2 tests for test/invariant/Run17Scenarios.t.sol:Run17_ExitShortfallDust
[PASS] test_dustOwedBricksAutoAnnihilateAgainstAnHonestERC4626() (gas: 1357972)
Logs:
  assets per 1e18 shares : 1246666666666666666
  position (raw wei)     : 104000
  owed (AM wei)          : 1
  => 'exit shortfall' raised against a strategy that told the truth
  after 60s more accrual (owed = 37 ) the same call SUCCEEDS

[PASS] test_scalingLaw_highSharePriceBreaksTheFloorForOrdinaryExits() (gas: 765838)
Logs:
  manipulated assets per 1e18 shares: 1247913333333333333333
  owed (AM wei)                     : 15000000
  one share is worth (raw units)    : 1247
  => the 2-unit + 1bp allowance did not cover a one-share round-down

Suite result: ok. 2 passed; 0 failed; 0 skipped; finished in 4.95ms (3.48ms CPU time)

Ran 1 test for test/invariant/Run17Scenarios.t.sol:Run17CoverageTripwire
[PASS] test_tripwire_everyBranchReachedAndInvariantsHold() (gas: 7616118)
Logs:
  stake 1
  withdraw 1
  depositFor 1
  claim OK 0
  claim reverted (gate closed) 1
  emergencyWithdraw 1
  autoAnnihilate OK 9
    branch: gross == 0 (pure raw mint) 1
    branch: excess > 0 (raw AM to caller) 6
    branch: surplus > 0 (:609 transfer) 1
    branch: sub-unit dust carried 1
    branch: whole-position exit 3
    branch: underwater buffer carve-out 1
    branch: 6-decimal token 3
    branch: 18-decimal token 6
    branch: zero-stake caller 1
    branch: TOTAL gate bypass (all owed minted raw) 1
  autoAnnihilate revert: exit shortfall 0
  autoAnnihilate revert: strategy underwater 0
  autoAnnihilate revert: nothing to annihilate 0
  autoAnnihilate revert: other 0
  AM issued (wei) 386102763530326538996450
  AM burned by annihilation (wei) 180676168096989510749996
  AM to users while gate CLOSED (wei) 205426595433337028246454
  max totalStaked seen 300000000000147222222223
  max INV-2 overshoot (AM wei) 0
    shortfall reverts, pool 0 (6dp, idle) 0
    shortfall reverts, pool 1 (real ERC4626) 0
    shortfall reverts, pool 2 (mock market) 0
  buffer-funded surplus paid to callers (t2 wei): 202767365267183752539

Suite result: ok. 1 passed; 0 failed; 0 skipped; finished in 13.63ms (10.66ms CPU time)

Ran 5 test suites in 14.45ms (30.85ms CPU time): 8 tests passed, 0 failed, 0 skipped (8 total tests)
