### medusa medusa version 1.5.1
### config: medusa-run17.json (testLimit 300000, seqLen 80, 6 workers, assertion mode)
### started 2026-09-01T02:13:32+02:00
⇾ Reading the configuration file at: medusa-run17.json
⇾ Compiling targets with crytic-compile
⇾ Running command:
/home/justin/.local/bin/crytic-compile . --export-format solc --foundry-compile-all
⇾ Finished compiling targets in 10s
⇾ artifacts: Medusa is running against a new set of build artifacts
⇾ No Slither cached results found at slither_results.json
⇾ Running Slither:
/home/justin/.local/bin/slither . --ignore-compile --print echidna --json -
warn Failed to run slither
‣ exit status 1
⇾ Setting up test chain
⇾ Finished setting up test chain
⇾ Creating corpus...
⇾ Initializing corpus...
⇾ Fuzzing with 6 workers
⇾ [NOT STARTED] Assertion Test: Run17Medusa.cAAFullExit()
⇾ [NOT STARTED] Assertion Test: Run17Medusa.emergencyWithdraw(uint256,uint256)
⇾ [NOT STARTED] Assertion Test: Run17Medusa.vault1()
⇾ [NOT STARTED] Assertion Test: Run17Medusa.ys1()
⇾ [NOT STARTED] Assertion Test: Run17Medusa.accrueVaultYield(uint256)
⇾ [NOT STARTED] Assertion Test: Run17Medusa.cAA()
⇾ [NOT STARTED] Assertion Test: Run17Medusa.ghostAmIssued()
⇾ [NOT STARTED] Assertion Test: Run17Medusa.cAADust()
⇾ [NOT STARTED] Assertion Test: Run17Medusa.cInvariantChecks()
⇾ [NOT STARTED] Assertion Test: Run17Medusa.t2()
⇾ [NOT STARTED] Assertion Test: Run17Medusa.actors(uint256)
⇾ [NOT STARTED] Assertion Test: Run17Medusa.cAA6dp()
⇾ [NOT STARTED] Assertion Test: Run17Medusa.cAARevShortfall()
⇾ [NOT STARTED] Assertion Test: Run17Medusa.cWithdraw()
⇾ [NOT STARTED] Assertion Test: Run17Medusa.ghostAmBurned()
⇾ [NOT STARTED] Assertion Test: Run17Medusa.cAAExcess()
⇾ [NOT STARTED] Assertion Test: Run17Medusa.cEmergency()
⇾ [NOT STARTED] Assertion Test: Run17Medusa.donateBuffer(uint256,uint256)
⇾ [NOT STARTED] Assertion Test: Run17Medusa.ghostCap(uint256)
⇾ [NOT STARTED] Assertion Test: Run17Medusa.ghostSampledAt(uint256)
⇾ [NOT STARTED] Assertion Test: Run17Medusa.minterYS()
⇾ [NOT STARTED] Assertion Test: Run17Medusa.phUSD()
⇾ [NOT STARTED] Assertion Test: Run17Medusa.antimatter()
⇾ [NOT STARTED] Assertion Test: Run17Medusa.claim(uint256,uint256)
⇾ [NOT STARTED] Assertion Test: Run17Medusa.minter()
⇾ [NOT STARTED] Assertion Test: Run17Medusa.setExitSlippage(uint256)
⇾ [NOT STARTED] Assertion Test: Run17Medusa.t0()
⇾ [NOT STARTED] Assertion Test: Run17Medusa.withdraw(uint256,uint256,uint256)
⇾ [NOT STARTED] Assertion Test: Run17Medusa.ys2()
⇾ [NOT STARTED] Assertion Test: Run17Medusa.autoAnnihilate(uint256,uint256)
⇾ [NOT STARTED] Assertion Test: Run17Medusa.cClaimRevGate()
⇾ [NOT STARTED] Assertion Test: Run17Medusa.cStake()
⇾ [NOT STARTED] Assertion Test: Run17Medusa.setValueFactor(uint256)
⇾ [NOT STARTED] Assertion Test: Run17Medusa.cAAZeroGross()
⇾ [NOT STARTED] Assertion Test: Run17Medusa.checkInvariants()
⇾ [NOT STARTED] Assertion Test: Run17Medusa.stake(uint256,uint256,uint256)
⇾ [NOT STARTED] Assertion Test: Run17Medusa.staker()
⇾ [NOT STARTED] Assertion Test: Run17Medusa.t1()
⇾ fuzz: elapsed:       0s, calls:          0 (     0/sec), seq/s:      0, branches:   1910, corpus:     0, failures: 0/0, gas/s:            0
⇾ fuzz: elapsed:       3s, calls:       7314 (  2433/sec), seq/s:     44, branches:   4428, corpus:    62, failures: 0/134, gas/s:    965868836
⇾ fuzz: elapsed:       6s, calls:      15392 (  2692/sec), seq/s:     33, branches:   4489, corpus:    65, failures: 0/236, gas/s:   1060786786
⇾ fuzz: elapsed:       9s, calls:      23143 (  2583/sec), seq/s:     32, branches:   4530, corpus:    67, failures: 0/333, gas/s:   1022833429
⇾ fuzz: elapsed:      12s, calls:      30489 (  2447/sec), seq/s:     30, branches:   4530, corpus:    67, failures: 0/425, gas/s:    965800482
⇾ fuzz: elapsed:      15s, calls:      37094 (  2200/sec), seq/s:     27, branches:   4530, corpus:    67, failures: 0/507, gas/s:    869433756
⇾ fuzz: elapsed:      18s, calls:      43854 (  2251/sec), seq/s:     28, branches:   4530, corpus:    67, failures: 0/592, gas/s:    882477013
⇾ fuzz: elapsed:      21s, calls:      50355 (  2164/sec), seq/s:     26, branches:   4543, corpus:    69, failures: 0/672, gas/s:    849042238
⇾ fuzz: elapsed:      24s, calls:      57160 (  2267/sec), seq/s:     28, branches:   4561, corpus:    70, failures: 0/758, gas/s:    885266071
⇾ fuzz: elapsed:      27s, calls:      64115 (  2318/sec), seq/s:     28, branches:   4561, corpus:    70, failures: 0/845, gas/s:    910101212
⇾ fuzz: elapsed:      30s, calls:      70718 (  2199/sec), seq/s:     27, branches:   4567, corpus:    71, failures: 0/928, gas/s:    856445468
⇾ fuzz: elapsed:      33s, calls:      77588 (  2288/sec), seq/s:     28, branches:   4585, corpus:    72, failures: 0/1013, gas/s:    898918340
⇾ fuzz: elapsed:      36s, calls:      84534 (  2312/sec), seq/s:     28, branches:   4585, corpus:    72, failures: 0/1100, gas/s:    904384570
⇾ fuzz: elapsed:      39s, calls:      91409 (  2290/sec), seq/s:     28, branches:   4603, corpus:    73, failures: 0/1185, gas/s:    901420218
⇾ fuzz: elapsed:      42s, calls:      98012 (  2197/sec), seq/s:     27, branches:   4603, corpus:    73, failures: 0/1268, gas/s:    858256606
⇾ fuzz: elapsed:      45s, calls:     105063 (  2348/sec), seq/s:     29, branches:   4603, corpus:    73, failures: 0/1358, gas/s:    917578787
⇾ fuzz: elapsed:      48s, calls:     112111 (  2345/sec), seq/s:     28, branches:   4603, corpus:    73, failures: 0/1444, gas/s:    908692850
⇾ fuzz: elapsed:      51s, calls:     119126 (  2336/sec), seq/s:     29, branches:   4603, corpus:    73, failures: 0/1532, gas/s:    912456196
⇾ fuzz: elapsed:      54s, calls:     126169 (  2347/sec), seq/s:     29, branches:   4603, corpus:    73, failures: 0/1620, gas/s:    917438568
⇾ fuzz: elapsed:      57s, calls:     133469 (  2425/sec), seq/s:     30, branches:   4621, corpus:    74, failures: 0/1711, gas/s:    942886532
⇾ fuzz: elapsed:    1m00s, calls:     140737 (  2421/sec), seq/s:     30, branches:   4621, corpus:    74, failures: 0/1802, gas/s:    950387374
⇾ fuzz: elapsed:    1m03s, calls:     147443 (  2234/sec), seq/s:     27, branches:   4621, corpus:    74, failures: 0/1886, gas/s:    878960463
⇾ fuzz: elapsed:    1m06s, calls:     154517 (  2356/sec), seq/s:     29, branches:   4621, corpus:    74, failures: 0/1975, gas/s:    927420521
⇾ fuzz: elapsed:    1m09s, calls:     161623 (  2368/sec), seq/s:     29, branches:   4621, corpus:    74, failures: 0/2063, gas/s:    930852270
⇾ fuzz: elapsed:    1m12s, calls:     168253 (  2209/sec), seq/s:     28, branches:   4621, corpus:    74, failures: 0/2148, gas/s:    866932938
⇾ fuzz: elapsed:    1m15s, calls:     175037 (  2259/sec), seq/s:     27, branches:   4621, corpus:    74, failures: 0/2232, gas/s:    887798330
⇾ fuzz: elapsed:    1m18s, calls:     182125 (  2358/sec), seq/s:     29, branches:   4621, corpus:    74, failures: 0/2320, gas/s:    921331625
⇾ fuzz: elapsed:    1m21s, calls:     189490 (  2448/sec), seq/s:     30, branches:   4621, corpus:    74, failures: 0/2411, gas/s:    962766657
⇾ fuzz: elapsed:    1m24s, calls:     196408 (  2305/sec), seq/s:     28, branches:   4621, corpus:    74, failures: 0/2498, gas/s:    904286510
⇾ fuzz: elapsed:    1m27s, calls:     203717 (  2432/sec), seq/s:     30, branches:   4621, corpus:    74, failures: 0/2590, gas/s:    960276664
⇾ fuzz: elapsed:    1m30s, calls:     211061 (  2446/sec), seq/s:     30, branches:   4621, corpus:    74, failures: 0/2682, gas/s:    959627641
⇾ fuzz: elapsed:    1m33s, calls:     218009 (  2315/sec), seq/s:     28, branches:   4621, corpus:    74, failures: 0/2769, gas/s:    904942171
⇾ fuzz: elapsed:    1m36s, calls:     225419 (  2465/sec), seq/s:     29, branches:   4621, corpus:    74, failures: 0/2859, gas/s:    959266290
⇾ fuzz: elapsed:    1m39s, calls:     232797 (  2458/sec), seq/s:     31, branches:   4621, corpus:    74, failures: 0/2953, gas/s:    965436154
⇾ fuzz: elapsed:    1m42s, calls:     239947 (  2382/sec), seq/s:     30, branches:   4621, corpus:    74, failures: 0/3044, gas/s:    930166272
⇾ fuzz: elapsed:    1m45s, calls:     246553 (  2201/sec), seq/s:     26, branches:   4639, corpus:    75, failures: 0/3124, gas/s:    863538186
⇾ fuzz: elapsed:    1m48s, calls:     253616 (  2352/sec), seq/s:     29, branches:   4639, corpus:    75, failures: 0/3214, gas/s:    919765344
⇾ fuzz: elapsed:    1m51s, calls:     260730 (  2366/sec), seq/s:     29, branches:   4639, corpus:    75, failures: 0/3303, gas/s:    924395865
⇾ fuzz: elapsed:    1m54s, calls:     267584 (  2283/sec), seq/s:     28, branches:   4639, corpus:    75, failures: 0/3388, gas/s:    891121621
⇾ fuzz: elapsed:    1m57s, calls:     274878 (  2427/sec), seq/s:     29, branches:   4639, corpus:    75, failures: 0/3478, gas/s:    952049815
⇾ fuzz: elapsed:    2m00s, calls:     282229 (  2447/sec), seq/s:     31, branches:   4639, corpus:    75, failures: 0/3572, gas/s:    956888100
⇾ fuzz: elapsed:    2m03s, calls:     289165 (  2310/sec), seq/s:     28, branches:   4639, corpus:    75, failures: 0/3658, gas/s:    898292948
⇾ fuzz: elapsed:    2m06s, calls:     295756 (  2196/sec), seq/s:     27, branches:   4639, corpus:    75, failures: 0/3741, gas/s:    852766320
⇾ fuzz: elapsed:    2m09s, calls:     302817 (  2351/sec), seq/s:     28, branches:   4639, corpus:    75, failures: 0/3828, gas/s:    917982034
⇾ Transaction test limit reached, halting now...
⇾ Fuzzer stopped, test results follow below ...
⇾ [PASSED] Assertion Test: Run17Medusa.accrueVaultYield(uint256)
⇾ [PASSED] Assertion Test: Run17Medusa.actors(uint256)
⇾ [PASSED] Assertion Test: Run17Medusa.antimatter()
⇾ [PASSED] Assertion Test: Run17Medusa.autoAnnihilate(uint256,uint256)
⇾ [PASSED] Assertion Test: Run17Medusa.cAA()
⇾ [PASSED] Assertion Test: Run17Medusa.cAA6dp()
⇾ [PASSED] Assertion Test: Run17Medusa.cAADust()
⇾ [PASSED] Assertion Test: Run17Medusa.cAAExcess()
⇾ [PASSED] Assertion Test: Run17Medusa.cAAFullExit()
⇾ [PASSED] Assertion Test: Run17Medusa.cAARevShortfall()
⇾ [PASSED] Assertion Test: Run17Medusa.cAAZeroGross()
⇾ [PASSED] Assertion Test: Run17Medusa.cClaimRevGate()
⇾ [PASSED] Assertion Test: Run17Medusa.cEmergency()
⇾ [PASSED] Assertion Test: Run17Medusa.cInvariantChecks()
⇾ [PASSED] Assertion Test: Run17Medusa.cStake()
⇾ [PASSED] Assertion Test: Run17Medusa.cWithdraw()
⇾ [PASSED] Assertion Test: Run17Medusa.checkInvariants()
⇾ [PASSED] Assertion Test: Run17Medusa.claim(uint256,uint256)
⇾ [PASSED] Assertion Test: Run17Medusa.donateBuffer(uint256,uint256)
⇾ [PASSED] Assertion Test: Run17Medusa.emergencyWithdraw(uint256,uint256)
⇾ [PASSED] Assertion Test: Run17Medusa.ghostAmBurned()
⇾ [PASSED] Assertion Test: Run17Medusa.ghostAmIssued()
⇾ [PASSED] Assertion Test: Run17Medusa.ghostCap(uint256)
⇾ [PASSED] Assertion Test: Run17Medusa.ghostSampledAt(uint256)
⇾ [PASSED] Assertion Test: Run17Medusa.minter()
⇾ [PASSED] Assertion Test: Run17Medusa.minterYS()
⇾ [PASSED] Assertion Test: Run17Medusa.phUSD()
⇾ [PASSED] Assertion Test: Run17Medusa.setExitSlippage(uint256)
⇾ [PASSED] Assertion Test: Run17Medusa.setValueFactor(uint256)
⇾ [PASSED] Assertion Test: Run17Medusa.stake(uint256,uint256,uint256)
⇾ [PASSED] Assertion Test: Run17Medusa.staker()
⇾ [PASSED] Assertion Test: Run17Medusa.t0()
⇾ [PASSED] Assertion Test: Run17Medusa.t1()
⇾ [PASSED] Assertion Test: Run17Medusa.t2()
⇾ [PASSED] Assertion Test: Run17Medusa.vault1()
⇾ [PASSED] Assertion Test: Run17Medusa.withdraw(uint256,uint256,uint256)
⇾ [PASSED] Assertion Test: Run17Medusa.ys1()
⇾ [PASSED] Assertion Test: Run17Medusa.ys2()
⇾ Test summary: 38 test(s) passed, 0 test(s) failed
⇾ html report(s) saved to: medusa-corpus-run17/coverage/coverage_report.html
⇾ lcov report(s) saved to: medusa-corpus-run17/coverage/lcov.info
### finished 2026-09-01T02:16:15+02:00
