No files changed, compilation skipped
Script ran successfully.

== Logs ==
  =================================================
    MAINNET STABLESTAKER V1 -> V2 CUTOVER (story 082)
  =================================================
  No progress file - starting fresh
  
=== Phase 0: preconditions ===
    token: 0x865377367054516e17014CcdED1e7d814EDC9ce4 DOLA
      V1 poolState / stakerCount / totalStaked: 0 9 1222727602453502485450
      strategy / principalOf(V1): 0x1760E05356Ec1FBBA159C730781dCfB9920524e2 1249626058196412698895
      V1 phusdPerSecond / C (phUSD per day): 10850694444444 937499999999961600
      setAsideBufferSize(V1) %: 10
      setAsideBufferRecipient: 0xbce8ABC09BaEDCabE93419bF875f6186e182079A
      V1 idle token balance (buffer, stays on V1): 6997032072106485771
      PhusdStableMinter registration: strategy 0x1760E05356Ec1FBBA159C730781dCfB9920524e2
    token: 0xA0b86991c6218b36c1d19D4a2e9Eb0cE3606eB48 USDC
      V1 poolState / stakerCount / totalStaked: 0 13 1968476179
      strategy / principalOf(V1): 0xaFDf8DeA96a0F37Aae4869f813901bf73a3eAB83 1995519564
      V1 phusdPerSecond / C (phUSD per day): 15190972222221 1312499999999894400
      setAsideBufferSize(V1) %: 10
      setAsideBufferRecipient: 0xbce8ABC09BaEDCabE93419bF875f6186e182079A
      V1 idle token balance (buffer, stays on V1): 10430694
      PhusdStableMinter registration: strategy 0xaFDf8DeA96a0F37Aae4869f813901bf73a3eAB83
    token: 0x4c9EDD5852cd905f086C759E8383e09bff1E68B3 USDe
      V1 poolState / stakerCount / totalStaked: 0 7 2566815465400000000000
      strategy / principalOf(V1): 0xaC2e5936Eca286eC364d4D5Bcca33145fBe57f95 2566815465400000000000
      V1 phusdPerSecond / C (phUSD per day): 21701388888888 1874999999999923200
      setAsideBufferSize(V1) %: 25
      setAsideBufferRecipient: NONE (pre-story-047 strategy: buffer is paid to each client)
      V1 idle token balance (buffer, stays on V1): 49845539781409382100
      PhusdStableMinter registration: strategy 0xaC2e5936Eca286eC364d4D5Bcca33145fBe57f95
    V1 phUSD mint authorized: true
    phUSD minter baseline (live) mask / mintVersion: 511 0
  
=== Phase 1: retire V1 (pauser OWNER, unregister, pause) ===
    Pauser.unregister(V1) - retired staker removed from the global pause registry
    V1 pauser OWNER, unregistered from Pauser, paused - global Pauser.pause() stays live
  
=== Phase 2: Antimatter ===
    Antimatter deployed at: 0x4e5c3885A2B329d4206ff710F9CCbcd05cF7B5c7
    progress file updated: in_progress
    Antimatter wired to phUSD + PhusdStableMinter (read back)
  
=== Phase 3: StableStakerV2 ===
    StableStakerV2 deployed at: 0xF719D6d9cd90836506a4845969eCD753d6d963B9
    progress file updated: in_progress
    V2 paused (pauser temporarily OWNER)
  
=== Phase 4: V2 pools (from V1 live config) ===
    -- pool 0x865377367054516e17014CcdED1e7d814EDC9ce4 DOLA
      C (V1 phUSD/day) / Antimatter/day (2.1x): 937499999999961600 1968749999999919360
      antimatterPerSecond / setAsideBuffer %: 22786458333332 10
    -- pool 0xA0b86991c6218b36c1d19D4a2e9Eb0cE3606eB48 USDC
      C (V1 phUSD/day) / Antimatter/day (2.1x): 1312499999999894400 2756249999999778240
      antimatterPerSecond / setAsideBuffer %: 31901041666664 10
    -- pool 0x4c9EDD5852cd905f086C759E8383e09bff1E68B3 USDe
      C (V1 phUSD/day) / Antimatter/day (2.1x): 1874999999999923200 3937499999999838720
      antimatterPerSecond / setAsideBuffer %: 45572916666664 25
  
=== Phase 5: mint rights ===
    Antimatter.setApprovedMinter(V2) - VERIFIED by read-back
    phUSD.setMinter(V2) - VERIFIED via phUSDMintAvailable()
    phUSD.setMinter(Antimatter) - VERIFIED at current mintVersion
    phUSD minter delta OK (live mask / V1 revoked): 511 false
  
=== Phase 6: V1 -> V2 migration ===
    CrossVersionMigrator deployed at: 0xBD1528e4d98869a66565762f3C19E298450B28BC
    progress file updated: in_progress
    -- migrating pool 0x865377367054516e17014CcdED1e7d814EDC9ce4 DOLA
    relinquished V1 principal surplus (token / surplus): 0x865377367054516e17014CcdED1e7d814EDC9ce4 26898455742910213445
    V1 initiateMigration (token / R realized / P snapshot): 0x865377367054516e17014CcdED1e7d814EDC9ce4 1222725528651424783078 1222727602453502485450
    plan (token / migratable / zero-credit): 0x865377367054516e17014CcdED1e7d814EDC9ce4 9 0
    plan stragglers (count / principal total): 0 0
    migrated (token / users / batches): 0x865377367054516e17014CcdED1e7d814EDC9ce4 9 1
    aggregate floor (token / floor / V2 totalStaked): 0x865377367054516e17014CcdED1e7d814EDC9ce4 1222483056933011775952 1222723447469613917494
      V1 principalSnapshot / straggler principal: 1222727602453502485450 0
    post-migration OK (token / V2 totalStaked / V2 stakers): 0x865377367054516e17014CcdED1e7d814EDC9ce4 1222723447469613917494 9
    -- migrating pool 0xA0b86991c6218b36c1d19D4a2e9Eb0cE3606eB48 USDC
    relinquished V1 principal surplus (token / surplus): 0xA0b86991c6218b36c1d19D4a2e9Eb0cE3606eB48 27043385
    V1 initiateMigration (token / R realized / P snapshot): 0xA0b86991c6218b36c1d19D4a2e9Eb0cE3606eB48 1968391065 1968476179
    plan (token / migratable / zero-credit): 0xA0b86991c6218b36c1d19D4a2e9Eb0cE3606eB48 13 0
    plan stragglers (count / principal total): 0 0
    migrated (token / users / batches): 0xA0b86991c6218b36c1d19D4a2e9Eb0cE3606eB48 13 1
    aggregate floor (token / floor / V2 totalStaked): 0xA0b86991c6218b36c1d19D4a2e9Eb0cE3606eB48 1968069483 1968305934
      V1 principalSnapshot / straggler principal: 1968476179 0
    post-migration OK (token / V2 totalStaked / V2 stakers): 0xA0b86991c6218b36c1d19D4a2e9Eb0cE3606eB48 1968305934 13
    -- migrating pool 0x4c9EDD5852cd905f086C759E8383e09bff1E68B3 USDe
    market exit pre-quote (shares / quote / minOut): 2056424606891643416703 2565317525727214516833 2559115019003799999999
    V1 initiateMigration (token / R realized / P snapshot): 0x4c9EDD5852cd905f086C759E8383e09bff1E68B3 2565317525727214516835 2566815465400000000000
    plan (token / migratable / zero-credit): 0x4c9EDD5852cd905f086C759E8383e09bff1E68B3 7 0
    plan stragglers (count / principal total): 0 0
    migrated (token / users / batches): 0x4c9EDD5852cd905f086C759E8383e09bff1E68B3 7 1
    aggregate floor (token / floor / V2 totalStaked): 0x4c9EDD5852cd905f086C759E8383e09bff1E68B3 2551157891061059993000 2557621573150032873280
      V1 principalSnapshot / straggler principal: 2566815465400000000000 0
    post-migration OK (token / V2 totalStaked / V2 stakers): 0x4c9EDD5852cd905f086C759E8383e09bff1E68B3 2557621573150032873280 7
  
=== Phase 7: finalize ===
    setAsideBufferRecipient -> V2 on strategy: 0x1760E05356Ec1FBBA159C730781dCfB9920524e2
    setAsideBufferRecipient -> V2 on strategy: 0xaFDf8DeA96a0F37Aae4869f813901bf73a3eAB83
    phUSD.setMinter(V1, false) - retired staker's mint authority REVOKED
    V1 already unregistered from Pauser - skipped
    V1 already paused - pause step skipped
    V1 pauser -> OWNER, unregistered from Pauser, left paused; V2 + Antimatter registered with Pauser; V2 unpaused
  
=== Phase 8: wiring assertions ===
    phUSD minter delta OK (live mask / V1 revoked): 510 true
    pool OK (token / V2 stakers / V1 stragglers): 0x865377367054516e17014CcdED1e7d814EDC9ce4 9 0
    pool OK (token / V2 stakers / V1 stragglers): 0xA0b86991c6218b36c1d19D4a2e9Eb0cE3606eB48 13 0
    pool OK (token / V2 stakers / V1 stragglers): 0x4c9EDD5852cd905f086C759E8383e09bff1E68B3 7 0
    Pauser registrant sweep OK (every registrant unpaused, pauser == Pauser): 27
    all wiring assertions passed
    progress file updated: completed
  
  =================================================
          STABLESTAKER V2 CUTOVER SUMMARY
  =================================================
  Antimatter:            0x4e5c3885A2B329d4206ff710F9CCbcd05cF7B5c7
  StableStakerV2:        0xF719D6d9cd90836506a4845969eCD753d6d963B9
  CrossVersionMigrator:  0xBD1528e4d98869a66565762f3C19E298450B28BC (transient, no address-book key)
  Mode:                  BROADCAST

SKIPPING ON CHAIN SIMULATION.


==========================

ONCHAIN EXECUTION COMPLETE & SUCCESSFUL.

Transactions saved to: /home/justin/code/audits/phoenix-phase-2-staging/work/broadcast/CutoverStableStakerV2Mainnet.s.sol/1/run-latest.json

Sensitive values saved to: /home/justin/code/audits/phoenix-phase-2-staging/work/cache/CutoverStableStakerV2Mainnet.s.sol/1/run-latest.json

