No files changed, compilation skipped
Script ran successfully.

== Logs ==
  =================================================
    STABLESTAKER V2 CUTOVER - READ-ONLY VERIFICATION
    (story 086 / audit L-02)
  =================================================
  Found progress file, loading: server/deployments/progress.stable-staker-v2-cutover.1.json
    loaded Antimatter 0x4e5c3885A2B329d4206ff710F9CCbcd05cF7B5c7
    loaded StableStakerV2 0xF719D6d9cd90836506a4845969eCD753d6d963B9
    loaded CrossVersionMigrator 0xBD1528e4d98869a66565762f3C19E298450B28BC
  
=== verify Phase 1: V1 retired ===
    V1 pauser OWNER, unregistered from Pauser, paused
  
=== verify Phase 2: Antimatter ===
    Antimatter: 0x4e5c3885A2B329d4206ff710F9CCbcd05cF7B5c7
  
=== verify Phase 3: StableStakerV2 ===
    StableStakerV2: 0xF719D6d9cd90836506a4845969eCD753d6d963B9
  
=== Phase 0: preconditions ===
    token: 0x865377367054516e17014CcdED1e7d814EDC9ce4 DOLA
      V1 poolState / stakerCount / totalStaked: 1 0 0
      strategy / principalOf(V1): 0x1760E05356Ec1FBBA159C730781dCfB9920524e2 0
      V1 phusdPerSecond / C (phUSD per day): 10850694444444 937499999999961600
      setAsideBufferSize(V1) %: 10
      setAsideBufferRecipient: 0xF719D6d9cd90836506a4845969eCD753d6d963B9
      V1 idle token balance (buffer, stays on V1): 6997032072106485775
      PhusdStableMinter registration: strategy 0x1760E05356Ec1FBBA159C730781dCfB9920524e2
    token: 0xA0b86991c6218b36c1d19D4a2e9Eb0cE3606eB48 USDC
      V1 poolState / stakerCount / totalStaked: 1 0 0
      strategy / principalOf(V1): 0xaFDf8DeA96a0F37Aae4869f813901bf73a3eAB83 0
      V1 phusdPerSecond / C (phUSD per day): 15190972222221 1312499999999894400
      setAsideBufferSize(V1) %: 10
      setAsideBufferRecipient: 0xF719D6d9cd90836506a4845969eCD753d6d963B9
      V1 idle token balance (buffer, stays on V1): 10430702
      PhusdStableMinter registration: strategy 0xaFDf8DeA96a0F37Aae4869f813901bf73a3eAB83
    token: 0x4c9EDD5852cd905f086C759E8383e09bff1E68B3 USDe
      V1 poolState / stakerCount / totalStaked: 1 0 0
      strategy / principalOf(V1): 0xaC2e5936Eca286eC364d4D5Bcca33145fBe57f95 0
      V1 phusdPerSecond / C (phUSD per day): 21701388888888 1874999999999923200
      setAsideBufferSize(V1) %: 25
      setAsideBufferRecipient: NONE (pre-story-047 strategy: buffer is paid to each client)
      V1 idle token balance (buffer, stays on V1): 49845539781409382104
      PhusdStableMinter registration: strategy 0xaC2e5936Eca286eC364d4D5Bcca33145fBe57f95
    V1 phUSD mint authorized: false
    phUSD minter baseline (from progress file) mask / mintVersion: 511 0
  
=== verify Phase 4: V2 pools ===
    pool configured: 0x865377367054516e17014CcdED1e7d814EDC9ce4 DOLA
    pool configured: 0xA0b86991c6218b36c1d19D4a2e9Eb0cE3606eB48 USDC
    pool configured: 0x4c9EDD5852cd905f086C759E8383e09bff1E68B3 USDe
  
=== verify Phase 5: mint rights ===
    V2 Antimatter + phUSD mint, Antimatter phUSD mint
  
=== verify Phase 6: migration ===
    aggregate floor (token / floor / V2 totalStaked): 0x865377367054516e17014CcdED1e7d814EDC9ce4 1222483056933011775952 1222723447469613917494
      V1 principalSnapshot / straggler principal: 1222727602453502485450 0
    post-migration OK (token / V2 totalStaked / V2 stakers): 0x865377367054516e17014CcdED1e7d814EDC9ce4 1222723447469613917494 9
    pool migrated (token / V1 stragglers): 0x865377367054516e17014CcdED1e7d814EDC9ce4 0
    aggregate floor (token / floor / V2 totalStaked): 0xA0b86991c6218b36c1d19D4a2e9Eb0cE3606eB48 1968069483 1968305934
      V1 principalSnapshot / straggler principal: 1968476179 0
    post-migration OK (token / V2 totalStaked / V2 stakers): 0xA0b86991c6218b36c1d19D4a2e9Eb0cE3606eB48 1968305934 13
    pool migrated (token / V1 stragglers): 0xA0b86991c6218b36c1d19D4a2e9Eb0cE3606eB48 0
    aggregate floor (token / floor / V2 totalStaked): 0x4c9EDD5852cd905f086C759E8383e09bff1E68B3 2551157891061059993000 2557621571334950456803
      V1 principalSnapshot / straggler principal: 2566815465400000000000 0
    post-migration OK (token / V2 totalStaked / V2 stakers): 0x4c9EDD5852cd905f086C759E8383e09bff1E68B3 2557621571334950456803 7
    pool migrated (token / V1 stragglers): 0x4c9EDD5852cd905f086C759E8383e09bff1E68B3 0
  
=== verify Phase 7: finalize ===
    buffer recipients, V1 mint revoked, V2/Antimatter pause wiring, V2 unpaused
  
=== verify per-user credits (MigratedOut -> DepositedFor) ===
    events (MigratedOut / UserMigrated / DepositedFor): 29 0 29
    per-user credits OK (token / users): 0x865377367054516e17014CcdED1e7d814EDC9ce4 9
    per-user credits OK (token / users): 0xA0b86991c6218b36c1d19D4a2e9Eb0cE3606eB48 13
    per-user credits OK (token / users): 0x4c9EDD5852cd905f086C759E8383e09bff1E68B3 7
  
=== Phase 8: wiring assertions ===
    phUSD minter delta OK (live mask / V1 revoked): 510 true
    pool OK (token / V2 stakers / V1 stragglers): 0x865377367054516e17014CcdED1e7d814EDC9ce4 9 0
    pool OK (token / V2 stakers / V1 stragglers): 0xA0b86991c6218b36c1d19D4a2e9Eb0cE3606eB48 13 0
    pool OK (token / V2 stakers / V1 stragglers): 0x4c9EDD5852cd905f086C759E8383e09bff1E68B3 7 0
    Pauser registrant sweep OK (every registrant unpaused, pauser == Pauser): 27
    all wiring assertions passed
  
  =================================================
    CUTOVER VERIFIED ON CHAIN: every phase 1-7 done-condition holds
  =================================================
  Antimatter:            0x4e5c3885A2B329d4206ff710F9CCbcd05cF7B5c7
  StableStakerV2:        0xF719D6d9cd90836506a4845969eCD753d6d963B9
  CrossVersionMigrator:  0xBD1528e4d98869a66565762f3C19E298450B28BC
  Per-user credits re-checked: 29
