No files changed, compilation skipped
Traces:
  [11034290] → new VerifyStableStakerV2Cutover@0x9f7cF1d1F558E57ef88a59ac3D47214eF25B6A06
    └─ ← [Return] 54980 bytes of code

  [176] VerifyStableStakerV2Cutover::setUp()
    └─ ← [Stop]

  [1204636] VerifyStableStakerV2Cutover::run()
    ├─ [0] console::log("=================================================") [staticcall]
    │   └─ ← [Stop]
    ├─ [0] console::log("  STABLESTAKER V2 CUTOVER - READ-ONLY VERIFICATION") [staticcall]
    │   └─ ← [Stop]
    ├─ [0] console::log("  (story 086 / audit L-02)") [staticcall]
    │   └─ ← [Stop]
    ├─ [0] console::log("=================================================") [staticcall]
    │   └─ ← [Stop]
    ├─ [0] VM::envOr("PREVIEW_MODE", false) [staticcall]
    │   └─ ← [Return] <env var value>
    ├─ [0] VM::readFile("server/deployments/progress.stable-staker-v2-cutover.1.json") [staticcall]
    │   └─ ← [Return] <file>
    ├─ [0] console::log("Found progress file, loading:", "server/deployments/progress.stable-staker-v2-cutover.1.json") [staticcall]
    │   └─ ← [Stop]
    ├─ [0] VM::keyExistsJson("<JSON file>", ".contracts.Antimatter.address") [staticcall]
    │   └─ ← [Return] true
    ├─ [0] VM::parseJsonAddress("<stringified JSON>", ".contracts.Antimatter.address") [staticcall]
    │   └─ ← [Return] 0x4e5c3885A2B329d4206ff710F9CCbcd05cF7B5c7
    ├─ [0] console::log("  loaded", "Antimatter", 0x4e5c3885A2B329d4206ff710F9CCbcd05cF7B5c7) [staticcall]
    │   └─ ← [Stop]
    ├─ [0] VM::keyExistsJson("<JSON file>", ".contracts.StableStakerV2.address") [staticcall]
    │   └─ ← [Return] true
    ├─ [0] VM::parseJsonAddress("<stringified JSON>", ".contracts.StableStakerV2.address") [staticcall]
    │   └─ ← [Return] 0xF719D6d9cd90836506a4845969eCD753d6d963B9
    ├─ [0] console::log("  loaded", "StableStakerV2", 0xF719D6d9cd90836506a4845969eCD753d6d963B9) [staticcall]
    │   └─ ← [Stop]
    ├─ [0] VM::keyExistsJson("<JSON file>", ".contracts.CrossVersionMigrator.address") [staticcall]
    │   └─ ← [Return] true
    ├─ [0] VM::parseJsonAddress("<stringified JSON>", ".contracts.CrossVersionMigrator.address") [staticcall]
    │   └─ ← [Return] 0xBD1528e4d98869a66565762f3C19E298450B28BC
    ├─ [0] console::log("  loaded", "CrossVersionMigrator", 0xBD1528e4d98869a66565762f3C19E298450B28BC) [staticcall]
    │   └─ ← [Stop]
    ├─ [0] VM::keyExistsJson("<JSON file>", ".baselines.cutoverStartBlock") [staticcall]
    │   └─ ← [Return] true
    ├─ [0] VM::parseJsonString("<stringified JSON>", ".baselines.cutoverStartBlock") [staticcall]
    │   └─ ← [Return] "25981150"
    ├─ [0] VM::parseUint("25981150") [staticcall]
    │   └─ ← [Return] 25981150 [2.598e7]
    ├─ [0] VM::keyExistsJson("<JSON file>", ".baselines.phusdMinterMask") [staticcall]
    │   └─ ← [Return] true
    ├─ [0] VM::parseJsonString("<stringified JSON>", ".baselines.phusdMinterMask") [staticcall]
    │   └─ ← [Return] "511"
    ├─ [0] VM::parseUint("511") [staticcall]
    │   └─ ← [Return] 511
    ├─ [0] VM::parseJsonString("<stringified JSON>", ".baselines.phusdMintVersion") [staticcall]
    │   └─ ← [Return] "0"
    ├─ [0] VM::parseUint("0") [staticcall]
    │   └─ ← [Return] 0
    ├─ [0] VM::envOr("CUTOVER_START_BLOCK", 0) [staticcall]
    │   └─ ← [Return] <env var value>
    ├─ [0] console::log("\n=== verify Phase 1: V1 retired ===") [staticcall]
    │   └─ ← [Stop]
    ├─ [2865] 0xbce8ABC09BaEDCabE93419bF875f6186e182079A::pauser() [staticcall]
    │   └─ ← [Return] 0xCad1a7864a108DBFF67F4b8af71fAB0C7A86D0B6
    ├─ [2899] Pauser::isRegistered(0xbce8ABC09BaEDCabE93419bF875f6186e182079A) [staticcall]
    │   └─ ← [Return] false
    ├─ [2557] 0xbce8ABC09BaEDCabE93419bF875f6186e182079A::paused() [staticcall]
    │   └─ ← [Return] true
    ├─ [0] console::log("  V1 pauser OWNER, unregistered from Pauser, paused") [staticcall]
    │   └─ ← [Stop]
    ├─ [0] console::log("\n=== verify Phase 2: Antimatter ===") [staticcall]
    │   └─ ← [Stop]
    ├─ [2726] 0x4e5c3885A2B329d4206ff710F9CCbcd05cF7B5c7::name() [staticcall]
    │   └─ ← [Return] "Antimatter"
    ├─ [3170] 0x4e5c3885A2B329d4206ff710F9CCbcd05cF7B5c7::symbol() [staticcall]
    │   └─ ← [Return] "AM"
    ├─ [2656] 0x4e5c3885A2B329d4206ff710F9CCbcd05cF7B5c7::owner() [staticcall]
    │   └─ ← [Return] 0xCad1a7864a108DBFF67F4b8af71fAB0C7A86D0B6
    ├─ [2345] 0x4e5c3885A2B329d4206ff710F9CCbcd05cF7B5c7::phUSD() [staticcall]
    │   └─ ← [Return] FlaxToken: [0xf3B5B661b92B75C71fA5Aba8Fd95D7514A9CD605]
    ├─ [345] 0x4e5c3885A2B329d4206ff710F9CCbcd05cF7B5c7::phUSD() [staticcall]
    │   └─ ← [Return] FlaxToken: [0xf3B5B661b92B75C71fA5Aba8Fd95D7514A9CD605]
    ├─ [2915] 0x4e5c3885A2B329d4206ff710F9CCbcd05cF7B5c7::phUSDMinter() [staticcall]
    │   └─ ← [Return] 0x94855ACA13952D81507C92D3CdBb2e25D3bbE60C
    ├─ [0] console::log("  Antimatter:", 0x4e5c3885A2B329d4206ff710F9CCbcd05cF7B5c7) [staticcall]
    │   └─ ← [Stop]
    ├─ [0] console::log("\n=== verify Phase 3: StableStakerV2 ===") [staticcall]
    │   └─ ← [Stop]
    ├─ [810] 0xF719D6d9cd90836506a4845969eCD753d6d963B9::STAKER_VERSION() [staticcall]
    │   └─ ← [Return] 2
    ├─ [520] 0xF719D6d9cd90836506a4845969eCD753d6d963B9::antimatter() [staticcall]
    │   └─ ← [Return] 0x4e5c3885A2B329d4206ff710F9CCbcd05cF7B5c7
    ├─ [2887] 0xF719D6d9cd90836506a4845969eCD753d6d963B9::owner() [staticcall]
    │   └─ ← [Return] 0xCad1a7864a108DBFF67F4b8af71fAB0C7A86D0B6
    ├─ [0] console::log("  StableStakerV2:", 0xF719D6d9cd90836506a4845969eCD753d6d963B9) [staticcall]
    │   └─ ← [Stop]
    ├─ [0] console::log("\n=== Phase 0: preconditions ===") [staticcall]
    │   └─ ← [Stop]
    ├─ [777] 0xbce8ABC09BaEDCabE93419bF875f6186e182079A::owner() [staticcall]
    │   └─ ← [Return] 0xCad1a7864a108DBFF67F4b8af71fAB0C7A86D0B6
    ├─ [2698] FlaxToken::owner() [staticcall]
    │   └─ ← [Return] 0xCad1a7864a108DBFF67F4b8af71fAB0C7A86D0B6
    ├─ [2558] Pauser::owner() [staticcall]
    │   └─ ← [Return] 0xCad1a7864a108DBFF67F4b8af71fAB0C7A86D0B6
    ├─ [2523] 0x94855ACA13952D81507C92D3CdBb2e25D3bbE60C::owner() [staticcall]
    │   └─ ← [Return] 0xCad1a7864a108DBFF67F4b8af71fAB0C7A86D0B6
    ├─ [865] 0xbce8ABC09BaEDCabE93419bF875f6186e182079A::pauser() [staticcall]
    │   └─ ← [Return] 0xCad1a7864a108DBFF67F4b8af71fAB0C7A86D0B6
    ├─ [9433] 0xbce8ABC09BaEDCabE93419bF875f6186e182079A::getStakedTokens() [staticcall]
    │   └─ ← [Return] [0x865377367054516e17014CcdED1e7d814EDC9ce4, 0xA0b86991c6218b36c1d19D4a2e9Eb0cE3606eB48, 0x4c9EDD5852cd905f086C759E8383e09bff1E68B3]
    ├─ [2889] 0x1760E05356Ec1FBBA159C730781dCfB9920524e2::owner() [staticcall]
    │   └─ ← [Return] 0xCad1a7864a108DBFF67F4b8af71fAB0C7A86D0B6
    ├─ [625] 0x1760E05356Ec1FBBA159C730781dCfB9920524e2::paused() [staticcall]
    │   └─ ← [Return] false
    ├─ [9338] 0xbce8ABC09BaEDCabE93419bF875f6186e182079A::poolInfo(ERC20: [0x865377367054516e17014CcdED1e7d814EDC9ce4]) [staticcall]
    │   └─ ← [Return] 10850694444444 [1.085e13], 222610974266391414 [2.226e17], 1789454886 [1.789e9], 0
    ├─ [2968] 0xbce8ABC09BaEDCabE93419bF875f6186e182079A::poolState(ERC20: [0x865377367054516e17014CcdED1e7d814EDC9ce4]) [staticcall]
    │   └─ ← [Return] 1
    ├─ [2890] 0x1760E05356Ec1FBBA159C730781dCfB9920524e2::setAsideBufferSize(0xbce8ABC09BaEDCabE93419bF875f6186e182079A) [staticcall]
    │   └─ ← [Return] 10
    ├─ [13349] 0x94855ACA13952D81507C92D3CdBb2e25D3bbE60C::stablecoinConfigs(ERC20: [0x865377367054516e17014CcdED1e7d814EDC9ce4]) [staticcall]
    │   └─ ← [Return] 0x1760E05356Ec1FBBA159C730781dCfB9920524e2, 1000000000000000000 [1e18], 18, true, 4000000000000000000000 [4e21], 367552829881885674091 [3.675e20], 1785619631 [1.785e9]
    ├─ [2380] ERC20::decimals() [staticcall]
    │   └─ ← [Return] 18
    ├─ [3083] ERC20::symbol() [staticcall]
    │   └─ ← [Return] "DOLA"
    ├─ [0] console::log("  token:", ERC20: [0x865377367054516e17014CcdED1e7d814EDC9ce4], "DOLA") [staticcall]
    │   └─ ← [Stop]
    ├─ [2558] 0xbce8ABC09BaEDCabE93419bF875f6186e182079A::stakerCount(ERC20: [0x865377367054516e17014CcdED1e7d814EDC9ce4]) [staticcall]
    │   └─ ← [Return] 0
    ├─ [0] console::log("    V1 poolState / stakerCount / totalStaked:", 1, 0, 0) [staticcall]
    │   └─ ← [Stop]
    ├─ [3310] 0x1760E05356Ec1FBBA159C730781dCfB9920524e2::principalOf(ERC20: [0x865377367054516e17014CcdED1e7d814EDC9ce4], 0xbce8ABC09BaEDCabE93419bF875f6186e182079A) [staticcall]
    │   └─ ← [Return] 0
    ├─ [0] console::log("    strategy / principalOf(V1):", 0x1760E05356Ec1FBBA159C730781dCfB9920524e2, 0) [staticcall]
    │   └─ ← [Stop]
    ├─ [0] console::log("    V1 phusdPerSecond / C (phUSD per day):", 10850694444444 [1.085e13], 937499999999961600 [9.374e17]) [staticcall]
    │   └─ ← [Stop]
    ├─ [0] console::log("    setAsideBufferSize(V1) %:", 10) [staticcall]
    │   └─ ← [Stop]
    ├─ [2868] 0x1760E05356Ec1FBBA159C730781dCfB9920524e2::setAsideBufferRecipient() [staticcall]
    │   └─ ← [Return] 0xF719D6d9cd90836506a4845969eCD753d6d963B9
    ├─ [0] console::log("    setAsideBufferRecipient:", 0xF719D6d9cd90836506a4845969eCD753d6d963B9) [staticcall]
    │   └─ ← [Stop]
    ├─ [2469] ERC20::balanceOf(0xbce8ABC09BaEDCabE93419bF875f6186e182079A) [staticcall]
    │   └─ ← [Return] 6997032072106485775 [6.997e18]
    ├─ [0] console::log("    V1 idle token balance (buffer, stays on V1):", 6997032072106485775 [6.997e18]) [staticcall]
    │   └─ ← [Stop]
    ├─ [0] console::log("    PhusdStableMinter registration: strategy", 0x1760E05356Ec1FBBA159C730781dCfB9920524e2) [staticcall]
    │   └─ ← [Stop]
    ├─ [2889] 0xaFDf8DeA96a0F37Aae4869f813901bf73a3eAB83::owner() [staticcall]
    │   └─ ← [Return] 0xCad1a7864a108DBFF67F4b8af71fAB0C7A86D0B6
    ├─ [625] 0xaFDf8DeA96a0F37Aae4869f813901bf73a3eAB83::paused() [staticcall]
    │   └─ ← [Return] false
    ├─ [9338] 0xbce8ABC09BaEDCabE93419bF875f6186e182079A::poolInfo(FiatTokenProxy: [0xA0b86991c6218b36c1d19D4a2e9Eb0cE3606eB48]) [staticcall]
    │   └─ ← [Return] 15190972222221 [1.519e13], 160911551152401213976491343083 [1.609e29], 1789454915 [1.789e9], 0
    ├─ [2968] 0xbce8ABC09BaEDCabE93419bF875f6186e182079A::poolState(FiatTokenProxy: [0xA0b86991c6218b36c1d19D4a2e9Eb0cE3606eB48]) [staticcall]
    │   └─ ← [Return] 1
    ├─ [2890] 0xaFDf8DeA96a0F37Aae4869f813901bf73a3eAB83::setAsideBufferSize(0xbce8ABC09BaEDCabE93419bF875f6186e182079A) [staticcall]
    │   └─ ← [Return] 10
    ├─ [13349] 0x94855ACA13952D81507C92D3CdBb2e25D3bbE60C::stablecoinConfigs(FiatTokenProxy: [0xA0b86991c6218b36c1d19D4a2e9Eb0cE3606eB48]) [staticcall]
    │   └─ ← [Return] 0xaFDf8DeA96a0F37Aae4869f813901bf73a3eAB83, 1000000000000000000 [1e18], 6, true, 4000000000000000000000 [4e21], 339113200000000000000 [3.391e20], 1784594171 [1.784e9]
    ├─ [9664] FiatTokenProxy::fallback() [staticcall]
    │   ├─ [2381] FiatTokenV2_2::decimals() [delegatecall]
    │   │   └─ ← [Return] 6
    │   └─ ← [Return] 6
    ├─ [3870] FiatTokenProxy::fallback() [staticcall]
    │   ├─ [3081] FiatTokenV2_2::symbol() [delegatecall]
    │   │   └─ ← [Return] "USDC"
    │   └─ ← [Return] "USDC"
    ├─ [0] console::log("  token:", FiatTokenProxy: [0xA0b86991c6218b36c1d19D4a2e9Eb0cE3606eB48], "USDC") [staticcall]
    │   └─ ← [Stop]
    ├─ [2558] 0xbce8ABC09BaEDCabE93419bF875f6186e182079A::stakerCount(FiatTokenProxy: [0xA0b86991c6218b36c1d19D4a2e9Eb0cE3606eB48]) [staticcall]
    │   └─ ← [Return] 0
    ├─ [0] console::log("    V1 poolState / stakerCount / totalStaked:", 1, 0, 0) [staticcall]
    │   └─ ← [Stop]
    ├─ [3310] 0xaFDf8DeA96a0F37Aae4869f813901bf73a3eAB83::principalOf(FiatTokenProxy: [0xA0b86991c6218b36c1d19D4a2e9Eb0cE3606eB48], 0xbce8ABC09BaEDCabE93419bF875f6186e182079A) [staticcall]
    │   └─ ← [Return] 0
    ├─ [0] console::log("    strategy / principalOf(V1):", 0xaFDf8DeA96a0F37Aae4869f813901bf73a3eAB83, 0) [staticcall]
    │   └─ ← [Stop]
    ├─ [0] console::log("    V1 phusdPerSecond / C (phUSD per day):", 15190972222221 [1.519e13], 1312499999999894400 [1.312e18]) [staticcall]
    │   └─ ← [Stop]
    ├─ [0] console::log("    setAsideBufferSize(V1) %:", 10) [staticcall]
    │   └─ ← [Stop]
    ├─ [2868] 0xaFDf8DeA96a0F37Aae4869f813901bf73a3eAB83::setAsideBufferRecipient() [staticcall]
    │   └─ ← [Return] 0xF719D6d9cd90836506a4845969eCD753d6d963B9
    ├─ [0] console::log("    setAsideBufferRecipient:", 0xF719D6d9cd90836506a4845969eCD753d6d963B9) [staticcall]
    │   └─ ← [Stop]
    ├─ [3339] FiatTokenProxy::fallback(0xbce8ABC09BaEDCabE93419bF875f6186e182079A) [staticcall]
    │   ├─ [2553] FiatTokenV2_2::balanceOf(0xbce8ABC09BaEDCabE93419bF875f6186e182079A) [delegatecall]
    │   │   └─ ← [Return] 10430702 [1.043e7]
    │   └─ ← [Return] 10430702 [1.043e7]
    ├─ [0] console::log("    V1 idle token balance (buffer, stays on V1):", 10430702 [1.043e7]) [staticcall]
    │   └─ ← [Stop]
    ├─ [0] console::log("    PhusdStableMinter registration: strategy", 0xaFDf8DeA96a0F37Aae4869f813901bf73a3eAB83) [staticcall]
    │   └─ ← [Stop]
    ├─ [2867] 0xaC2e5936Eca286eC364d4D5Bcca33145fBe57f95::owner() [staticcall]
    │   └─ ← [Return] 0xCad1a7864a108DBFF67F4b8af71fAB0C7A86D0B6
    ├─ [625] 0xaC2e5936Eca286eC364d4D5Bcca33145fBe57f95::paused() [staticcall]
    │   └─ ← [Return] false
    ├─ [9338] 0xbce8ABC09BaEDCabE93419bF875f6186e182079A::poolInfo(USDe: [0x4c9EDD5852cd905f086C759E8383e09bff1E68B3]) [staticcall]
    │   └─ ← [Return] 21701388888888 [2.17e13], 230330537195978873 [2.303e17], 1789454989 [1.789e9], 0
    ├─ [2968] 0xbce8ABC09BaEDCabE93419bF875f6186e182079A::poolState(USDe: [0x4c9EDD5852cd905f086C759E8383e09bff1E68B3]) [staticcall]
    │   └─ ← [Return] 1
    ├─ [2890] 0xaC2e5936Eca286eC364d4D5Bcca33145fBe57f95::setAsideBufferSize(0xbce8ABC09BaEDCabE93419bF875f6186e182079A) [staticcall]
    │   └─ ← [Return] 25
    ├─ [13349] 0x94855ACA13952D81507C92D3CdBb2e25D3bbE60C::stablecoinConfigs(USDe: [0x4c9EDD5852cd905f086C759E8383e09bff1E68B3]) [staticcall]
    │   └─ ← [Return] 0xaC2e5936Eca286eC364d4D5Bcca33145fBe57f95, 1000000000000000000 [1e18], 18, true, 4000000000000000000000 [4e21], 10063700000000000000 [1.006e19], 1784594195 [1.784e9]
    ├─ [267] USDe::decimals() [staticcall]
    │   └─ ← [Return] 18
    ├─ [3303] USDe::symbol() [staticcall]
    │   └─ ← [Return] "USDe"
    ├─ [0] console::log("  token:", USDe: [0x4c9EDD5852cd905f086C759E8383e09bff1E68B3], "USDe") [staticcall]
    │   └─ ← [Stop]
    ├─ [2558] 0xbce8ABC09BaEDCabE93419bF875f6186e182079A::stakerCount(USDe: [0x4c9EDD5852cd905f086C759E8383e09bff1E68B3]) [staticcall]
    │   └─ ← [Return] 0
    ├─ [0] console::log("    V1 poolState / stakerCount / totalStaked:", 1, 0, 0) [staticcall]
    │   └─ ← [Stop]
    ├─ [3310] 0xaC2e5936Eca286eC364d4D5Bcca33145fBe57f95::principalOf(USDe: [0x4c9EDD5852cd905f086C759E8383e09bff1E68B3], 0xbce8ABC09BaEDCabE93419bF875f6186e182079A) [staticcall]
    │   └─ ← [Return] 0
    ├─ [0] console::log("    strategy / principalOf(V1):", 0xaC2e5936Eca286eC364d4D5Bcca33145fBe57f95, 0) [staticcall]
    │   └─ ← [Stop]
    ├─ [0] console::log("    V1 phusdPerSecond / C (phUSD per day):", 21701388888888 [2.17e13], 1874999999999923200 [1.874e18]) [staticcall]
    │   └─ ← [Stop]
    ├─ [0] console::log("    setAsideBufferSize(V1) %:", 25) [staticcall]
    │   └─ ← [Stop]
    ├─ [966] 0xaC2e5936Eca286eC364d4D5Bcca33145fBe57f95::setAsideBufferRecipient() [staticcall]
    │   └─ ← [Revert] EvmError: Revert
    ├─ [0] console::log("    setAsideBufferRecipient: NONE (pre-story-047 strategy: buffer is paid to each client)") [staticcall]
    │   └─ ← [Stop]
    ├─ [2580] USDe::balanceOf(0xbce8ABC09BaEDCabE93419bF875f6186e182079A) [staticcall]
    │   └─ ← [Return] 49845539781409382104 [4.984e19]
    ├─ [0] console::log("    V1 idle token balance (buffer, stays on V1):", 49845539781409382104 [4.984e19]) [staticcall]
    │   └─ ← [Stop]
    ├─ [0] console::log("    PhusdStableMinter registration: strategy", 0xaC2e5936Eca286eC364d4D5Bcca33145fBe57f95) [staticcall]
    │   └─ ← [Stop]
    ├─ [5925] FlaxToken::authorizedMinters(0xbce8ABC09BaEDCabE93419bF875f6186e182079A) [staticcall]
    │   └─ ← [Return] MinterInfo({ canMint: true, mintVersion: 0 })
    ├─ [2495] FlaxToken::mintVersion() [staticcall]
    │   └─ ← [Return] 0
    ├─ [0] console::log("  V1 phUSD mint authorized:", true) [staticcall]
    │   └─ ← [Stop]
    ├─ [0] console::log("  phUSD minter baseline (from progress file) mask / mintVersion:", 511, 0) [staticcall]
    │   └─ ← [Stop]
    ├─ [0] console::log("\n=== verify Phase 4: V2 pools ===") [staticcall]
    │   └─ ← [Stop]
    ├─ [1083] ERC20::symbol() [staticcall]
    │   └─ ← [Return] "DOLA"
    ├─ [9433] 0xF719D6d9cd90836506a4845969eCD753d6d963B9::getStakedTokens() [staticcall]
    │   └─ ← [Return] [0x865377367054516e17014CcdED1e7d814EDC9ce4, 0xA0b86991c6218b36c1d19D4a2e9Eb0cE3606eB48, 0x4c9EDD5852cd905f086C759E8383e09bff1E68B3]
    ├─ [2807] 0x1760E05356Ec1FBBA159C730781dCfB9920524e2::authorizedClients(0xF719D6d9cd90836506a4845969eCD753d6d963B9) [staticcall]
    │   └─ ← [Return] true
    ├─ [3180] 0xF719D6d9cd90836506a4845969eCD753d6d963B9::yieldStrategy(ERC20: [0x865377367054516e17014CcdED1e7d814EDC9ce4]) [staticcall]
    │   └─ ← [Return] 0x1760E05356Ec1FBBA159C730781dCfB9920524e2
    ├─ [2890] 0x1760E05356Ec1FBBA159C730781dCfB9920524e2::setAsideBufferSize(0xF719D6d9cd90836506a4845969eCD753d6d963B9) [staticcall]
    │   └─ ← [Return] 10
    ├─ [9492] 0xF719D6d9cd90836506a4845969eCD753d6d963B9::poolInfo(ERC20: [0x865377367054516e17014CcdED1e7d814EDC9ce4]) [staticcall]
    │   └─ ← [Return] 22786458333332 [2.278e13], 0, 1789454903 [1.789e9], 1222723447469613917494 [1.222e21]
    ├─ [0] console::log("  pool configured:", ERC20: [0x865377367054516e17014CcdED1e7d814EDC9ce4], "DOLA") [staticcall]
    │   └─ ← [Stop]
    ├─ [1870] FiatTokenProxy::fallback() [staticcall]
    │   ├─ [1081] FiatTokenV2_2::symbol() [delegatecall]
    │   │   └─ ← [Return] "USDC"
    │   └─ ← [Return] "USDC"
    ├─ [1433] 0xF719D6d9cd90836506a4845969eCD753d6d963B9::getStakedTokens() [staticcall]
    │   └─ ← [Return] [0x865377367054516e17014CcdED1e7d814EDC9ce4, 0xA0b86991c6218b36c1d19D4a2e9Eb0cE3606eB48, 0x4c9EDD5852cd905f086C759E8383e09bff1E68B3]
    ├─ [2807] 0xaFDf8DeA96a0F37Aae4869f813901bf73a3eAB83::authorizedClients(0xF719D6d9cd90836506a4845969eCD753d6d963B9) [staticcall]
    │   └─ ← [Return] true
    ├─ [3180] 0xF719D6d9cd90836506a4845969eCD753d6d963B9::yieldStrategy(FiatTokenProxy: [0xA0b86991c6218b36c1d19D4a2e9Eb0cE3606eB48]) [staticcall]
    │   └─ ← [Return] 0xaFDf8DeA96a0F37Aae4869f813901bf73a3eAB83
    ├─ [2890] 0xaFDf8DeA96a0F37Aae4869f813901bf73a3eAB83::setAsideBufferSize(0xF719D6d9cd90836506a4845969eCD753d6d963B9) [staticcall]
    │   └─ ← [Return] 10
    ├─ [9492] 0xF719D6d9cd90836506a4845969eCD753d6d963B9::poolInfo(FiatTokenProxy: [0xA0b86991c6218b36c1d19D4a2e9Eb0cE3606eB48]) [staticcall]
    │   └─ ← [Return] 31901041666664 [3.19e13], 0, 1789454940 [1.789e9], 1968305934 [1.968e9]
    ├─ [0] console::log("  pool configured:", FiatTokenProxy: [0xA0b86991c6218b36c1d19D4a2e9Eb0cE3606eB48], "USDC") [staticcall]
    │   └─ ← [Stop]
    ├─ [1303] USDe::symbol() [staticcall]
    │   └─ ← [Return] "USDe"
    ├─ [1433] 0xF719D6d9cd90836506a4845969eCD753d6d963B9::getStakedTokens() [staticcall]
    │   └─ ← [Return] [0x865377367054516e17014CcdED1e7d814EDC9ce4, 0xA0b86991c6218b36c1d19D4a2e9Eb0cE3606eB48, 0x4c9EDD5852cd905f086C759E8383e09bff1E68B3]
    ├─ [2807] 0xaC2e5936Eca286eC364d4D5Bcca33145fBe57f95::authorizedClients(0xF719D6d9cd90836506a4845969eCD753d6d963B9) [staticcall]
    │   └─ ← [Return] true
    ├─ [3180] 0xF719D6d9cd90836506a4845969eCD753d6d963B9::yieldStrategy(USDe: [0x4c9EDD5852cd905f086C759E8383e09bff1E68B3]) [staticcall]
    │   └─ ← [Return] 0xaC2e5936Eca286eC364d4D5Bcca33145fBe57f95
    ├─ [2890] 0xaC2e5936Eca286eC364d4D5Bcca33145fBe57f95::setAsideBufferSize(0xF719D6d9cd90836506a4845969eCD753d6d963B9) [staticcall]
    │   └─ ← [Return] 25
    ├─ [9492] 0xF719D6d9cd90836506a4845969eCD753d6d963B9::poolInfo(USDe: [0x4c9EDD5852cd905f086C759E8383e09bff1E68B3]) [staticcall]
    │   └─ ← [Return] 45572916666664 [4.557e13], 0, 1789455016 [1.789e9], 2557621571334950456803 [2.557e21]
    ├─ [0] console::log("  pool configured:", USDe: [0x4c9EDD5852cd905f086C759E8383e09bff1E68B3], "USDe") [staticcall]
    │   └─ ← [Stop]
    ├─ [0] console::log("\n=== verify Phase 5: mint rights ===") [staticcall]
    │   └─ ← [Stop]
    ├─ [2638] 0x4e5c3885A2B329d4206ff710F9CCbcd05cF7B5c7::isApprovedMinter(0xF719D6d9cd90836506a4845969eCD753d6d963B9) [staticcall]
    │   └─ ← [Return] true
    ├─ [9818] 0xF719D6d9cd90836506a4845969eCD753d6d963B9::phUSDMintAvailable() [staticcall]
    │   ├─ [345] 0x4e5c3885A2B329d4206ff710F9CCbcd05cF7B5c7::phUSD() [staticcall]
    │   │   └─ ← [Return] FlaxToken: [0xf3B5B661b92B75C71fA5Aba8Fd95D7514A9CD605]
    │   ├─ [5925] FlaxToken::authorizedMinters(0xF719D6d9cd90836506a4845969eCD753d6d963B9) [staticcall]
    │   │   └─ ← [Return] MinterInfo({ canMint: true, mintVersion: 0 })
    │   ├─ [495] FlaxToken::mintVersion() [staticcall]
    │   │   └─ ← [Return] 0
    │   └─ ← [Return] true
    ├─ [5925] FlaxToken::authorizedMinters(0x4e5c3885A2B329d4206ff710F9CCbcd05cF7B5c7) [staticcall]
    │   └─ ← [Return] MinterInfo({ canMint: true, mintVersion: 0 })
    ├─ [495] FlaxToken::mintVersion() [staticcall]
    │   └─ ← [Return] 0
    ├─ [0] console::log("  V2 Antimatter + phUSD mint, Antimatter phUSD mint") [staticcall]
    │   └─ ← [Stop]
    ├─ [0] console::log("\n=== verify Phase 6: migration ===") [staticcall]
    │   └─ ← [Stop]
    ├─ [266] 0xBD1528e4d98869a66565762f3C19E298450B28BC::oldStaker() [staticcall]
    │   └─ ← [Return] 0xbce8ABC09BaEDCabE93419bF875f6186e182079A
    ├─ [244] 0xBD1528e4d98869a66565762f3C19E298450B28BC::newStaker() [staticcall]
    │   └─ ← [Return] 0xF719D6d9cd90836506a4845969eCD753d6d963B9
    ├─ [2391] 0xBD1528e4d98869a66565762f3C19E298450B28BC::owner() [staticcall]
    │   └─ ← [Return] 0xCad1a7864a108DBFF67F4b8af71fAB0C7A86D0B6
    ├─ [2711] 0xbce8ABC09BaEDCabE93419bF875f6186e182079A::migrator() [staticcall]
    │   └─ ← [Return] 0xBD1528e4d98869a66565762f3C19E298450B28BC
    ├─ [2799] 0xF719D6d9cd90836506a4845969eCD753d6d963B9::migrator() [staticcall]
    │   └─ ← [Return] 0xBD1528e4d98869a66565762f3C19E298450B28BC
    ├─ [1083] ERC20::symbol() [staticcall]
    │   └─ ← [Return] "DOLA"
    ├─ [968] 0xbce8ABC09BaEDCabE93419bF875f6186e182079A::poolState(ERC20: [0x865377367054516e17014CcdED1e7d814EDC9ce4]) [staticcall]
    │   └─ ← [Return] 1
    ├─ [968] 0xbce8ABC09BaEDCabE93419bF875f6186e182079A::poolState(ERC20: [0x865377367054516e17014CcdED1e7d814EDC9ce4]) [staticcall]
    │   └─ ← [Return] 1
    ├─ [558] 0xbce8ABC09BaEDCabE93419bF875f6186e182079A::stakerCount(ERC20: [0x865377367054516e17014CcdED1e7d814EDC9ce4]) [staticcall]
    │   └─ ← [Return] 0
    ├─ [1669] 0xbce8ABC09BaEDCabE93419bF875f6186e182079A::getStakersRange(ERC20: [0x865377367054516e17014CcdED1e7d814EDC9ce4], 0, 0) [staticcall]
    │   └─ ← [Return] []
    ├─ [380] ERC20::decimals() [staticcall]
    │   └─ ← [Return] 18
    ├─ [0] VM::toString(0) [staticcall]
    │   └─ ← [Return] "0"
    ├─ [966] 0x1760E05356Ec1FBBA159C730781dCfB9920524e2::ammAdapter() [staticcall]
    │   └─ ← [Revert] EvmError: Revert
    ├─ [968] 0xbce8ABC09BaEDCabE93419bF875f6186e182079A::poolState(ERC20: [0x865377367054516e17014CcdED1e7d814EDC9ce4]) [staticcall]
    │   └─ ← [Return] 1
    ├─ [558] 0xbce8ABC09BaEDCabE93419bF875f6186e182079A::stakerCount(ERC20: [0x865377367054516e17014CcdED1e7d814EDC9ce4]) [staticcall]
    │   └─ ← [Return] 0
    ├─ [1338] 0xbce8ABC09BaEDCabE93419bF875f6186e182079A::poolInfo(ERC20: [0x865377367054516e17014CcdED1e7d814EDC9ce4]) [staticcall]
    │   └─ ← [Return] 10850694444444 [1.085e13], 222610974266391414 [2.226e17], 1789454886 [1.789e9], 0
    ├─ [1492] 0xF719D6d9cd90836506a4845969eCD753d6d963B9::poolInfo(ERC20: [0x865377367054516e17014CcdED1e7d814EDC9ce4]) [staticcall]
    │   └─ ← [Return] 22786458333332 [2.278e13], 0, 1789454903 [1.789e9], 1222723447469613917494 [1.222e21]
    ├─ [2558] 0xF719D6d9cd90836506a4845969eCD753d6d963B9::stakerCount(ERC20: [0x865377367054516e17014CcdED1e7d814EDC9ce4]) [staticcall]
    │   └─ ← [Return] 9
    ├─ [25597] 0xF719D6d9cd90836506a4845969eCD753d6d963B9::getStakersRange(ERC20: [0x865377367054516e17014CcdED1e7d814EDC9ce4], 0, 9) [staticcall]
    │   └─ ← [Return] [0xCad1a7864a108DBFF67F4b8af71fAB0C7A86D0B6, 0x4B75d1CF8A07280249404Bf10aa1B844f0982aBC, 0x25AdA296F30976024d675Cd219f9aAF1F2Ad4eb1, 0x186c77B80Bbfd21b01C7D7FA44bA27031322a77F, 0x70Ac9D66b8b29332948C1972786473A1F050e7BD, 0xC8Fc15bF56259271c24072F5A6b0A6B6dF06D358, 0x0f254C40729C93093DC0D290E716B842a9C4484a, 0x9Ebb8b14aCbEDd921df6CC336c568B7dCBEf3182, 0xD57e5f043cB3C05be4E8138886cCEF2448a07C66]
    ├─ [4748] 0xF719D6d9cd90836506a4845969eCD753d6d963B9::userInfo(ERC20: [0x865377367054516e17014CcdED1e7d814EDC9ce4], 0xCad1a7864a108DBFF67F4b8af71fAB0C7A86D0B6) [staticcall]
    │   └─ ← [Return] 50176700708309 [5.017e13], 0
    ├─ [4748] 0xF719D6d9cd90836506a4845969eCD753d6d963B9::userInfo(ERC20: [0x865377367054516e17014CcdED1e7d814EDC9ce4], 0x4B75d1CF8A07280249404Bf10aa1B844f0982aBC) [staticcall]
    │   └─ ← [Return] 24898599149714 [2.489e13], 0
    ├─ [4748] 0xF719D6d9cd90836506a4845969eCD753d6d963B9::userInfo(ERC20: [0x865377367054516e17014CcdED1e7d814EDC9ce4], 0x25AdA296F30976024d675Cd219f9aAF1F2Ad4eb1) [staticcall]
    │   └─ ← [Return] 5499850985185070568 [5.499e18], 0
    ├─ [4748] 0xF719D6d9cd90836506a4845969eCD753d6d963B9::userInfo(ERC20: [0x865377367054516e17014CcdED1e7d814EDC9ce4], 0x186c77B80Bbfd21b01C7D7FA44bA27031322a77F) [staticcall]
    │   └─ ← [Return] 6222909185375 [6.222e12], 0
    ├─ [4748] 0xF719D6d9cd90836506a4845969eCD753d6d963B9::userInfo(ERC20: [0x865377367054516e17014CcdED1e7d814EDC9ce4], 0x70Ac9D66b8b29332948C1972786473A1F050e7BD) [staticcall]
    │   └─ ← [Return] 95997195259414489296 [9.599e19], 0
    ├─ [4748] 0xF719D6d9cd90836506a4845969eCD753d6d963B9::userInfo(ERC20: [0x865377367054516e17014CcdED1e7d814EDC9ce4], 0xC8Fc15bF56259271c24072F5A6b0A6B6dF06D358) [staticcall]
    │   └─ ← [Return] 121063940449577596629 [1.21e20], 0
    ├─ [4748] 0xF719D6d9cd90836506a4845969eCD753d6d963B9::userInfo(ERC20: [0x865377367054516e17014CcdED1e7d814EDC9ce4], 0x0f254C40729C93093DC0D290E716B842a9C4484a) [staticcall]
    │   └─ ← [Return] 1039832827875 [1.039e12], 0
    ├─ [4748] 0xF719D6d9cd90836506a4845969eCD753d6d963B9::userInfo(ERC20: [0x865377367054516e17014CcdED1e7d814EDC9ce4], 0x9Ebb8b14aCbEDd921df6CC336c568B7dCBEf3182) [staticcall]
    │   └─ ← [Return] 50579530999034 [5.057e13], 0
    ├─ [4748] 0xF719D6d9cd90836506a4845969eCD753d6d963B9::userInfo(ERC20: [0x865377367054516e17014CcdED1e7d814EDC9ce4], 0xD57e5f043cB3C05be4E8138886cCEF2448a07C66) [staticcall]
    │   └─ ← [Return] 1000162327857863890694 [1e21], 0
    ├─ [4993] 0xbce8ABC09BaEDCabE93419bF875f6186e182079A::migrationInfo(ERC20: [0x865377367054516e17014CcdED1e7d814EDC9ce4]) [staticcall]
    │   └─ ← [Return] 1222725528651424783078 [1.222e21], 1222727602453502485450 [1.222e21]
    ├─ [0] console::log("  aggregate floor (token / floor / V2 totalStaked):", ERC20: [0x865377367054516e17014CcdED1e7d814EDC9ce4], 1222483056933011775952 [1.222e21], 1222723447469613917494 [1.222e21]) [staticcall]
    │   └─ ← [Stop]
    ├─ [0] console::log("    V1 principalSnapshot / straggler principal:", 1222727602453502485450 [1.222e21], 0) [staticcall]
    │   └─ ← [Stop]
    ├─ [3310] 0x1760E05356Ec1FBBA159C730781dCfB9920524e2::principalOf(ERC20: [0x865377367054516e17014CcdED1e7d814EDC9ce4], 0xF719D6d9cd90836506a4845969eCD753d6d963B9) [staticcall]
    │   └─ ← [Return] 1222723447469613917494 [1.222e21]
    ├─ [0] console::log("  post-migration OK (token / V2 totalStaked / V2 stakers):", ERC20: [0x865377367054516e17014CcdED1e7d814EDC9ce4], 1222723447469613917494 [1.222e21], 9) [staticcall]
    │   └─ ← [Stop]
    ├─ [0] console::log("  pool migrated (token / V1 stragglers):", ERC20: [0x865377367054516e17014CcdED1e7d814EDC9ce4], 0) [staticcall]
    │   └─ ← [Stop]
    ├─ [1870] FiatTokenProxy::fallback() [staticcall]
    │   ├─ [1081] FiatTokenV2_2::symbol() [delegatecall]
    │   │   └─ ← [Return] "USDC"
    │   └─ ← [Return] "USDC"
    ├─ [968] 0xbce8ABC09BaEDCabE93419bF875f6186e182079A::poolState(FiatTokenProxy: [0xA0b86991c6218b36c1d19D4a2e9Eb0cE3606eB48]) [staticcall]
    │   └─ ← [Return] 1
    ├─ [968] 0xbce8ABC09BaEDCabE93419bF875f6186e182079A::poolState(FiatTokenProxy: [0xA0b86991c6218b36c1d19D4a2e9Eb0cE3606eB48]) [staticcall]
    │   └─ ← [Return] 1
    ├─ [558] 0xbce8ABC09BaEDCabE93419bF875f6186e182079A::stakerCount(FiatTokenProxy: [0xA0b86991c6218b36c1d19D4a2e9Eb0cE3606eB48]) [staticcall]
    │   └─ ← [Return] 0
    ├─ [1669] 0xbce8ABC09BaEDCabE93419bF875f6186e182079A::getStakersRange(FiatTokenProxy: [0xA0b86991c6218b36c1d19D4a2e9Eb0cE3606eB48], 0, 0) [staticcall]
    │   └─ ← [Return] []
    ├─ [1164] FiatTokenProxy::fallback() [staticcall]
    │   ├─ [381] FiatTokenV2_2::decimals() [delegatecall]
    │   │   └─ ← [Return] 6
    │   └─ ← [Return] 6
    ├─ [0] VM::toString(0) [staticcall]
    │   └─ ← [Return] "0"
    ├─ [966] 0xaFDf8DeA96a0F37Aae4869f813901bf73a3eAB83::ammAdapter() [staticcall]
    │   └─ ← [Revert] EvmError: Revert
    ├─ [968] 0xbce8ABC09BaEDCabE93419bF875f6186e182079A::poolState(FiatTokenProxy: [0xA0b86991c6218b36c1d19D4a2e9Eb0cE3606eB48]) [staticcall]
    │   └─ ← [Return] 1
    ├─ [558] 0xbce8ABC09BaEDCabE93419bF875f6186e182079A::stakerCount(FiatTokenProxy: [0xA0b86991c6218b36c1d19D4a2e9Eb0cE3606eB48]) [staticcall]
    │   └─ ← [Return] 0
    ├─ [1338] 0xbce8ABC09BaEDCabE93419bF875f6186e182079A::poolInfo(FiatTokenProxy: [0xA0b86991c6218b36c1d19D4a2e9Eb0cE3606eB48]) [staticcall]
    │   └─ ← [Return] 15190972222221 [1.519e13], 160911551152401213976491343083 [1.609e29], 1789454915 [1.789e9], 0
    ├─ [1492] 0xF719D6d9cd90836506a4845969eCD753d6d963B9::poolInfo(FiatTokenProxy: [0xA0b86991c6218b36c1d19D4a2e9Eb0cE3606eB48]) [staticcall]
    │   └─ ← [Return] 31901041666664 [3.19e13], 0, 1789454940 [1.789e9], 1968305934 [1.968e9]
    ├─ [2558] 0xF719D6d9cd90836506a4845969eCD753d6d963B9::stakerCount(FiatTokenProxy: [0xA0b86991c6218b36c1d19D4a2e9Eb0cE3606eB48]) [staticcall]
    │   └─ ← [Return] 13
    ├─ [36154] 0xF719D6d9cd90836506a4845969eCD753d6d963B9::getStakersRange(FiatTokenProxy: [0xA0b86991c6218b36c1d19D4a2e9Eb0cE3606eB48], 0, 13) [staticcall]
    │   └─ ← [Return] [0x186c77B80Bbfd21b01C7D7FA44bA27031322a77F, 0xCad1a7864a108DBFF67F4b8af71fAB0C7A86D0B6, 0x4B75d1CF8A07280249404Bf10aa1B844f0982aBC, 0xeCbcD731fb50D3413Bb9ECE12837dbC39847A394, 0x25AdA296F30976024d675Cd219f9aAF1F2Ad4eb1, 0x0f254C40729C93093DC0D290E716B842a9C4484a, 0x9Ebb8b14aCbEDd921df6CC336c568B7dCBEf3182, 0x43Bd4241669753C1Ea87A9E7805EB518aB6ac239, 0xc25cCd4896917E9e31925755cEd674cBD7214E1A, 0x64d3CbAB6100782a7839fC1af791027a2f1908D2, 0x2593be17Dd1C31B4c124A18BAC3a7aE19567ae37, 0xd7050a440E7da97147ceb602404F70438c57F4Eb, 0x0f92282a77C490034536b066b24312062dc24aa9]
    ├─ [4748] 0xF719D6d9cd90836506a4845969eCD753d6d963B9::userInfo(FiatTokenProxy: [0xA0b86991c6218b36c1d19D4a2e9Eb0cE3606eB48], 0x186c77B80Bbfd21b01C7D7FA44bA27031322a77F) [staticcall]
    │   └─ ← [Return] 549912634 [5.499e8], 0
    ├─ [4748] 0xF719D6d9cd90836506a4845969eCD753d6d963B9::userInfo(FiatTokenProxy: [0xA0b86991c6218b36c1d19D4a2e9Eb0cE3606eB48], 0xCad1a7864a108DBFF67F4b8af71fAB0C7A86D0B6) [staticcall]
    │   └─ ← [Return] 42798907 [4.279e7], 0
    ├─ [4748] 0xF719D6d9cd90836506a4845969eCD753d6d963B9::userInfo(FiatTokenProxy: [0xA0b86991c6218b36c1d19D4a2e9Eb0cE3606eB48], 0x4B75d1CF8A07280249404Bf10aa1B844f0982aBC) [staticcall]
    │   └─ ← [Return] 10, 0
    ├─ [4748] 0xF719D6d9cd90836506a4845969eCD753d6d963B9::userInfo(FiatTokenProxy: [0xA0b86991c6218b36c1d19D4a2e9Eb0cE3606eB48], 0xeCbcD731fb50D3413Bb9ECE12837dbC39847A394) [staticcall]
    │   └─ ← [Return] 670246688 [6.702e8], 0
    ├─ [4748] 0xF719D6d9cd90836506a4845969eCD753d6d963B9::userInfo(FiatTokenProxy: [0xA0b86991c6218b36c1d19D4a2e9Eb0cE3606eB48], 0x25AdA296F30976024d675Cd219f9aAF1F2Ad4eb1) [staticcall]
    │   └─ ← [Return] 64, 0
    ├─ [4748] 0xF719D6d9cd90836506a4845969eCD753d6d963B9::userInfo(FiatTokenProxy: [0xA0b86991c6218b36c1d19D4a2e9Eb0cE3606eB48], 0x0f254C40729C93093DC0D290E716B842a9C4484a) [staticcall]
    │   └─ ← [Return] 84, 0
    ├─ [4748] 0xF719D6d9cd90836506a4845969eCD753d6d963B9::userInfo(FiatTokenProxy: [0xA0b86991c6218b36c1d19D4a2e9Eb0cE3606eB48], 0x9Ebb8b14aCbEDd921df6CC336c568B7dCBEf3182) [staticcall]
    │   └─ ← [Return] 28, 0
    ├─ [4748] 0xF719D6d9cd90836506a4845969eCD753d6d963B9::userInfo(FiatTokenProxy: [0xA0b86991c6218b36c1d19D4a2e9Eb0cE3606eB48], 0x43Bd4241669753C1Ea87A9E7805EB518aB6ac239) [staticcall]
    │   └─ ← [Return] 299968115 [2.999e8], 0
    ├─ [4748] 0xF719D6d9cd90836506a4845969eCD753d6d963B9::userInfo(FiatTokenProxy: [0xA0b86991c6218b36c1d19D4a2e9Eb0cE3606eB48], 0xc25cCd4896917E9e31925755cEd674cBD7214E1A) [staticcall]
    │   └─ ← [Return] 207573083 [2.075e8], 0
    ├─ [4748] 0xF719D6d9cd90836506a4845969eCD753d6d963B9::userInfo(FiatTokenProxy: [0xA0b86991c6218b36c1d19D4a2e9Eb0cE3606eB48], 0x64d3CbAB6100782a7839fC1af791027a2f1908D2) [staticcall]
    │   └─ ← [Return] 4827296 [4.827e6], 0
    ├─ [4748] 0xF719D6d9cd90836506a4845969eCD753d6d963B9::userInfo(FiatTokenProxy: [0xA0b86991c6218b36c1d19D4a2e9Eb0cE3606eB48], 0x2593be17Dd1C31B4c124A18BAC3a7aE19567ae37) [staticcall]
    │   └─ ← [Return] 20, 0
    ├─ [4748] 0xF719D6d9cd90836506a4845969eCD753d6d963B9::userInfo(FiatTokenProxy: [0xA0b86991c6218b36c1d19D4a2e9Eb0cE3606eB48], 0xd7050a440E7da97147ceb602404F70438c57F4Eb) [staticcall]
    │   └─ ← [Return] 88, 0
    ├─ [4748] 0xF719D6d9cd90836506a4845969eCD753d6d963B9::userInfo(FiatTokenProxy: [0xA0b86991c6218b36c1d19D4a2e9Eb0cE3606eB48], 0x0f92282a77C490034536b066b24312062dc24aa9) [staticcall]
    │   └─ ← [Return] 192978917 [1.929e8], 0
    ├─ [4993] 0xbce8ABC09BaEDCabE93419bF875f6186e182079A::migrationInfo(FiatTokenProxy: [0xA0b86991c6218b36c1d19D4a2e9Eb0cE3606eB48]) [staticcall]
    │   └─ ← [Return] 1968391065 [1.968e9], 1968476179 [1.968e9]
    ├─ [0] console::log("  aggregate floor (token / floor / V2 totalStaked):", FiatTokenProxy: [0xA0b86991c6218b36c1d19D4a2e9Eb0cE3606eB48], 1968069483 [1.968e9], 1968305934 [1.968e9]) [staticcall]
    │   └─ ← [Stop]
    ├─ [0] console::log("    V1 principalSnapshot / straggler principal:", 1968476179 [1.968e9], 0) [staticcall]
    │   └─ ← [Stop]
    ├─ [3310] 0xaFDf8DeA96a0F37Aae4869f813901bf73a3eAB83::principalOf(FiatTokenProxy: [0xA0b86991c6218b36c1d19D4a2e9Eb0cE3606eB48], 0xF719D6d9cd90836506a4845969eCD753d6d963B9) [staticcall]
    │   └─ ← [Return] 1968305934 [1.968e9]
    ├─ [0] console::log("  post-migration OK (token / V2 totalStaked / V2 stakers):", FiatTokenProxy: [0xA0b86991c6218b36c1d19D4a2e9Eb0cE3606eB48], 1968305934 [1.968e9], 13) [staticcall]
    │   └─ ← [Stop]
    ├─ [0] console::log("  pool migrated (token / V1 stragglers):", FiatTokenProxy: [0xA0b86991c6218b36c1d19D4a2e9Eb0cE3606eB48], 0) [staticcall]
    │   └─ ← [Stop]
    ├─ [1303] USDe::symbol() [staticcall]
    │   └─ ← [Return] "USDe"
    ├─ [968] 0xbce8ABC09BaEDCabE93419bF875f6186e182079A::poolState(USDe: [0x4c9EDD5852cd905f086C759E8383e09bff1E68B3]) [staticcall]
    │   └─ ← [Return] 1
    ├─ [968] 0xbce8ABC09BaEDCabE93419bF875f6186e182079A::poolState(USDe: [0x4c9EDD5852cd905f086C759E8383e09bff1E68B3]) [staticcall]
    │   └─ ← [Return] 1
    ├─ [558] 0xbce8ABC09BaEDCabE93419bF875f6186e182079A::stakerCount(USDe: [0x4c9EDD5852cd905f086C759E8383e09bff1E68B3]) [staticcall]
    │   └─ ← [Return] 0
    ├─ [1669] 0xbce8ABC09BaEDCabE93419bF875f6186e182079A::getStakersRange(USDe: [0x4c9EDD5852cd905f086C759E8383e09bff1E68B3], 0, 0) [staticcall]
    │   └─ ← [Return] []
    ├─ [267] USDe::decimals() [staticcall]
    │   └─ ← [Return] 18
    ├─ [0] VM::toString(0) [staticcall]
    │   └─ ← [Return] "0"
    ├─ [787] 0xaC2e5936Eca286eC364d4D5Bcca33145fBe57f95::ammAdapter() [staticcall]
    │   └─ ← [Return] 0x0000000000000000000000002d024e0d03fb6ead4f8e7ba1ebecf6db0e755d6f
    ├─ [2248] 0xaC2e5936Eca286eC364d4D5Bcca33145fBe57f95::slippageToleranceBps() [staticcall]
    │   └─ ← [Return] 30
    ├─ [968] 0xbce8ABC09BaEDCabE93419bF875f6186e182079A::poolState(USDe: [0x4c9EDD5852cd905f086C759E8383e09bff1E68B3]) [staticcall]
    │   └─ ← [Return] 1
    ├─ [558] 0xbce8ABC09BaEDCabE93419bF875f6186e182079A::stakerCount(USDe: [0x4c9EDD5852cd905f086C759E8383e09bff1E68B3]) [staticcall]
    │   └─ ← [Return] 0
    ├─ [1338] 0xbce8ABC09BaEDCabE93419bF875f6186e182079A::poolInfo(USDe: [0x4c9EDD5852cd905f086C759E8383e09bff1E68B3]) [staticcall]
    │   └─ ← [Return] 21701388888888 [2.17e13], 230330537195978873 [2.303e17], 1789454989 [1.789e9], 0
    ├─ [1492] 0xF719D6d9cd90836506a4845969eCD753d6d963B9::poolInfo(USDe: [0x4c9EDD5852cd905f086C759E8383e09bff1E68B3]) [staticcall]
    │   └─ ← [Return] 45572916666664 [4.557e13], 0, 1789455016 [1.789e9], 2557621571334950456803 [2.557e21]
    ├─ [2558] 0xF719D6d9cd90836506a4845969eCD753d6d963B9::stakerCount(USDe: [0x4c9EDD5852cd905f086C759E8383e09bff1E68B3]) [staticcall]
    │   └─ ← [Return] 7
    ├─ [20318] 0xF719D6d9cd90836506a4845969eCD753d6d963B9::getStakersRange(USDe: [0x4c9EDD5852cd905f086C759E8383e09bff1E68B3], 0, 7) [staticcall]
    │   └─ ← [Return] [0xD57e5f043cB3C05be4E8138886cCEF2448a07C66, 0x186c77B80Bbfd21b01C7D7FA44bA27031322a77F, 0x4B75d1CF8A07280249404Bf10aa1B844f0982aBC, 0x25AdA296F30976024d675Cd219f9aAF1F2Ad4eb1, 0xCad1a7864a108DBFF67F4b8af71fAB0C7A86D0B6, 0x0f254C40729C93093DC0D290E716B842a9C4484a, 0x43Bd4241669753C1Ea87A9E7805EB518aB6ac239]
    ├─ [4748] 0xF719D6d9cd90836506a4845969eCD753d6d963B9::userInfo(USDe: [0x4c9EDD5852cd905f086C759E8383e09bff1E68B3], 0xD57e5f043cB3C05be4E8138886cCEF2448a07C66) [staticcall]
    │   └─ ← [Return] 996418176881426283963 [9.964e20], 0
    ├─ [4748] 0xF719D6d9cd90836506a4845969eCD753d6d963B9::userInfo(USDe: [0x4c9EDD5852cd905f086C759E8383e09bff1E68B3], 0x186c77B80Bbfd21b01C7D7FA44bA27031322a77F) [staticcall]
    │   └─ ← [Return] 394151956343651460487 [3.941e20], 0
    ├─ [4748] 0xF719D6d9cd90836506a4845969eCD753d6d963B9::userInfo(USDe: [0x4c9EDD5852cd905f086C759E8383e09bff1E68B3], 0x4B75d1CF8A07280249404Bf10aa1B844f0982aBC) [staticcall]
    │   └─ ← [Return] 53507655782836 [5.35e13], 0
    ├─ [4748] 0xF719D6d9cd90836506a4845969eCD753d6d963B9::userInfo(USDe: [0x4c9EDD5852cd905f086C759E8383e09bff1E68B3], 0x25AdA296F30976024d675Cd219f9aAF1F2Ad4eb1) [staticcall]
    │   └─ ← [Return] 263258662869731120422 [2.632e20], 0
    ├─ [4748] 0xF719D6d9cd90836506a4845969eCD753d6d963B9::userInfo(USDe: [0x4c9EDD5852cd905f086C759E8383e09bff1E68B3], 0xCad1a7864a108DBFF67F4b8af71fAB0C7A86D0B6) [staticcall]
    │   └─ ← [Return] 92467606269036 [9.246e13], 0
    ├─ [4748] 0xF719D6d9cd90836506a4845969eCD753d6d963B9::userInfo(USDe: [0x4c9EDD5852cd905f086C759E8383e09bff1E68B3], 0x0f254C40729C93093DC0D290E716B842a9C4484a) [staticcall]
    │   └─ ← [Return] 9167047173222 [9.167e12], 0
    ├─ [4748] 0xF719D6d9cd90836506a4845969eCD753d6d963B9::userInfo(USDe: [0x4c9EDD5852cd905f086C759E8383e09bff1E68B3], 0x43Bd4241669753C1Ea87A9E7805EB518aB6ac239) [staticcall]
    │   └─ ← [Return] 903792620097832366837 [9.037e20], 0
    ├─ [4993] 0xbce8ABC09BaEDCabE93419bF875f6186e182079A::migrationInfo(USDe: [0x4c9EDD5852cd905f086C759E8383e09bff1E68B3]) [staticcall]
    │   └─ ← [Return] 2565317523906670468215 [2.565e21], 2566815465400000000000 [2.566e21]
    ├─ [0] console::log("  aggregate floor (token / floor / V2 totalStaked):", USDe: [0x4c9EDD5852cd905f086C759E8383e09bff1E68B3], 2551157891061059993000 [2.551e21], 2557621571334950456803 [2.557e21]) [staticcall]
    │   └─ ← [Stop]
    ├─ [0] console::log("    V1 principalSnapshot / straggler principal:", 2566815465400000000000 [2.566e21], 0) [staticcall]
    │   └─ ← [Stop]
    ├─ [3310] 0xaC2e5936Eca286eC364d4D5Bcca33145fBe57f95::principalOf(USDe: [0x4c9EDD5852cd905f086C759E8383e09bff1E68B3], 0xF719D6d9cd90836506a4845969eCD753d6d963B9) [staticcall]
    │   └─ ← [Return] 2557621571334950456803 [2.557e21]
    ├─ [0] console::log("  post-migration OK (token / V2 totalStaked / V2 stakers):", USDe: [0x4c9EDD5852cd905f086C759E8383e09bff1E68B3], 2557621571334950456803 [2.557e21], 7) [staticcall]
    │   └─ ← [Stop]
    ├─ [0] console::log("  pool migrated (token / V1 stragglers):", USDe: [0x4c9EDD5852cd905f086C759E8383e09bff1E68B3], 0) [staticcall]
    │   └─ ← [Stop]
    ├─ [0] console::log("\n=== verify Phase 7: finalize ===") [staticcall]
    │   └─ ← [Stop]
    ├─ [868] 0x1760E05356Ec1FBBA159C730781dCfB9920524e2::setAsideBufferRecipient() [staticcall]
    │   └─ ← [Return] 0xF719D6d9cd90836506a4845969eCD753d6d963B9
    ├─ [0] VM::toString(0x1760E05356Ec1FBBA159C730781dCfB9920524e2) [staticcall]
    │   └─ ← [Return] "0x1760E05356Ec1FBBA159C730781dCfB9920524e2"
    ├─ [868] 0xaFDf8DeA96a0F37Aae4869f813901bf73a3eAB83::setAsideBufferRecipient() [staticcall]
    │   └─ ← [Return] 0xF719D6d9cd90836506a4845969eCD753d6d963B9
    ├─ [0] VM::toString(0xaFDf8DeA96a0F37Aae4869f813901bf73a3eAB83) [staticcall]
    │   └─ ← [Return] "0xaFDf8DeA96a0F37Aae4869f813901bf73a3eAB83"
    ├─ [966] 0xaC2e5936Eca286eC364d4D5Bcca33145fBe57f95::setAsideBufferRecipient() [staticcall]
    │   └─ ← [Revert] EvmError: Revert
    ├─ [0] VM::toString(0xaC2e5936Eca286eC364d4D5Bcca33145fBe57f95) [staticcall]
    │   └─ ← [Return] "0xaC2e5936Eca286eC364d4D5Bcca33145fBe57f95"
    ├─ [1925] FlaxToken::authorizedMinters(0xbce8ABC09BaEDCabE93419bF875f6186e182079A) [staticcall]
    │   └─ ← [Return] MinterInfo({ canMint: true, mintVersion: 0 })
    ├─ [495] FlaxToken::mintVersion() [staticcall]
    │   └─ ← [Return] 0
    └─ ← [Revert] verify: Phase7: phUSD.setMinter(V1, false) revoke not on chain



== Logs ==
  =================================================
    STABLESTAKER V2 CUTOVER - READ-ONLY VERIFICATION
    (story 086 / audit L-02)
  =================================================
  Found progress file, loading: server/deployments/progress.stable-staker-v2-cutover.1.json
    loaded Antimatter 0x4e5c3885A2B329d4206ff710F9CCbcd05cF7B5c7
    loaded StableStakerV2 0xF719D6d9cd90836506a4845969eCD753d6d963B9
    loaded CrossVersionMigrator 0xBD1528e4d98869a66565762f3C19E298450B28BC
  
=== verify Phase 1: V1 retired ===
    V1 pauser OWNER, unregistered from Pauser, paused
  
=== verify Phase 2: Antimatter ===
    Antimatter: 0x4e5c3885A2B329d4206ff710F9CCbcd05cF7B5c7
  
=== verify Phase 3: StableStakerV2 ===
    StableStakerV2: 0xF719D6d9cd90836506a4845969eCD753d6d963B9
  
=== Phase 0: preconditions ===
    token: 0x865377367054516e17014CcdED1e7d814EDC9ce4 DOLA
      V1 poolState / stakerCount / totalStaked: 1 0 0
      strategy / principalOf(V1): 0x1760E05356Ec1FBBA159C730781dCfB9920524e2 0
      V1 phusdPerSecond / C (phUSD per day): 10850694444444 937499999999961600
      setAsideBufferSize(V1) %: 10
      setAsideBufferRecipient: 0xF719D6d9cd90836506a4845969eCD753d6d963B9
      V1 idle token balance (buffer, stays on V1): 6997032072106485775
      PhusdStableMinter registration: strategy 0x1760E05356Ec1FBBA159C730781dCfB9920524e2
    token: 0xA0b86991c6218b36c1d19D4a2e9Eb0cE3606eB48 USDC
      V1 poolState / stakerCount / totalStaked: 1 0 0
      strategy / principalOf(V1): 0xaFDf8DeA96a0F37Aae4869f813901bf73a3eAB83 0
      V1 phusdPerSecond / C (phUSD per day): 15190972222221 1312499999999894400
      setAsideBufferSize(V1) %: 10
      setAsideBufferRecipient: 0xF719D6d9cd90836506a4845969eCD753d6d963B9
      V1 idle token balance (buffer, stays on V1): 10430702
      PhusdStableMinter registration: strategy 0xaFDf8DeA96a0F37Aae4869f813901bf73a3eAB83
    token: 0x4c9EDD5852cd905f086C759E8383e09bff1E68B3 USDe
      V1 poolState / stakerCount / totalStaked: 1 0 0
      strategy / principalOf(V1): 0xaC2e5936Eca286eC364d4D5Bcca33145fBe57f95 0
      V1 phusdPerSecond / C (phUSD per day): 21701388888888 1874999999999923200
      setAsideBufferSize(V1) %: 25
      setAsideBufferRecipient: NONE (pre-story-047 strategy: buffer is paid to each client)
      V1 idle token balance (buffer, stays on V1): 49845539781409382104
      PhusdStableMinter registration: strategy 0xaC2e5936Eca286eC364d4D5Bcca33145fBe57f95
    V1 phUSD mint authorized: true
    phUSD minter baseline (from progress file) mask / mintVersion: 511 0
  
=== verify Phase 4: V2 pools ===
    pool configured: 0x865377367054516e17014CcdED1e7d814EDC9ce4 DOLA
    pool configured: 0xA0b86991c6218b36c1d19D4a2e9Eb0cE3606eB48 USDC
    pool configured: 0x4c9EDD5852cd905f086C759E8383e09bff1E68B3 USDe
  
=== verify Phase 5: mint rights ===
    V2 Antimatter + phUSD mint, Antimatter phUSD mint
  
=== verify Phase 6: migration ===
    aggregate floor (token / floor / V2 totalStaked): 0x865377367054516e17014CcdED1e7d814EDC9ce4 1222483056933011775952 1222723447469613917494
      V1 principalSnapshot / straggler principal: 1222727602453502485450 0
    post-migration OK (token / V2 totalStaked / V2 stakers): 0x865377367054516e17014CcdED1e7d814EDC9ce4 1222723447469613917494 9
    pool migrated (token / V1 stragglers): 0x865377367054516e17014CcdED1e7d814EDC9ce4 0
    aggregate floor (token / floor / V2 totalStaked): 0xA0b86991c6218b36c1d19D4a2e9Eb0cE3606eB48 1968069483 1968305934
      V1 principalSnapshot / straggler principal: 1968476179 0
    post-migration OK (token / V2 totalStaked / V2 stakers): 0xA0b86991c6218b36c1d19D4a2e9Eb0cE3606eB48 1968305934 13
    pool migrated (token / V1 stragglers): 0xA0b86991c6218b36c1d19D4a2e9Eb0cE3606eB48 0
    aggregate floor (token / floor / V2 totalStaked): 0x4c9EDD5852cd905f086C759E8383e09bff1E68B3 2551157891061059993000 2557621571334950456803
      V1 principalSnapshot / straggler principal: 2566815465400000000000 0
    post-migration OK (token / V2 totalStaked / V2 stakers): 0x4c9EDD5852cd905f086C759E8383e09bff1E68B3 2557621571334950456803 7
    pool migrated (token / V1 stragglers): 0x4c9EDD5852cd905f086C759E8383e09bff1E68B3 0
  
=== verify Phase 7: finalize ===
Error: script failed: verify: Phase7: phUSD.setMinter(V1, false) revoke not on chain
