No files changed, compilation skipped
Script ran successfully.

== Logs ==
  =================================================
    MAINNET STABLESTAKER V1 -> V2 CUTOVER (story 082)
  =================================================
  Found progress file, loading: server/deployments/progress.stable-staker-v2-cutover.1.json
    loaded Antimatter 0x4e5c3885A2B329d4206ff710F9CCbcd05cF7B5c7
    loaded StableStakerV2 0xF719D6d9cd90836506a4845969eCD753d6d963B9
    loaded CrossVersionMigrator 0xBD1528e4d98869a66565762f3C19E298450B28BC
  
=== Phase 0: preconditions ===
    token: 0x865377367054516e17014CcdED1e7d814EDC9ce4 DOLA
      V1 poolState / stakerCount / totalStaked: 1 0 0
      strategy / principalOf(V1): 0x1760E05356Ec1FBBA159C730781dCfB9920524e2 0
      V1 phusdPerSecond / C (phUSD per day): 10850694444444 937499999999961600
      setAsideBufferSize(V1) %: 10
      setAsideBufferRecipient: 0xF719D6d9cd90836506a4845969eCD753d6d963B9
      V1 idle token balance (buffer, stays on V1): 6997032072106485775
      PhusdStableMinter registration: strategy 0x1760E05356Ec1FBBA159C730781dCfB9920524e2
    token: 0xA0b86991c6218b36c1d19D4a2e9Eb0cE3606eB48 USDC
      V1 poolState / stakerCount / totalStaked: 1 0 0
      strategy / principalOf(V1): 0xaFDf8DeA96a0F37Aae4869f813901bf73a3eAB83 0
      V1 phusdPerSecond / C (phUSD per day): 15190972222221 1312499999999894400
      setAsideBufferSize(V1) %: 10
      setAsideBufferRecipient: 0xF719D6d9cd90836506a4845969eCD753d6d963B9
      V1 idle token balance (buffer, stays on V1): 10430702
      PhusdStableMinter registration: strategy 0xaFDf8DeA96a0F37Aae4869f813901bf73a3eAB83
    token: 0x4c9EDD5852cd905f086C759E8383e09bff1E68B3 USDe
      V1 poolState / stakerCount / totalStaked: 1 0 0
      strategy / principalOf(V1): 0xaC2e5936Eca286eC364d4D5Bcca33145fBe57f95 0
      V1 phusdPerSecond / C (phUSD per day): 21701388888888 1874999999999923200
      setAsideBufferSize(V1) %: 25
      setAsideBufferRecipient: NONE (pre-story-047 strategy: buffer is paid to each client)
      V1 idle token balance (buffer, stays on V1): 49845539781409382104
      PhusdStableMinter registration: strategy 0xaC2e5936Eca286eC364d4D5Bcca33145fBe57f95
    V1 phUSD mint authorized: false
    phUSD minter baseline (from progress file) mask / mintVersion: 511 0
  GLOBAL_PAUSE|phase0|SUCCEEDED|registered=27
  
  *** PREVIEW MODE - impersonating OWNER, nothing signed, nothing broadcast ***
  *** Progress file is READ if present, NEVER written ***
  
=== Phase 1: retire V1 (pauser OWNER, unregister, pause) ===
    cutover already finalized (V2 pauser == Pauser) - V1 retirement skipped (Phase 7/8 assert it)
  GLOBAL_PAUSE|after-phase1|SUCCEEDED|registered=27
  
=== Phase 2: Antimatter ===
    Antimatter loaded from progress file: 0x4e5c3885A2B329d4206ff710F9CCbcd05cF7B5c7
    Antimatter wired to phUSD + PhusdStableMinter (read back)
  
=== Phase 3: StableStakerV2 ===
    StableStakerV2 loaded from progress file: 0xF719D6d9cd90836506a4845969eCD753d6d963B9
    V2 already finalized (pauser == Pauser) - pause step skipped
  
=== Phase 4: V2 pools (from V1 live config) ===
    -- pool 0x865377367054516e17014CcdED1e7d814EDC9ce4 DOLA
      C (V1 phUSD/day) / Antimatter/day (2.1x): 937499999999961600 1968749999999919360
      antimatterPerSecond / setAsideBuffer %: 22786458333332 10
    -- pool 0xA0b86991c6218b36c1d19D4a2e9Eb0cE3606eB48 USDC
      C (V1 phUSD/day) / Antimatter/day (2.1x): 1312499999999894400 2756249999999778240
      antimatterPerSecond / setAsideBuffer %: 31901041666664 10
    -- pool 0x4c9EDD5852cd905f086C759E8383e09bff1E68B3 USDe
      C (V1 phUSD/day) / Antimatter/day (2.1x): 1874999999999923200 3937499999999838720
      antimatterPerSecond / setAsideBuffer %: 45572916666664 25
  
=== Phase 5: mint rights ===
    Antimatter.setApprovedMinter(V2) - VERIFIED by read-back
    phUSD.setMinter(V2) - VERIFIED via phUSDMintAvailable()
    phUSD.setMinter(Antimatter) - VERIFIED at current mintVersion
    phUSD minter delta OK (live mask / V1 revoked): 510 true
  
=== Phase 6: V1 -> V2 migration ===
    CrossVersionMigrator loaded from progress file: 0xBD1528e4d98869a66565762f3C19E298450B28BC
    -- migrating pool 0x865377367054516e17014CcdED1e7d814EDC9ce4 DOLA
    V1 pool already Migrating - initiate skipped (token / R / P): 0x865377367054516e17014CcdED1e7d814EDC9ce4 1222725528651424783078 1222727602453502485450
    plan (token / migratable / zero-credit): 0x865377367054516e17014CcdED1e7d814EDC9ce4 0 0
    plan stragglers (count / principal total): 0 0
    migrated (token / users / batches): 0x865377367054516e17014CcdED1e7d814EDC9ce4 0 0
    aggregate floor (token / floor / V2 totalStaked): 0x865377367054516e17014CcdED1e7d814EDC9ce4 1222483056933011775952 1222723447469613917494
      V1 principalSnapshot / straggler principal: 1222727602453502485450 0
    post-migration OK (token / V2 totalStaked / V2 stakers): 0x865377367054516e17014CcdED1e7d814EDC9ce4 1222723447469613917494 9
    -- migrating pool 0xA0b86991c6218b36c1d19D4a2e9Eb0cE3606eB48 USDC
    V1 pool already Migrating - initiate skipped (token / R / P): 0xA0b86991c6218b36c1d19D4a2e9Eb0cE3606eB48 1968391065 1968476179
    plan (token / migratable / zero-credit): 0xA0b86991c6218b36c1d19D4a2e9Eb0cE3606eB48 0 0
    plan stragglers (count / principal total): 0 0
    migrated (token / users / batches): 0xA0b86991c6218b36c1d19D4a2e9Eb0cE3606eB48 0 0
    aggregate floor (token / floor / V2 totalStaked): 0xA0b86991c6218b36c1d19D4a2e9Eb0cE3606eB48 1968069483 1968305934
      V1 principalSnapshot / straggler principal: 1968476179 0
    post-migration OK (token / V2 totalStaked / V2 stakers): 0xA0b86991c6218b36c1d19D4a2e9Eb0cE3606eB48 1968305934 13
    -- migrating pool 0x4c9EDD5852cd905f086C759E8383e09bff1E68B3 USDe
    V1 pool already Migrating - initiate skipped (token / R / P): 0x4c9EDD5852cd905f086C759E8383e09bff1E68B3 2565317523906670468215 2566815465400000000000
    plan (token / migratable / zero-credit): 0x4c9EDD5852cd905f086C759E8383e09bff1E68B3 0 0
    plan stragglers (count / principal total): 0 0
    migrated (token / users / batches): 0x4c9EDD5852cd905f086C759E8383e09bff1E68B3 0 0
    aggregate floor (token / floor / V2 totalStaked): 0x4c9EDD5852cd905f086C759E8383e09bff1E68B3 2551157891061059993000 2557621571334950456803
      V1 principalSnapshot / straggler principal: 2566815465400000000000 0
    post-migration OK (token / V2 totalStaked / V2 stakers): 0x4c9EDD5852cd905f086C759E8383e09bff1E68B3 2557621571334950456803 7
  
=== Phase 7: finalize ===
    V1 phUSD mint already revoked - skipped
    V1 already unregistered from Pauser - skipped
    V1 already paused - pause step skipped
    V1 pauser -> OWNER, unregistered from Pauser, left paused; V2 + Antimatter registered with Pauser; V2 unpaused
  
=== Phase 8: wiring assertions ===
    phUSD minter delta OK (live mask / V1 revoked): 510 true
    pool OK (token / V2 stakers / V1 stragglers): 0x865377367054516e17014CcdED1e7d814EDC9ce4 9 0
    pool OK (token / V2 stakers / V1 stragglers): 0xA0b86991c6218b36c1d19D4a2e9Eb0cE3606eB48 13 0
    pool OK (token / V2 stakers / V1 stragglers): 0x4c9EDD5852cd905f086C759E8383e09bff1E68B3 7 0
    Pauser registrant sweep OK (every registrant unpaused, pauser == Pauser): 27
    all wiring assertions passed
  
  PREVIEW: progress file NOT written (by design).
  GLOBAL_PAUSE|after-phase8|SUCCEEDED|registered=27
  
=== Preview smoke tests ===
    Antimatter: throwaway approved -> minted -> revoked -> mint REVERTS
    Antimatter: V2 revoked -> mint REVERTS -> V2 re-approved
    V2 stake/withdraw OK (token / credited / returned): 0x865377367054516e17014CcdED1e7d814EDC9ce4 99999830702878419294 99999661405756838588
    V2 stake/withdraw OK (token / credited / returned): 0xA0b86991c6218b36c1d19D4a2e9Eb0cE3606eB48 99995676 99991352
    V2 stake/withdraw OK (token / credited / returned): 0x4c9EDD5852cd905f086C759E8383e09bff1E68B3 99700000000000000000 99648360358567952608
    autoAnnihilate OK (Antimatter owed / phUSD paid): 6150950756861165 12301901513722330
    all smoke tests passed
  
  =================================================
          STABLESTAKER V2 CUTOVER SUMMARY
  =================================================
  Antimatter:            0x4e5c3885A2B329d4206ff710F9CCbcd05cF7B5c7
  StableStakerV2:        0xF719D6d9cd90836506a4845969eCD753d6d963B9
  CrossVersionMigrator:  0xBD1528e4d98869a66565762f3C19E298450B28BC (transient, no address-book key)
  Mode:                  PREVIEW
