No files changed, compilation skipped
warning: invalid natspec tag '@deprecated', custom tags must use format '@custom:name'
 --> src/views/DepositView.sol:4:1
  |
4 | / /**
5 | |  * @deprecated This contract is deprecated in favor of ViewRouter + DepositPageView.
6 | |  * The ViewRouter architecture provides a generic, extensible page-view dispatch system.
7 | |  * DepositPageView implements the same 7 fields via the IPageView interface.
8 | |  * This contract will be removed after phlimbo-ui has migrated to ViewRouter.
9 | |  */
  | |___^


Ran 12 tests for test/audit-run33/CutoverAuditRun33.t.sol:CutoverAuditRun33
[PASS] test_A_stateDiff() (gas: 467432478)
[PASS] test_F01_cleanPassesBothShapes() (gas: 11165934)
[PASS] test_F01_haircut1bps_withinBoundPasses() (gas: 11138050)
[PASS] test_F01_haircut5bps_floorFailsLockstepPasses() (gas: 11260681)
[PASS] test_L01_plantedDust() (gas: 23545407)
[PASS] test_L04_breakerAtEveryPhase1StepAndPhase() (gas: 23190471)
[PASS] test_P7W_fixOrderingControl() (gas: 20870081)
[PASS] test_P7W_haltedStateBroadcastResumeConverges() (gas: 20905791)
[PASS] test_P7W_registeredWhilePausedWindow() (gas: 24870048)
[PASS] test_SX_controlNoSelfExit_verifierPasses() (gas: 40668525)
[PASS] test_SX_haltedResumeCannotFinish() (gas: 12726682)
[PASS] test_SX_selfExitBetweenTxs_verifierFalseFailsOnFloor() (gas: 40345153)
Suite result: ok. 12 passed; 0 failed; 0 skipped; finished in 1.55s (843.25ms CPU time)

Ran 1 test suite in 1.55s (1.55s CPU time): 12 tests passed, 0 failed, 0 skipped (12 total tests)
