Compiling 6 files with Solc 0.8.30
Solc 0.8.30 finished in 6.65s
Compiler run successful with warnings:
Warning (2018): Function state mutability can be restricted to pure
   --> script/helpers/StableStakerCutoverCore.sol:267:5:
    |
267 |     function _logPlan(address token, PoolPlan memory plan) internal view {
    |     ^ (Relevant source part starts here and spans across multiple lines).


Ran 5 tests for test/StableStakerCutoverDust.t.sol:StableStakerCutoverDustTest
[PASS] test_aggregateFloor_cleanMigrationPasses() (gas: 725245)
Logs:
    V1 initiateMigration (token / R realized / P snapshot): 0x2e234DAe75C793f67A35089C9d99245E1C58470b 2000000000000000000000 2000000000000000000000
    plan (token / migratable / zero-credit): 0x2e234DAe75C793f67A35089C9d99245E1C58470b 2 0
    plan stragglers (count / principal total): 0 0
    migrated (token / users / batches): 0x2e234DAe75C793f67A35089C9d99245E1C58470b 2 2
    aggregate floor (token / floor / V2 totalStaked): 0x2e234DAe75C793f67A35089C9d99245E1C58470b 2000000000000000000000 2000000000000000000000
      V1 principalSnapshot / straggler principal: 2000000000000000000000 0
    post-migration OK (token / V2 totalStaked / V2 stakers): 0x2e234DAe75C793f67A35089C9d99245E1C58470b 2000000000000000000000 2

[PASS] test_aggregateFloor_resumeLegHaircutReverts() (gas: 768894)
Logs:
    V1 initiateMigration (token / R realized / P snapshot): 0x2e234DAe75C793f67A35089C9d99245E1C58470b 1999000000000000000000 2000000000000000000000
    plan (token / migratable / zero-credit): 0x2e234DAe75C793f67A35089C9d99245E1C58470b 2 0
    plan stragglers (count / principal total): 0 0
    migrated (token / users / batches): 0x2e234DAe75C793f67A35089C9d99245E1C58470b 2 2
    V1 pool already Migrating - initiate skipped (token / R / P): 0x2e234DAe75C793f67A35089C9d99245E1C58470b 1999000000000000000000 2000000000000000000000
    plan (token / migratable / zero-credit): 0x2e234DAe75C793f67A35089C9d99245E1C58470b 0 0
    plan stragglers (count / principal total): 0 0
    migrated (token / users / batches): 0x2e234DAe75C793f67A35089C9d99245E1C58470b 0 0
    aggregate floor (token / floor / V2 totalStaked): 0x2e234DAe75C793f67A35089C9d99245E1C58470b 1999999999999999999960 1999000000000000000000
      V1 principalSnapshot / straggler principal: 2000000000000000000000 0
    aggregate floor (token / floor / V2 totalStaked): 0x2e234DAe75C793f67A35089C9d99245E1C58470b 1998799999999999999960 1999000000000000000000
      V1 principalSnapshot / straggler principal: 2000000000000000000000 0
    post-migration OK (token / V2 totalStaked / V2 stakers): 0x2e234DAe75C793f67A35089C9d99245E1C58470b 1999000000000000000000 2

[PASS] test_aggregateFloor_singleLegHaircutReverts() (gas: 743158)
Logs:
    V1 initiateMigration (token / R realized / P snapshot): 0x2e234DAe75C793f67A35089C9d99245E1C58470b 1999000000000000000000 2000000000000000000000
    plan (token / migratable / zero-credit): 0x2e234DAe75C793f67A35089C9d99245E1C58470b 2 0
    plan stragglers (count / principal total): 0 0
    migrated (token / users / batches): 0x2e234DAe75C793f67A35089C9d99245E1C58470b 2 2
    aggregate floor (token / floor / V2 totalStaked): 0x2e234DAe75C793f67A35089C9d99245E1C58470b 1998799999999999999960 1999000000000000000000
      V1 principalSnapshot / straggler principal: 2000000000000000000000 0
    post-migration OK (token / V2 totalStaked / V2 stakers): 0x2e234DAe75C793f67A35089C9d99245E1C58470b 1999000000000000000000 2

[PASS] test_aggregateFloor_stragglersLeftBehindPass() (gas: 930105)
Logs:
    V1 initiateMigration (token / R realized / P snapshot): 0x2e234DAe75C793f67A35089C9d99245E1C58470b 2000000000000000000000 2000000000000000009000
    plan (token / migratable / zero-credit): 0x2e234DAe75C793f67A35089C9d99245E1C58470b 2 0
    plan stragglers (count / principal total): 1 9000
      STRAGGLER (address / V1 principal / credit):
        0x1575868e77054797145b69055EbA6535B0b99F44 9000 8999
    migrated (token / users / batches): 0x2e234DAe75C793f67A35089C9d99245E1C58470b 2 2
    plan (token / migratable / zero-credit): 0x2e234DAe75C793f67A35089C9d99245E1C58470b 0 0
    plan stragglers (count / principal total): 1 9000
      STRAGGLER (address / V1 principal / credit):
        0x1575868e77054797145b69055EbA6535B0b99F44 9000 8999
    migrated (token / users / batches): 0x2e234DAe75C793f67A35089C9d99245E1C58470b 0 0
    aggregate floor (token / floor / V2 totalStaked): 0x2e234DAe75C793f67A35089C9d99245E1C58470b 1999999999999999800000 1999999999999999800000
      V1 principalSnapshot / straggler principal: 2000000000000000009000 9000
    post-migration OK (token / V2 totalStaked / V2 stakers): 0x2e234DAe75C793f67A35089C9d99245E1C58470b 1999999999999999800000 2

[PASS] test_aggregateFloor_unitMath() (gas: 8446)
Suite result: ok. 5 passed; 0 failed; 0 skipped; finished in 4.56ms (2.58ms CPU time)

Ran 1 test suite in 11.16ms (4.56ms CPU time): 5 tests passed, 0 failed, 0 skipped (5 total tests)
