
------------------------------------------------------------
# Configuration
------------------------------------------------------------
Root - /home/justin/code/audits/lib/reflax-yield-vault
Source - /home/justin/code/audits/lib/reflax-yield-vault/src
Remappings - [
    "@openzeppelin/=lib/openzeppelin-contracts/",
    "pauser/=lib/mutable/pauser/src/",
    "erc4626-tests/=lib/openzeppelin-contracts/lib/erc4626-tests/",
    "forge-std/=lib/forge-std/src/",
    "halmos-cheatcodes/=lib/openzeppelin-contracts/lib/halmos-cheatcodes/src/",
    "mutable/=lib/mutable/pauser/src/",
    "openzeppelin-contracts/=lib/openzeppelin-contracts/",
]
EVM version - prague
------------------------------------------------------------
# Source Scope
------------------------------------------------------------
Include Filepaths Containing - No specific criteria.
Exclude Filepaths Containing - No specific criteria.
Auto Excluding - No Files.
------------------------------------------------------------
# Compiling Abstract Syntax Trees
------------------------------------------------------------
Ingesting 8 compiled files [solc : v0.8.30]
------------------------------------------------------------
# Scanning Contracts
------------------------------------------------------------
Running 88 detectors
Detectors run, printing report.
Report printed to /home/justin/code/audits/reports/reflax-yield-vault/12/static/aderyn-report.json

💡 Did Aderyn help you today?
Show some love with a quick star on GitHub Star ⭐
https://github.com/Cyfrin/aderyn
