No files changed, compilation skipped
Script ran successfully.

== Logs ==
  =========================================
    DOLA strategy withdrawal status (read-only)
  =========================================
  chainid:             1
  strategy:            0x1760E05356Ec1FBBA159C730781dCfB9920524e2
  client (minter):     0x94855ACA13952D81507C92D3CdBb2e25D3bbE60C
  now (unix):          1789619475 2026-09-17 04:31:15 UTC
  strategy paused:     false
  stored status:       1 Initiated
  principal now:       14594562039048160037533
  snapshot balance:    14594562039048160037533
  initiatedAt:         1789619475 2026-09-17 04:31:15 UTC
  executableAt:        1789641075 2026-09-17 10:31:15 UTC
  start deadline:      1789878675 2026-09-20 04:31:15 UTC
    (= expiresAt - WINDOW_SAFETY_MARGIN 6h; the cutover must START strictly before it)
  expiresAt:           1789900275 2026-09-20 10:31:15 UTC
  effective phase:     WAITING - not yet executable
                       seconds until executable: 21600
                       seconds until start deadline: 259200
  minter DOLA yieldStrategy: 0x1760E05356Ec1FBBA159C730781dCfB9920524e2
  minter DOLA enabled:       true
  still registered to 0x1760: true
