No files changed, compilation skipped
Script ran successfully.

== Logs ==
  =========================================
    DOLA strategy withdrawal status (read-only)
  =========================================
  chainid:             1
  strategy:            0x1760E05356Ec1FBBA159C730781dCfB9920524e2
  client (minter):     0x94855ACA13952D81507C92D3CdBb2e25D3bbE60C
  now (unix):          1789619529 2026-09-17 04:32:09 UTC
  strategy paused:     false
  stored status:       1 Initiated
  principal now:       14594562039048160037533
  snapshot balance:    14594562039048160037533
  initiatedAt:         1789597735 2026-09-16 22:28:55 UTC
  executableAt:        1789619335 2026-09-17 04:28:55 UTC
  start deadline:      1789856935 2026-09-19 22:28:55 UTC
    (= expiresAt - WINDOW_SAFETY_MARGIN 6h; the cutover must START strictly before it)
  expiresAt:           1789878535 2026-09-20 04:28:55 UTC
  effective phase:     EXECUTABLE - cutover may START (>6h left)
                       seconds until start deadline: 237406
                       seconds until expiry: 259006
  minter DOLA yieldStrategy: 0x1760E05356Ec1FBBA159C730781dCfB9920524e2
  minter DOLA enabled:       true
  still registered to 0x1760: true
