No files changed, compilation skipped
Script ran successfully.

== Logs ==
  =========================================
    story 090: INITIATE DOLA strategy totalWithdrawal (clock only)
  =========================================
  strategy: 0x1760E05356Ec1FBBA159C730781dCfB9920524e2
  token:    0x865377367054516e17014CcdED1e7d814EDC9ce4
  client:   0x94855ACA13952D81507C92D3CdBb2e25D3bbE60C
  mode:     BROADCAST (Ledger)
  preflight: withdrawal status None - OK to initiate
  preflight: owner / underlying / unpaused / 6h+72h / client OK; minter principal: 14594562039048160037533
  
  READBACK OK: status Initiated, snapshot balance == principal: 14594562039048160037533
  initiatedAt (unix):  1789569551 2026-09-16 14:39:11 UTC
  executableAt (unix): 1789591151 2026-09-16 20:39:11 UTC
  expiresAt (unix):    1789850351 2026-09-19 20:39:11 UTC
  
  >>> broadcast the cutover between executableAt and expiresAt <<<
      (if expiresAt passes first, rerun initiate-dola-ys-withdrawal:broadcast)

SKIPPING ON CHAIN SIMULATION.


==========================

ONCHAIN EXECUTION COMPLETE & SUCCESSFUL.

Transactions saved to: /home/justin/code/audits/phoenix-phase-2-staging/work/broadcast/InitiateDolaStrategyWithdrawal.s.sol/1/run-latest.json

Sensitive values saved to: /home/justin/code/audits/phoenix-phase-2-staging/work/cache/InitiateDolaStrategyWithdrawal.s.sol/1/run-latest.json

