No files changed, compilation skipped
Script ran successfully.

== Logs ==
  =========================================
    DOLA strategy withdrawal status (read-only)
  =========================================
  chainid:             1
  strategy:            0x1760E05356Ec1FBBA159C730781dCfB9920524e2
  client (minter):     0x94855ACA13952D81507C92D3CdBb2e25D3bbE60C
  now (unix):          1789569595 2026-09-16 14:39:55 UTC
  strategy paused:     false
  stored status:       1 Initiated
  principal now:       14594562039048160037533
  snapshot balance:    14594562039048160037533
  initiatedAt:         1789547926 2026-09-16 08:38:46 UTC
  executableAt:        1789569526 2026-09-16 14:38:46 UTC
  expiresAt:           1789828726 2026-09-19 14:38:46 UTC
  effective phase:     EXECUTABLE - cutover may broadcast now; seconds until expiry: 259131
  minter DOLA yieldStrategy: 0x1760E05356Ec1FBBA159C730781dCfB9920524e2
  minter DOLA enabled:       true
  still registered to 0x1760: true
