No files changed, compilation skipped
Traces:
  [37111199] → new CutoverStableStakerV2Mainnet@0x5b73C5498c1E3b4dbA84de0F1833c4a029d90519
    └─ ← [Return] 184945 bytes of code

  [176] CutoverStableStakerV2Mainnet::setUp()
    └─ ← [Stop]

  [688124] CutoverStableStakerV2Mainnet::run()
    ├─ [0] console::log("=================================================") [staticcall]
    │   └─ ← [Stop]
    ├─ [0] console::log("  MAINNET STABLESTAKER V1 -> V2 CUTOVER (story 082)") [staticcall]
    │   └─ ← [Stop]
    ├─ [0] console::log("=================================================") [staticcall]
    │   └─ ← [Stop]
    ├─ [0] VM::envOr("PREVIEW_MODE", false) [staticcall]
    │   └─ ← [Return] <env var value>
    ├─ [0] VM::readFile("server/deployments/progress.stable-staker-v2-cutover.1.json") [staticcall]
    │   └─ ← [Revert] vm.readFile: failed to open file "/home/justin/code/audits/phoenix-phase-2-staging/work/server/deployments/progress.stable-staker-v2-cutover.1.json": No such file or directory (os error 2)
    ├─ [0] console::log("No progress file - starting fresh") [staticcall]
    │   └─ ← [Stop]
    ├─ [0] console::log("\n=== Phase 0: preconditions ===") [staticcall]
    │   └─ ← [Stop]
    ├─ [2777] 0xbce8ABC09BaEDCabE93419bF875f6186e182079A::owner() [staticcall]
    │   └─ ← [Return] 0xCad1a7864a108DBFF67F4b8af71fAB0C7A86D0B6
    ├─ [2698] FlaxToken::owner() [staticcall]
    │   └─ ← [Return] 0xCad1a7864a108DBFF67F4b8af71fAB0C7A86D0B6
    ├─ [2558] Pauser::owner() [staticcall]
    │   └─ ← [Return] 0xCad1a7864a108DBFF67F4b8af71fAB0C7A86D0B6
    ├─ [2523] 0x94855ACA13952D81507C92D3CdBb2e25D3bbE60C::owner() [staticcall]
    │   └─ ← [Return] 0xCad1a7864a108DBFF67F4b8af71fAB0C7A86D0B6
    ├─ [2755] 0x0cD353bfda674D04823B2826ffafB83B560D21B6::owner() [staticcall]
    │   └─ ← [Return] 0xCad1a7864a108DBFF67F4b8af71fAB0C7A86D0B6
    ├─ [2865] 0xbce8ABC09BaEDCabE93419bF875f6186e182079A::pauser() [staticcall]
    │   └─ ← [Return] Pauser: [0x7c5A8EeF1d836450C019FB036453ac6eC97885a3]
    ├─ [593] 0x1760E05356Ec1FBBA159C730781dCfB9920524e2::WAITING_PERIOD() [staticcall]
    │   └─ ← [Return] 21600 [2.16e4]
    ├─ [307] 0x1760E05356Ec1FBBA159C730781dCfB9920524e2::EXECUTION_WINDOW() [staticcall]
    │   └─ ← [Return] 259200 [2.592e5]
    ├─ [9433] 0xbce8ABC09BaEDCabE93419bF875f6186e182079A::getStakedTokens() [staticcall]
    │   └─ ← [Return] [0x865377367054516e17014CcdED1e7d814EDC9ce4, 0xA0b86991c6218b36c1d19D4a2e9Eb0cE3606eB48, 0x4c9EDD5852cd905f086C759E8383e09bff1E68B3]
    ├─ [2889] 0x1760E05356Ec1FBBA159C730781dCfB9920524e2::owner() [staticcall]
    │   └─ ← [Return] 0xCad1a7864a108DBFF67F4b8af71fAB0C7A86D0B6
    ├─ [2807] 0x1760E05356Ec1FBBA159C730781dCfB9920524e2::authorizedClients(0xbce8ABC09BaEDCabE93419bF875f6186e182079A) [staticcall]
    │   └─ ← [Return] true
    ├─ [625] 0x1760E05356Ec1FBBA159C730781dCfB9920524e2::paused() [staticcall]
    │   └─ ← [Return] false
    ├─ [2899] Pauser::isRegistered(0x1760E05356Ec1FBBA159C730781dCfB9920524e2) [staticcall]
    │   └─ ← [Return] true
    ├─ [2934] 0x1760E05356Ec1FBBA159C730781dCfB9920524e2::pauser() [staticcall]
    │   └─ ← [Return] Pauser: [0x7c5A8EeF1d836450C019FB036453ac6eC97885a3]
    ├─ [9338] 0xbce8ABC09BaEDCabE93419bF875f6186e182079A::poolInfo(ERC20: [0x865377367054516e17014CcdED1e7d814EDC9ce4]) [staticcall]
    │   └─ ← [Return] 10850694444444 [1.085e13], 221678485199129118 [2.216e17], 1789349807 [1.789e9], 1222727602453502485450 [1.222e21]
    ├─ [2968] 0xbce8ABC09BaEDCabE93419bF875f6186e182079A::poolState(ERC20: [0x865377367054516e17014CcdED1e7d814EDC9ce4]) [staticcall]
    │   └─ ← [Return] 0
    ├─ [3026] 0xbce8ABC09BaEDCabE93419bF875f6186e182079A::yieldStrategy(ERC20: [0x865377367054516e17014CcdED1e7d814EDC9ce4]) [staticcall]
    │   └─ ← [Return] 0x1760E05356Ec1FBBA159C730781dCfB9920524e2
    ├─ [2890] 0x1760E05356Ec1FBBA159C730781dCfB9920524e2::setAsideBufferSize(0xbce8ABC09BaEDCabE93419bF875f6186e182079A) [staticcall]
    │   └─ ← [Return] 10
    ├─ [13349] 0x94855ACA13952D81507C92D3CdBb2e25D3bbE60C::stablecoinConfigs(ERC20: [0x865377367054516e17014CcdED1e7d814EDC9ce4]) [staticcall]
    │   └─ ← [Return] 0x1760E05356Ec1FBBA159C730781dCfB9920524e2, 1000000000000000000 [1e18], 18, true, 4000000000000000000000 [4e21], 367552829881885674091 [3.675e20], 1785619631 [1.785e9]
    ├─ [2380] ERC20::decimals() [staticcall]
    │   └─ ← [Return] 18
    ├─ [3083] ERC20::symbol() [staticcall]
    │   └─ ← [Return] "DOLA"
    ├─ [0] console::log("  token:", ERC20: [0x865377367054516e17014CcdED1e7d814EDC9ce4], "DOLA") [staticcall]
    │   └─ ← [Stop]
    ├─ [2558] 0xbce8ABC09BaEDCabE93419bF875f6186e182079A::stakerCount(ERC20: [0x865377367054516e17014CcdED1e7d814EDC9ce4]) [staticcall]
    │   └─ ← [Return] 9
    ├─ [0] console::log("    V1 poolState / stakerCount / totalStaked:", 0, 9, 1222727602453502485450 [1.222e21]) [staticcall]
    │   └─ ← [Stop]
    ├─ [3310] 0x1760E05356Ec1FBBA159C730781dCfB9920524e2::principalOf(ERC20: [0x865377367054516e17014CcdED1e7d814EDC9ce4], 0xbce8ABC09BaEDCabE93419bF875f6186e182079A) [staticcall]
    │   └─ ← [Return] 1249626058196412698895 [1.249e21]
    ├─ [0] console::log("    strategy / principalOf(V1):", 0x1760E05356Ec1FBBA159C730781dCfB9920524e2, 1249626058196412698895 [1.249e21]) [staticcall]
    │   └─ ← [Stop]
    ├─ [0] console::log("    V1 phusdPerSecond / C (phUSD per day):", 10850694444444 [1.085e13], 937499999999961600 [9.374e17]) [staticcall]
    │   └─ ← [Stop]
    ├─ [0] console::log("    setAsideBufferSize(V1) %:", 10) [staticcall]
    │   └─ ← [Stop]
    ├─ [2868] 0x1760E05356Ec1FBBA159C730781dCfB9920524e2::setAsideBufferRecipient() [staticcall]
    │   └─ ← [Return] 0xbce8ABC09BaEDCabE93419bF875f6186e182079A
    ├─ [0] console::log("    setAsideBufferRecipient:", 0xbce8ABC09BaEDCabE93419bF875f6186e182079A) [staticcall]
    │   └─ ← [Stop]
    ├─ [2469] ERC20::balanceOf(0xbce8ABC09BaEDCabE93419bF875f6186e182079A) [staticcall]
    │   └─ ← [Return] 6997032072106485771 [6.997e18]
    ├─ [0] console::log("    V1 idle token balance (buffer, stays on V1):", 6997032072106485771 [6.997e18]) [staticcall]
    │   └─ ← [Stop]
    ├─ [0] console::log("    PhusdStableMinter registration: strategy", 0x1760E05356Ec1FBBA159C730781dCfB9920524e2) [staticcall]
    │   └─ ← [Stop]
    ├─ [2889] 0xaFDf8DeA96a0F37Aae4869f813901bf73a3eAB83::owner() [staticcall]
    │   └─ ← [Return] 0xCad1a7864a108DBFF67F4b8af71fAB0C7A86D0B6
    ├─ [625] 0xaFDf8DeA96a0F37Aae4869f813901bf73a3eAB83::paused() [staticcall]
    │   └─ ← [Return] false
    ├─ [2899] Pauser::isRegistered(0xaFDf8DeA96a0F37Aae4869f813901bf73a3eAB83) [staticcall]
    │   └─ ← [Return] true
    ├─ [2934] 0xaFDf8DeA96a0F37Aae4869f813901bf73a3eAB83::pauser() [staticcall]
    │   └─ ← [Return] Pauser: [0x7c5A8EeF1d836450C019FB036453ac6eC97885a3]
    ├─ [9338] 0xbce8ABC09BaEDCabE93419bF875f6186e182079A::poolInfo(FiatTokenProxy: [0xA0b86991c6218b36c1d19D4a2e9Eb0cE3606eB48]) [staticcall]
    │   └─ ← [Return] 15190972222221 [1.519e13], 161274564604611892640741513824 [1.612e29], 1789501955 [1.789e9], 1966476179 [1.966e9]
    ├─ [2968] 0xbce8ABC09BaEDCabE93419bF875f6186e182079A::poolState(FiatTokenProxy: [0xA0b86991c6218b36c1d19D4a2e9Eb0cE3606eB48]) [staticcall]
    │   └─ ← [Return] 0
    ├─ [3026] 0xbce8ABC09BaEDCabE93419bF875f6186e182079A::yieldStrategy(FiatTokenProxy: [0xA0b86991c6218b36c1d19D4a2e9Eb0cE3606eB48]) [staticcall]
    │   └─ ← [Return] 0xaFDf8DeA96a0F37Aae4869f813901bf73a3eAB83
    ├─ [2890] 0xaFDf8DeA96a0F37Aae4869f813901bf73a3eAB83::setAsideBufferSize(0xbce8ABC09BaEDCabE93419bF875f6186e182079A) [staticcall]
    │   └─ ← [Return] 10
    ├─ [13349] 0x94855ACA13952D81507C92D3CdBb2e25D3bbE60C::stablecoinConfigs(FiatTokenProxy: [0xA0b86991c6218b36c1d19D4a2e9Eb0cE3606eB48]) [staticcall]
    │   └─ ← [Return] 0xaFDf8DeA96a0F37Aae4869f813901bf73a3eAB83, 1000000000000000000 [1e18], 6, true, 4000000000000000000000 [4e21], 339113200000000000000 [3.391e20], 1784594171 [1.784e9]
    ├─ [9664] FiatTokenProxy::fallback() [staticcall]
    │   ├─ [2381] FiatTokenV2_2::decimals() [delegatecall]
    │   │   └─ ← [Return] 6
    │   └─ ← [Return] 6
    ├─ [3870] FiatTokenProxy::fallback() [staticcall]
    │   ├─ [3081] FiatTokenV2_2::symbol() [delegatecall]
    │   │   └─ ← [Return] "USDC"
    │   └─ ← [Return] "USDC"
    ├─ [0] console::log("  token:", FiatTokenProxy: [0xA0b86991c6218b36c1d19D4a2e9Eb0cE3606eB48], "USDC") [staticcall]
    │   └─ ← [Stop]
    ├─ [2558] 0xbce8ABC09BaEDCabE93419bF875f6186e182079A::stakerCount(FiatTokenProxy: [0xA0b86991c6218b36c1d19D4a2e9Eb0cE3606eB48]) [staticcall]
    │   └─ ← [Return] 13
    ├─ [0] console::log("    V1 poolState / stakerCount / totalStaked:", 0, 13, 1966476179 [1.966e9]) [staticcall]
    │   └─ ← [Stop]
    ├─ [3310] 0xaFDf8DeA96a0F37Aae4869f813901bf73a3eAB83::principalOf(FiatTokenProxy: [0xA0b86991c6218b36c1d19D4a2e9Eb0cE3606eB48], 0xbce8ABC09BaEDCabE93419bF875f6186e182079A) [staticcall]
    │   └─ ← [Return] 1993519564 [1.993e9]
    ├─ [0] console::log("    strategy / principalOf(V1):", 0xaFDf8DeA96a0F37Aae4869f813901bf73a3eAB83, 1993519564 [1.993e9]) [staticcall]
    │   └─ ← [Stop]
    ├─ [0] console::log("    V1 phusdPerSecond / C (phUSD per day):", 15190972222221 [1.519e13], 1312499999999894400 [1.312e18]) [staticcall]
    │   └─ ← [Stop]
    ├─ [0] console::log("    setAsideBufferSize(V1) %:", 10) [staticcall]
    │   └─ ← [Stop]
    ├─ [2868] 0xaFDf8DeA96a0F37Aae4869f813901bf73a3eAB83::setAsideBufferRecipient() [staticcall]
    │   └─ ← [Return] 0xbce8ABC09BaEDCabE93419bF875f6186e182079A
    ├─ [0] console::log("    setAsideBufferRecipient:", 0xbce8ABC09BaEDCabE93419bF875f6186e182079A) [staticcall]
    │   └─ ← [Stop]
    ├─ [3339] FiatTokenProxy::fallback(0xbce8ABC09BaEDCabE93419bF875f6186e182079A) [staticcall]
    │   ├─ [2553] FiatTokenV2_2::balanceOf(0xbce8ABC09BaEDCabE93419bF875f6186e182079A) [delegatecall]
    │   │   └─ ← [Return] 10430694 [1.043e7]
    │   └─ ← [Return] 10430694 [1.043e7]
    ├─ [0] console::log("    V1 idle token balance (buffer, stays on V1):", 10430694 [1.043e7]) [staticcall]
    │   └─ ← [Stop]
    ├─ [0] console::log("    PhusdStableMinter registration: strategy", 0xaFDf8DeA96a0F37Aae4869f813901bf73a3eAB83) [staticcall]
    │   └─ ← [Stop]
    ├─ [2867] 0xaC2e5936Eca286eC364d4D5Bcca33145fBe57f95::owner() [staticcall]
    │   └─ ← [Return] 0xCad1a7864a108DBFF67F4b8af71fAB0C7A86D0B6
    ├─ [625] 0xaC2e5936Eca286eC364d4D5Bcca33145fBe57f95::paused() [staticcall]
    │   └─ ← [Return] false
    ├─ [2899] Pauser::isRegistered(0xaC2e5936Eca286eC364d4D5Bcca33145fBe57f95) [staticcall]
    │   └─ ← [Return] true
    ├─ [2934] 0xaC2e5936Eca286eC364d4D5Bcca33145fBe57f95::pauser() [staticcall]
    │   └─ ← [Return] Pauser: [0x7c5A8EeF1d836450C019FB036453ac6eC97885a3]
    ├─ [9338] 0xbce8ABC09BaEDCabE93419bF875f6186e182079A::poolInfo(USDe: [0x4c9EDD5852cd905f086C759E8383e09bff1E68B3]) [staticcall]
    │   └─ ← [Return] 21701388888888 [2.17e13], 229441265833514448 [2.294e17], 1789349807 [1.789e9], 2566815465400000000000 [2.566e21]
    ├─ [2968] 0xbce8ABC09BaEDCabE93419bF875f6186e182079A::poolState(USDe: [0x4c9EDD5852cd905f086C759E8383e09bff1E68B3]) [staticcall]
    │   └─ ← [Return] 0
    ├─ [3026] 0xbce8ABC09BaEDCabE93419bF875f6186e182079A::yieldStrategy(USDe: [0x4c9EDD5852cd905f086C759E8383e09bff1E68B3]) [staticcall]
    │   └─ ← [Return] 0xaC2e5936Eca286eC364d4D5Bcca33145fBe57f95
    ├─ [2890] 0xaC2e5936Eca286eC364d4D5Bcca33145fBe57f95::setAsideBufferSize(0xbce8ABC09BaEDCabE93419bF875f6186e182079A) [staticcall]
    │   └─ ← [Return] 25
    ├─ [13349] 0x94855ACA13952D81507C92D3CdBb2e25D3bbE60C::stablecoinConfigs(USDe: [0x4c9EDD5852cd905f086C759E8383e09bff1E68B3]) [staticcall]
    │   └─ ← [Return] 0xaC2e5936Eca286eC364d4D5Bcca33145fBe57f95, 1000000000000000000 [1e18], 18, true, 4000000000000000000000 [4e21], 10063700000000000000 [1.006e19], 1784594195 [1.784e9]
    ├─ [267] USDe::decimals() [staticcall]
    │   └─ ← [Return] 18
    ├─ [3303] USDe::symbol() [staticcall]
    │   └─ ← [Return] "USDe"
    ├─ [0] console::log("  token:", USDe: [0x4c9EDD5852cd905f086C759E8383e09bff1E68B3], "USDe") [staticcall]
    │   └─ ← [Stop]
    ├─ [2558] 0xbce8ABC09BaEDCabE93419bF875f6186e182079A::stakerCount(USDe: [0x4c9EDD5852cd905f086C759E8383e09bff1E68B3]) [staticcall]
    │   └─ ← [Return] 7
    ├─ [0] console::log("    V1 poolState / stakerCount / totalStaked:", 0, 7, 2566815465400000000000 [2.566e21]) [staticcall]
    │   └─ ← [Stop]
    ├─ [3310] 0xaC2e5936Eca286eC364d4D5Bcca33145fBe57f95::principalOf(USDe: [0x4c9EDD5852cd905f086C759E8383e09bff1E68B3], 0xbce8ABC09BaEDCabE93419bF875f6186e182079A) [staticcall]
    │   └─ ← [Return] 2566815465400000000000 [2.566e21]
    ├─ [0] console::log("    strategy / principalOf(V1):", 0xaC2e5936Eca286eC364d4D5Bcca33145fBe57f95, 2566815465400000000000 [2.566e21]) [staticcall]
    │   └─ ← [Stop]
    ├─ [0] console::log("    V1 phusdPerSecond / C (phUSD per day):", 21701388888888 [2.17e13], 1874999999999923200 [1.874e18]) [staticcall]
    │   └─ ← [Stop]
    ├─ [0] console::log("    setAsideBufferSize(V1) %:", 25) [staticcall]
    │   └─ ← [Stop]
    ├─ [966] 0xaC2e5936Eca286eC364d4D5Bcca33145fBe57f95::setAsideBufferRecipient() [staticcall]
    │   └─ ← [Revert] EvmError: Revert
    ├─ [0] console::log("    setAsideBufferRecipient: NONE (pre-story-047 strategy: buffer is paid to each client)") [staticcall]
    │   └─ ← [Stop]
    ├─ [2580] USDe::balanceOf(0xbce8ABC09BaEDCabE93419bF875f6186e182079A) [staticcall]
    │   └─ ← [Return] 49845539781409382100 [4.984e19]
    ├─ [0] console::log("    V1 idle token balance (buffer, stays on V1):", 49845539781409382100 [4.984e19]) [staticcall]
    │   └─ ← [Stop]
    ├─ [0] console::log("    PhusdStableMinter registration: strategy", 0xaC2e5936Eca286eC364d4D5Bcca33145fBe57f95) [staticcall]
    │   └─ ← [Stop]
    ├─ [5925] FlaxToken::authorizedMinters(0xbce8ABC09BaEDCabE93419bF875f6186e182079A) [staticcall]
    │   └─ ← [Return] MinterInfo({ canMint: true, mintVersion: 0 })
    ├─ [2495] FlaxToken::mintVersion() [staticcall]
    │   └─ ← [Return] 0
    ├─ [1925] FlaxToken::authorizedMinters(0xbce8ABC09BaEDCabE93419bF875f6186e182079A) [staticcall]
    │   └─ ← [Return] MinterInfo({ canMint: true, mintVersion: 0 })
    ├─ [495] FlaxToken::mintVersion() [staticcall]
    │   └─ ← [Return] 0
    ├─ [0] console::log("  V1 phUSD mint authorized:", true) [staticcall]
    │   └─ ← [Stop]
    ├─ [1925] FlaxToken::authorizedMinters(0xbce8ABC09BaEDCabE93419bF875f6186e182079A) [staticcall]
    │   └─ ← [Return] MinterInfo({ canMint: true, mintVersion: 0 })
    ├─ [495] FlaxToken::mintVersion() [staticcall]
    │   └─ ← [Return] 0
    ├─ [5925] FlaxToken::authorizedMinters(0xCad1a7864a108DBFF67F4b8af71fAB0C7A86D0B6) [staticcall]
    │   └─ ← [Return] MinterInfo({ canMint: true, mintVersion: 0 })
    ├─ [495] FlaxToken::mintVersion() [staticcall]
    │   └─ ← [Return] 0
    ├─ [5925] FlaxToken::authorizedMinters(0x94855ACA13952D81507C92D3CdBb2e25D3bbE60C) [staticcall]
    │   └─ ← [Return] MinterInfo({ canMint: true, mintVersion: 0 })
    ├─ [495] FlaxToken::mintVersion() [staticcall]
    │   └─ ← [Return] 0
    ├─ [5925] FlaxToken::authorizedMinters(0x8D3A8E3ba43DEb8C7e2110DF437a92243523b6ca) [staticcall]
    │   └─ ← [Return] MinterInfo({ canMint: true, mintVersion: 0 })
    ├─ [495] FlaxToken::mintVersion() [staticcall]
    │   └─ ← [Return] 0
    ├─ [5925] FlaxToken::authorizedMinters(0x0F05c34d458dd8953864a56857a2bb67ecb22683) [staticcall]
    │   └─ ← [Return] MinterInfo({ canMint: true, mintVersion: 0 })
    ├─ [495] FlaxToken::mintVersion() [staticcall]
    │   └─ ← [Return] 0
    ├─ [5925] FlaxToken::authorizedMinters(0xfe4Ed16a8450c76768e1EB5FF8292806E2204a2A) [staticcall]
    │   └─ ← [Return] MinterInfo({ canMint: true, mintVersion: 0 })
    ├─ [495] FlaxToken::mintVersion() [staticcall]
    │   └─ ← [Return] 0
    ├─ [5925] FlaxToken::authorizedMinters(0x8F48E5431814FfaC9c35cf934Aa2556A946Fb33C) [staticcall]
    │   └─ ← [Return] MinterInfo({ canMint: true, mintVersion: 0 })
    ├─ [495] FlaxToken::mintVersion() [staticcall]
    │   └─ ← [Return] 0
    ├─ [5925] FlaxToken::authorizedMinters(0x4A26ad83306a2F17155799fDD9449f77eb3F8bD7) [staticcall]
    │   └─ ← [Return] MinterInfo({ canMint: true, mintVersion: 0 })
    ├─ [495] FlaxToken::mintVersion() [staticcall]
    │   └─ ← [Return] 0
    ├─ [5925] FlaxToken::authorizedMinters(0x09AceB96337df1316e0D2d7EEEa44d754D1f8d05) [staticcall]
    │   └─ ← [Return] MinterInfo({ canMint: true, mintVersion: 0 })
    ├─ [495] FlaxToken::mintVersion() [staticcall]
    │   └─ ← [Return] 0
    ├─ [495] FlaxToken::mintVersion() [staticcall]
    │   └─ ← [Return] 0
    ├─ [0] console::log("  phUSD minter baseline (live) mask / mintVersion:", 511, 0) [staticcall]
    │   └─ ← [Stop]
    ├─ [3310] 0x1760E05356Ec1FBBA159C730781dCfB9920524e2::principalOf(ERC20: [0x865377367054516e17014CcdED1e7d814EDC9ce4], 0x94855ACA13952D81507C92D3CdBb2e25D3bbE60C) [staticcall]
    │   └─ ← [Return] 14594562039048160037533 [1.459e22]
    ├─ [7550] 0x1760E05356Ec1FBBA159C730781dCfB9920524e2::withdrawalStates(ERC20: [0x865377367054516e17014CcdED1e7d814EDC9ce4], 0x94855ACA13952D81507C92D3CdBb2e25D3bbE60C) [staticcall]
    │   └─ ← [Return] 1789299595 [1.789e9], 1, 14594562039048160037533 [1.459e22]
    ├─ [0] VM::toString(1789321195 [1.789e9]) [staticcall]
    │   └─ ← [Return] "1789321195"
    ├─ [0] VM::toString(1789580395 [1.789e9]) [staticcall]
    │   └─ ← [Return] "1789580395"
    └─ ← [Revert] Phase0: fewer than WINDOW_SAFETY_MARGIN seconds left in the minter DOLA withdrawal window - too late to start the session. Wait for expiry at 1789580395, then run initiate-dola-ys-withdrawal:broadcast and wait (see dola-ys-withdrawal:status)



== Logs ==
  =================================================
    MAINNET STABLESTAKER V1 -> V2 CUTOVER (story 082)
  =================================================
  No progress file - starting fresh
  
=== Phase 0: preconditions ===
    token: 0x865377367054516e17014CcdED1e7d814EDC9ce4 DOLA
      V1 poolState / stakerCount / totalStaked: 0 9 1222727602453502485450
      strategy / principalOf(V1): 0x1760E05356Ec1FBBA159C730781dCfB9920524e2 1249626058196412698895
      V1 phusdPerSecond / C (phUSD per day): 10850694444444 937499999999961600
      setAsideBufferSize(V1) %: 10
      setAsideBufferRecipient: 0xbce8ABC09BaEDCabE93419bF875f6186e182079A
      V1 idle token balance (buffer, stays on V1): 6997032072106485771
      PhusdStableMinter registration: strategy 0x1760E05356Ec1FBBA159C730781dCfB9920524e2
    token: 0xA0b86991c6218b36c1d19D4a2e9Eb0cE3606eB48 USDC
      V1 poolState / stakerCount / totalStaked: 0 13 1966476179
      strategy / principalOf(V1): 0xaFDf8DeA96a0F37Aae4869f813901bf73a3eAB83 1993519564
      V1 phusdPerSecond / C (phUSD per day): 15190972222221 1312499999999894400
      setAsideBufferSize(V1) %: 10
      setAsideBufferRecipient: 0xbce8ABC09BaEDCabE93419bF875f6186e182079A
      V1 idle token balance (buffer, stays on V1): 10430694
      PhusdStableMinter registration: strategy 0xaFDf8DeA96a0F37Aae4869f813901bf73a3eAB83
    token: 0x4c9EDD5852cd905f086C759E8383e09bff1E68B3 USDe
      V1 poolState / stakerCount / totalStaked: 0 7 2566815465400000000000
      strategy / principalOf(V1): 0xaC2e5936Eca286eC364d4D5Bcca33145fBe57f95 2566815465400000000000
      V1 phusdPerSecond / C (phUSD per day): 21701388888888 1874999999999923200
      setAsideBufferSize(V1) %: 25
      setAsideBufferRecipient: NONE (pre-story-047 strategy: buffer is paid to each client)
      V1 idle token balance (buffer, stays on V1): 49845539781409382100
      PhusdStableMinter registration: strategy 0xaC2e5936Eca286eC364d4D5Bcca33145fBe57f95
    V1 phUSD mint authorized: true
    phUSD minter baseline (live) mask / mintVersion: 511 0
Error: script failed: Phase0: fewer than WINDOW_SAFETY_MARGIN seconds left in the minter DOLA withdrawal window - too late to start the session. Wait for expiry at 1789580395, then run initiate-dola-ys-withdrawal:broadcast and wait (see dola-ys-withdrawal:status)
