No files changed, compilation skipped
Script ran successfully.

== Logs ==
  =================================================
    MAINNET STABLESTAKER V1 -> V2 CUTOVER (story 082)
  =================================================
  No progress file - starting fresh
  
=== Phase 0: preconditions ===
    token: 0x865377367054516e17014CcdED1e7d814EDC9ce4 DOLA
      V1 poolState / stakerCount / totalStaked: 0 9 1222727602453502485450
      strategy / principalOf(V1): 0x1760E05356Ec1FBBA159C730781dCfB9920524e2 1249626058196412698895
      V1 phusdPerSecond / C (phUSD per day): 10850694444444 937499999999961600
      setAsideBufferSize(V1) %: 10
      setAsideBufferRecipient: 0xbce8ABC09BaEDCabE93419bF875f6186e182079A
      V1 idle token balance (buffer, stays on V1): 6997032072106485771
      PhusdStableMinter registration: strategy 0x1760E05356Ec1FBBA159C730781dCfB9920524e2
    token: 0xA0b86991c6218b36c1d19D4a2e9Eb0cE3606eB48 USDC
      V1 poolState / stakerCount / totalStaked: 0 13 1966476179
      strategy / principalOf(V1): 0xaFDf8DeA96a0F37Aae4869f813901bf73a3eAB83 1993519564
      V1 phusdPerSecond / C (phUSD per day): 15190972222221 1312499999999894400
      setAsideBufferSize(V1) %: 10
      setAsideBufferRecipient: 0xbce8ABC09BaEDCabE93419bF875f6186e182079A
      V1 idle token balance (buffer, stays on V1): 10430694
      PhusdStableMinter registration: strategy 0xaFDf8DeA96a0F37Aae4869f813901bf73a3eAB83
    token: 0x4c9EDD5852cd905f086C759E8383e09bff1E68B3 USDe
      V1 poolState / stakerCount / totalStaked: 0 7 2566815465400000000000
      strategy / principalOf(V1): 0xaC2e5936Eca286eC364d4D5Bcca33145fBe57f95 2566815465400000000000
      V1 phusdPerSecond / C (phUSD per day): 21701388888888 1874999999999923200
      setAsideBufferSize(V1) %: 25
      setAsideBufferRecipient: NONE (pre-story-047 strategy: buffer is paid to each client)
      V1 idle token balance (buffer, stays on V1): 49845539781409382100
      PhusdStableMinter registration: strategy 0xaC2e5936Eca286eC364d4D5Bcca33145fBe57f95
    V1 phUSD mint authorized: true
    phUSD minter baseline (live) mask / mintVersion: 511 0
    minter DOLA withdrawal window OK (initiatedAt / closes at): 1789547926 1789828726
    OWNER ETH preflight (gas price wei / required wei / OWNER balance wei): 300000000 7920000000000000 7920247894769664
    WARNING: node gas price is ABOVE the pinned CUTOVER_GAS_PRICE_WEI (node / pinned): 1150089823 300000000
    The run is budgeted at the pinned price, but transactions signed below the base fee may not be mined (story 071) - consider raising CUTOVER_GAS_PRICE_WEI.
  
=== Phase 1: retire V1 (pauser OWNER, unregister, pause) ===
    Pauser.unregister(V1) - retired staker removed from the global pause registry
    V1 pauser OWNER, unregistered from Pauser, paused - global Pauser.pause() live again
  
=== Phase 2: Antimatter ===
    Antimatter deployed at: 0xA025801D81aCFd9E35Bfb05346116e5A3fBAa79F
    progress file updated: in_progress
    Antimatter wired to phUSD + PhusdStableMinter (read back)
  
=== Phase 3: StableStakerV2 ===
    StableStakerV2 deployed at: 0x8B9482a3ff055d24183B40Dd8BB70fFe3edD4c83
    progress file updated: in_progress
    V2 paused (pauser temporarily OWNER)
  
=== Phase 3b: sDOLA destination strategy (story 091) ===
    ERC4626YieldStrategy(OWNER, DOLA, sDOLA) deployed at: 0x55BcE9b12953d6a8468c57a811E6642289A99764
    progress file updated: in_progress
    sDOLA maxDeposit(strategy) / V1 DOLA principal: 115792089237316195423570985008687907853269984665640564039457584007913129639935 1249626058196412698895
    sDOLA strategy: pauser Pauser, registered, SYA withdrawer (minter client is story 092)
  
=== Phase 4: V2 pools (from V1 live config) ===
    -- pool 0x865377367054516e17014CcdED1e7d814EDC9ce4 DOLA
      C (V1 phUSD/day) / Antimatter/day (2.1x): 937499999999961600 1968749999999919360
      antimatterPerSecond / setAsideBuffer %: 22786458333332 10
    -- pool 0xA0b86991c6218b36c1d19D4a2e9Eb0cE3606eB48 USDC
      C (V1 phUSD/day) / Antimatter/day (2.1x): 1312499999999894400 2756249999999778240
      antimatterPerSecond / setAsideBuffer %: 31901041666664 10
    -- pool 0x4c9EDD5852cd905f086C759E8383e09bff1E68B3 USDe
      C (V1 phUSD/day) / Antimatter/day (2.1x): 1874999999999923200 3937499999999838720
      antimatterPerSecond / setAsideBuffer %: 45572916666664 25
  
=== Phase 5: mint rights ===
    Antimatter.setApprovedMinter(V2) - VERIFIED by read-back
    phUSD.setMinter(V2) - VERIFIED via phUSDMintAvailable()
    phUSD.setMinter(Antimatter) - VERIFIED at current mintVersion
    phUSD minter delta OK (live mask / V1 revoked): 511 false
  
=== Phase 6: V1 -> V2 migration ===
    CrossVersionMigrator deployed at: 0xA6d3fc83C91B8319D219cEB12B46e3dfF064B58F
    progress file updated: in_progress
    -- migrating pool 0x865377367054516e17014CcdED1e7d814EDC9ce4 DOLA
    relinquished V1 principal surplus (token / surplus): 0x865377367054516e17014CcdED1e7d814EDC9ce4 26898455742910213445
    V1 initiateMigration (token / R realized / P snapshot): 0x865377367054516e17014CcdED1e7d814EDC9ce4 1222669637024202235699 1222727602453502485450
    plan (token / migratable / zero-credit): 0x865377367054516e17014CcdED1e7d814EDC9ce4 9 0
    plan stragglers (count / principal total): 0 0
    migrated (token / users / batches): 0x865377367054516e17014CcdED1e7d814EDC9ce4 9 1
    exit realization (token / R realized / P snapshot): 0x865377367054516e17014CcdED1e7d814EDC9ce4 1222669637024202235699 1222727602453502485450
      exit bound bps (source) / per-user bound bps / V2 totalStaked: 5 10 1222669637024202235683
    post-migration OK (token / V2 totalStaked / V2 stakers): 0x865377367054516e17014CcdED1e7d814EDC9ce4 1222669637024202235683 9
    -- migrating pool 0xA0b86991c6218b36c1d19D4a2e9Eb0cE3606eB48 USDC
    relinquished V1 principal surplus (token / surplus): 0xA0b86991c6218b36c1d19D4a2e9Eb0cE3606eB48 27043385
    V1 initiateMigration (token / R realized / P snapshot): 0xA0b86991c6218b36c1d19D4a2e9Eb0cE3606eB48 1966408583 1966476179
    plan (token / migratable / zero-credit): 0xA0b86991c6218b36c1d19D4a2e9Eb0cE3606eB48 13 0
    plan stragglers (count / principal total): 0 0
    migrated (token / users / batches): 0xA0b86991c6218b36c1d19D4a2e9Eb0cE3606eB48 13 1
    exit realization (token / R realized / P snapshot): 0xA0b86991c6218b36c1d19D4a2e9Eb0cE3606eB48 1966408583 1966476179
      exit bound bps (source) / per-user bound bps / V2 totalStaked: 5 5 1966340967
    post-migration OK (token / V2 totalStaked / V2 stakers): 0xA0b86991c6218b36c1d19D4a2e9Eb0cE3606eB48 1966340967 13
    -- migrating pool 0x4c9EDD5852cd905f086C759E8383e09bff1E68B3 USDe
    market exit pre-quote (shares / quote / minOut): 2056058198922008582548 2564786527593716315468 2559115019003799999999
    V1 initiateMigration (token / R realized / P snapshot): 0x4c9EDD5852cd905f086C759E8383e09bff1E68B3 2564786527593716315469 2566815465400000000000
    plan (token / migratable / zero-credit): 0x4c9EDD5852cd905f086C759E8383e09bff1E68B3 7 0
    plan stragglers (count / principal total): 0 0
    migrated (token / users / batches): 0x4c9EDD5852cd905f086C759E8383e09bff1E68B3 7 1
    exit realization (token / R realized / P snapshot): 0x4c9EDD5852cd905f086C759E8383e09bff1E68B3 2564786527593716315469 2566815465400000000000
      exit bound bps (source) / per-user bound bps / V2 totalStaked: 61 61 2557092168010935166516
    post-migration OK (token / V2 totalStaked / V2 stakers): 0x4c9EDD5852cd905f086C759E8383e09bff1E68B3 2557092168010935166516 7
  
=== Phase 6b: minter DOLA collateral -> sDOLA strategy, SYA repoint, retire autoDOLA strategy (story 092) ===
    progress file updated: in_progress
    recorded minter DOLA config (exchangeRate / decimals / maxMintPerDay): 1000000000000000000 18 4000000000000000000000
    recorded minter DOLA enabled: true
    minter DOLA minting disabled for the collateral move
    progress file updated: in_progress
    execute: minter principal P / OWNER DOLA before: 14594562039048160037533 0
    progress file updated: in_progress
    executed: R (DOLA delivered to OWNER) / P: 14633137717790185615971 14594562039048160037533
    progress file updated: in_progress
    re-seeded (R / minter principal on sDOLA strategy): 14633137717790185615971 14633137717790185615970
    registerStablecoin(DOLA, sDOLA strategy, previous rate, previous decimals)
    minter DOLA -> sDOLA strategy; maxMintPerDay restored: 4000000000000000000000
    SYA: +sDOLA strategy, -autoDOLA strategy; autoDOLA withdrawer revoked
    autoDOLA strategy residual vault shares (expect dust): 0
    autoDOLA strategy retired: no clients, pauser OWNER, unregistered from Pauser, paused
  
=== Phase 7: finalize ===
    setAsideBufferRecipient -> V2 on strategy: 0x55BcE9b12953d6a8468c57a811E6642289A99764
    setAsideBufferRecipient -> V2 on strategy: 0xaFDf8DeA96a0F37Aae4869f813901bf73a3eAB83
    phUSD.setMinter(V1, false) - retired staker's mint authority REVOKED
    V1 already unregistered from Pauser - skipped
    V1 already paused - pause step skipped
    V1 pauser -> OWNER, unregistered from Pauser, left paused; V2 unpaused THEN registered; Antimatter registered
  
=== Phase 8: wiring assertions ===
    phUSD minter delta OK (live mask / V1 revoked): 510 true
    pool OK (token / V2 stakers / V1 stragglers): 0x865377367054516e17014CcdED1e7d814EDC9ce4 9 0
    pool OK (token / V2 stakers / V1 stragglers): 0xA0b86991c6218b36c1d19D4a2e9Eb0cE3606eB48 13 0
    pool OK (token / V2 stakers / V1 stragglers): 0x4c9EDD5852cd905f086C759E8383e09bff1E68B3 7 0
    Pauser registrant sweep OK (every registrant unpaused, pauser == Pauser): 27
    all wiring assertions passed
    progress file updated: completed
  
  =================================================
          STABLESTAKER V2 CUTOVER SUMMARY
  =================================================
  Antimatter:            0xA025801D81aCFd9E35Bfb05346116e5A3fBAa79F
  StableStakerV2:        0x8B9482a3ff055d24183B40Dd8BB70fFe3edD4c83
  CrossVersionMigrator:  0xA6d3fc83C91B8319D219cEB12B46e3dfF064B58F (transient, no address-book key)
  sDOLA strategy:        0x55BcE9b12953d6a8468c57a811E6642289A99764 (V2 DOLA destination + minter DOLA collateral; patched into YieldStrategyDola)
  Mode:                  BROADCAST

SKIPPING ON CHAIN SIMULATION.


==========================

ONCHAIN EXECUTION COMPLETE & SUCCESSFUL.

Transactions saved to: /home/justin/code/audits/phoenix-phase-2-staging/work/broadcast/CutoverStableStakerV2Mainnet.s.sol/1/run-latest.json

Sensitive values saved to: /home/justin/code/audits/phoenix-phase-2-staging/work/cache/CutoverStableStakerV2Mainnet.s.sol/1/run-latest.json

