No files changed, compilation skipped
Traces:
  [1951572] → new InitiateDolaStrategyWithdrawal@0x5b73C5498c1E3b4dbA84de0F1833c4a029d90519
    └─ ← [Return] 9637 bytes of code

  [18051] InitiateDolaStrategyWithdrawal::run()
    ├─ [0] VM::envOr("PREVIEW_MODE", false) [staticcall]
    │   └─ ← [Return] <env var value>
    ├─ [0] console::log("=========================================") [staticcall]
    │   └─ ← [Stop]
    ├─ [0] console::log("  story 090: INITIATE DOLA strategy totalWithdrawal (clock only)") [staticcall]
    │   └─ ← [Stop]
    ├─ [0] console::log("=========================================") [staticcall]
    │   └─ ← [Stop]
    ├─ [0] console::log("strategy:", 0x1760E05356Ec1FBBA159C730781dCfB9920524e2) [staticcall]
    │   └─ ← [Stop]
    ├─ [0] console::log("token:   ", 0x865377367054516e17014CcdED1e7d814EDC9ce4) [staticcall]
    │   └─ ← [Stop]
    ├─ [0] console::log("client:  ", 0x94855ACA13952D81507C92D3CdBb2e25D3bbE60C) [staticcall]
    │   └─ ← [Stop]
    ├─ [0] console::log("mode:    ", "PREVIEW (OWNER prank, nothing signed)") [staticcall]
    │   └─ ← [Stop]
    ├─ [2889] 0x1760E05356Ec1FBBA159C730781dCfB9920524e2::owner() [staticcall]
    │   └─ ← [Return] 0xCad1a7864a108DBFF67F4b8af71fAB0C7A86D0B6
    ├─ [237] 0x1760E05356Ec1FBBA159C730781dCfB9920524e2::underlyingToken() [staticcall]
    │   └─ ← [Return] 0x865377367054516e17014CcdED1e7d814EDC9ce4
    ├─ [625] 0x1760E05356Ec1FBBA159C730781dCfB9920524e2::paused() [staticcall]
    │   └─ ← [Return] true
    └─ ← [Revert] preflight: strategy is paused (totalWithdrawal is whenNotPaused)



== Logs ==
  =========================================
    story 090: INITIATE DOLA strategy totalWithdrawal (clock only)
  =========================================
  strategy: 0x1760E05356Ec1FBBA159C730781dCfB9920524e2
  token:    0x865377367054516e17014CcdED1e7d814EDC9ce4
  client:   0x94855ACA13952D81507C92D3CdBb2e25D3bbE60C
  mode:     PREVIEW (OWNER prank, nothing signed)
Error: script failed: preflight: strategy is paused (totalWithdrawal is whenNotPaused)
