No files changed, compilation skipped
Script ran successfully.

== Logs ==
  =================================================
    MAINNET STABLESTAKER V1 -> V2 CUTOVER (story 082)
  =================================================
  Found progress file, loading: server/deployments/progress.stable-staker-v2-cutover.1.json
    loaded Antimatter 0xA025801D81aCFd9E35Bfb05346116e5A3fBAa79F
    loaded StableStakerV2 0x8B9482a3ff055d24183B40Dd8BB70fFe3edD4c83
    loaded CrossVersionMigrator 0xA6d3fc83C91B8319D219cEB12B46e3dfF064B58F
    loaded ERC4626YieldStrategySDOLA 0x55BcE9b12953d6a8468c57a811E6642289A99764
  
=== Phase 0: preconditions ===
    autoDOLA source strategy retirement started (no clients) - pause/registration checks skipped
    token: 0x865377367054516e17014CcdED1e7d814EDC9ce4 DOLA
      V1 poolState / stakerCount / totalStaked: 1 0 0
      strategy / principalOf(V1): 0x1760E05356Ec1FBBA159C730781dCfB9920524e2 0
      V1 phusdPerSecond / C (phUSD per day): 10850694444444 937499999999961600
      setAsideBufferSize(V1) %: 10
      setAsideBufferRecipient: 0xbce8ABC09BaEDCabE93419bF875f6186e182079A
      V1 idle token balance (buffer, stays on V1): 6997032072106485776
      PhusdStableMinter registration: strategy 0x55BcE9b12953d6a8468c57a811E6642289A99764
    token: 0xA0b86991c6218b36c1d19D4a2e9Eb0cE3606eB48 USDC
      V1 poolState / stakerCount / totalStaked: 1 0 0
      strategy / principalOf(V1): 0xaFDf8DeA96a0F37Aae4869f813901bf73a3eAB83 0
      V1 phusdPerSecond / C (phUSD per day): 15190972222221 1312499999999894400
      setAsideBufferSize(V1) %: 10
      setAsideBufferRecipient: 0x8B9482a3ff055d24183B40Dd8BB70fFe3edD4c83
      V1 idle token balance (buffer, stays on V1): 10430704
      PhusdStableMinter registration: strategy 0xaFDf8DeA96a0F37Aae4869f813901bf73a3eAB83
    token: 0x4c9EDD5852cd905f086C759E8383e09bff1E68B3 USDe
      V1 poolState / stakerCount / totalStaked: 1 0 0
      strategy / principalOf(V1): 0xaC2e5936Eca286eC364d4D5Bcca33145fBe57f95 0
      V1 phusdPerSecond / C (phUSD per day): 21701388888888 1874999999999923200
      setAsideBufferSize(V1) %: 25
      setAsideBufferRecipient: NONE (pre-story-047 strategy: buffer is paid to each client)
      V1 idle token balance (buffer, stays on V1): 49845539781409382104
      PhusdStableMinter registration: strategy 0xaC2e5936Eca286eC364d4D5Bcca33145fBe57f95
    V1 phUSD mint authorized: false
    phUSD minter baseline (from progress file) mask / mintVersion: 511 0
    minter DOLA withdrawal already executed (autoDOLA principal 0) - window preflight skipped
  GLOBAL_PAUSE|phase0|SUCCEEDED|registered=27
    ETH_BUDGET|gasBudget / gasPriceWei / requiredWei: 22000000 300000000 7920000000000000
    ETH_BUDGET|SHORTFALL|OWNER balance / shortfall wei (TOP UP BEFORE :broadcast): 1025437594769664 6894562405230336
  
  *** PREVIEW MODE - impersonating OWNER, nothing signed, nothing broadcast ***
  *** Progress file is READ if present, NEVER written ***
  
=== Phase 1: retire V1 (pauser OWNER, unregister, pause) ===
    cutover already finalized (V2 pauser == Pauser) - V1 retirement skipped (Phase 7/8 assert it)
  GLOBAL_PAUSE|after-phase1|SUCCEEDED|registered=27
  
=== Phase 2: Antimatter ===
    Antimatter loaded from progress file: 0xA025801D81aCFd9E35Bfb05346116e5A3fBAa79F
    Antimatter wired to phUSD + PhusdStableMinter (read back)
  GLOBAL_PAUSE|after-phase2|SUCCEEDED|registered=27
  
=== Phase 3: StableStakerV2 ===
    StableStakerV2 loaded from progress file: 0x8B9482a3ff055d24183B40Dd8BB70fFe3edD4c83
    V2 already finalized (pauser == Pauser) - pause step skipped
  GLOBAL_PAUSE|after-phase3|SUCCEEDED|registered=27
  
=== Phase 3b: sDOLA destination strategy (story 091) ===
    sDOLA strategy loaded from progress file: 0x55BcE9b12953d6a8468c57a811E6642289A99764
    sDOLA maxDeposit(strategy) / V1 DOLA principal: 115792089237316195423570985008687907853269984665640564039457584007913129639935 0
    sDOLA strategy: pauser Pauser, registered, SYA withdrawer (minter client is story 092)
  GLOBAL_PAUSE|after-phase3b|SUCCEEDED|registered=27
  
=== Phase 4: V2 pools (from V1 live config) ===
    -- pool 0x865377367054516e17014CcdED1e7d814EDC9ce4 DOLA
      C (V1 phUSD/day) / Antimatter/day (2.1x): 937499999999961600 1968749999999919360
      antimatterPerSecond / setAsideBuffer %: 22786458333332 10
    -- pool 0xA0b86991c6218b36c1d19D4a2e9Eb0cE3606eB48 USDC
      C (V1 phUSD/day) / Antimatter/day (2.1x): 1312499999999894400 2756249999999778240
      antimatterPerSecond / setAsideBuffer %: 31901041666664 10
    -- pool 0x4c9EDD5852cd905f086C759E8383e09bff1E68B3 USDe
      C (V1 phUSD/day) / Antimatter/day (2.1x): 1874999999999923200 3937499999999838720
      antimatterPerSecond / setAsideBuffer %: 45572916666664 25
  GLOBAL_PAUSE|after-phase4|SUCCEEDED|registered=27
  
=== Phase 5: mint rights ===
    Antimatter.setApprovedMinter(V2) - VERIFIED by read-back
    phUSD.setMinter(V2) - VERIFIED via phUSDMintAvailable()
    phUSD.setMinter(Antimatter) - VERIFIED at current mintVersion
    phUSD minter delta OK (live mask / V1 revoked): 510 true
  GLOBAL_PAUSE|after-phase5|SUCCEEDED|registered=27
  
=== Phase 6: V1 -> V2 migration ===
    CrossVersionMigrator loaded from progress file: 0xA6d3fc83C91B8319D219cEB12B46e3dfF064B58F
    -- migrating pool 0x865377367054516e17014CcdED1e7d814EDC9ce4 DOLA
    V1 pool already Migrating - initiate skipped (token / R / P): 0x865377367054516e17014CcdED1e7d814EDC9ce4 1222669637024202235700 1222727602453502485450
    plan (token / migratable / zero-credit): 0x865377367054516e17014CcdED1e7d814EDC9ce4 0 0
    plan stragglers (count / principal total): 0 0
    migrated (token / users / batches): 0x865377367054516e17014CcdED1e7d814EDC9ce4 0 0
    exit realization (token / R realized / P snapshot): 0x865377367054516e17014CcdED1e7d814EDC9ce4 1222669637024202235700 1222727602453502485450
      exit bound bps (source) / per-user bound bps / V2 totalStaked: 5 10 1222669637024202235682
    post-migration OK (token / V2 totalStaked / V2 stakers): 0x865377367054516e17014CcdED1e7d814EDC9ce4 1222669637024202235682 9
    -- migrating pool 0xA0b86991c6218b36c1d19D4a2e9Eb0cE3606eB48 USDC
    V1 pool already Migrating - initiate skipped (token / R / P): 0xA0b86991c6218b36c1d19D4a2e9Eb0cE3606eB48 1966408583 1966476179
    plan (token / migratable / zero-credit): 0xA0b86991c6218b36c1d19D4a2e9Eb0cE3606eB48 0 0
    plan stragglers (count / principal total): 0 0
    migrated (token / users / batches): 0xA0b86991c6218b36c1d19D4a2e9Eb0cE3606eB48 0 0
    exit realization (token / R realized / P snapshot): 0xA0b86991c6218b36c1d19D4a2e9Eb0cE3606eB48 1966408583 1966476179
      exit bound bps (source) / per-user bound bps / V2 totalStaked: 5 5 1966340967
    post-migration OK (token / V2 totalStaked / V2 stakers): 0xA0b86991c6218b36c1d19D4a2e9Eb0cE3606eB48 1966340967 13
    -- migrating pool 0x4c9EDD5852cd905f086C759E8383e09bff1E68B3 USDe
    V1 pool already Migrating - initiate skipped (token / R / P): 0x4c9EDD5852cd905f086C759E8383e09bff1E68B3 2564786523033788843133 2566815465400000000000
    plan (token / migratable / zero-credit): 0x4c9EDD5852cd905f086C759E8383e09bff1E68B3 0 0
    plan stragglers (count / principal total): 0 0
    migrated (token / users / batches): 0x4c9EDD5852cd905f086C759E8383e09bff1E68B3 0 0
    exit realization (token / R realized / P snapshot): 0x4c9EDD5852cd905f086C759E8383e09bff1E68B3 2564786523033788843133 2566815465400000000000
      exit bound bps (source) / per-user bound bps / V2 totalStaked: 61 61 2557092163464687476597
    post-migration OK (token / V2 totalStaked / V2 stakers): 0x4c9EDD5852cd905f086C759E8383e09bff1E68B3 2557092163464687476597 7
  GLOBAL_PAUSE|after-phase6|SUCCEEDED|registered=27
  
=== Phase 6b: minter DOLA collateral -> sDOLA strategy, SYA repoint, retire autoDOLA strategy (story 092) ===
    minter DOLA already repointed - disable step skipped
    minter DOLA withdrawal already executed - skipped
    minter collateral already re-seeded into the sDOLA strategy - skipped
    minter DOLA -> sDOLA strategy; maxMintPerDay restored: 4000000000000000000000
    SYA: +sDOLA strategy, -autoDOLA strategy; autoDOLA withdrawer revoked
    autoDOLA strategy residual vault shares (expect dust): 0
    autoDOLA strategy retired: no clients, pauser OWNER, unregistered from Pauser, paused
  GLOBAL_PAUSE|after-phase6b|SUCCEEDED|registered=27
  
=== Phase 7: finalize ===
    V1 phUSD mint already revoked - skipped
    V1 already unregistered from Pauser - skipped
    V1 already paused - pause step skipped
    V1 pauser -> OWNER, unregistered from Pauser, left paused; V2 unpaused THEN registered; Antimatter registered
  GLOBAL_PAUSE|after-phase7|SUCCEEDED|registered=27
  
=== Phase 8: wiring assertions ===
    phUSD minter delta OK (live mask / V1 revoked): 510 true
    pool OK (token / V2 stakers / V1 stragglers): 0x865377367054516e17014CcdED1e7d814EDC9ce4 9 0
    pool OK (token / V2 stakers / V1 stragglers): 0xA0b86991c6218b36c1d19D4a2e9Eb0cE3606eB48 13 0
    pool OK (token / V2 stakers / V1 stragglers): 0x4c9EDD5852cd905f086C759E8383e09bff1E68B3 7 0
    Pauser registrant sweep OK (every registrant unpaused, pauser == Pauser): 27
    all wiring assertions passed
  
  PREVIEW: progress file NOT written (by design).
  GLOBAL_PAUSE|after-phase8|SUCCEEDED|registered=27
  
=== Preview smoke tests ===
    Antimatter: throwaway approved -> minted -> revoked -> mint REVERTS
    Antimatter: V2 revoked -> mint REVERTS -> V2 re-approved
    V2 stake/withdraw OK (token / credited / returned): 0x865377367054516e17014CcdED1e7d814EDC9ce4 99999999999999999999 99999999999999999997
    V2 stake/withdraw OK (token / credited / returned): 0xA0b86991c6218b36c1d19D4a2e9Eb0cE3606eB48 99996562 99993124
    V2 stake/withdraw OK (token / credited / returned): 0x4c9EDD5852cd905f086C759E8383e09bff1E68B3 99700000000000000000 99627833098823262762
    autoAnnihilate OK (Antimatter owed / phUSD paid): 6151105306996000 12302210613992000
    all smoke tests passed
  
  =================================================
          STABLESTAKER V2 CUTOVER SUMMARY
  =================================================
  Antimatter:            0xA025801D81aCFd9E35Bfb05346116e5A3fBAa79F
  StableStakerV2:        0x8B9482a3ff055d24183B40Dd8BB70fFe3edD4c83
  CrossVersionMigrator:  0xA6d3fc83C91B8319D219cEB12B46e3dfF064B58F (transient, no address-book key)
  sDOLA strategy:        0x55BcE9b12953d6a8468c57a811E6642289A99764 (V2 DOLA destination + minter DOLA collateral; patched into YieldStrategyDola)
  Mode:                  PREVIEW
