⇾ Reading the configuration file at: medusa.json
⇾ Compiling targets with crytic-compile
⇾ Running command:
/home/justin/.local/bin/crytic-compile . --export-format solc --foundry-compile-all
⇾ Finished compiling targets in 7s
⇾ artifacts: Medusa is running against a new set of build artifacts
⇾ No Slither cached results found at slither_results.json
⇾ Running Slither:
/home/justin/.local/bin/slither . --ignore-compile --print echidna --json -
warn Failed to run slither
‣ exit status 1
⇾ Setting up test chain
⇾ Finished setting up test chain
⇾ Creating corpus...
⇾ Fuzzing with 6 workers
⇾ [NOT STARTED] Assertion Test: MedusaCVM.destStrat()
⇾ [NOT STARTED] Assertion Test: MedusaCVM.ghost_donated()
⇾ [NOT STARTED] Assertion Test: MedusaCVM.mig()
⇾ [NOT STARTED] Assertion Test: MedusaCVM.totalR()
⇾ [NOT STARTED] Assertion Test: MedusaCVM.users(uint256)
⇾ [NOT STARTED] Assertion Test: MedusaCVM.warpTime(uint256)
⇾ [NOT STARTED] Assertion Test: MedusaCVM.R()
⇾ [NOT STARTED] Assertion Test: MedusaCVM.donateToMigrator(uint256)
⇾ [NOT STARTED] Assertion Test: MedusaCVM.ghost_creditsPaid()
⇾ [NOT STARTED] Assertion Test: MedusaCVM.lastAccruedAt()
⇾ [NOT STARTED] Assertion Test: MedusaCVM.stakeDai(uint256,uint256)
⇾ [NOT STARTED] Assertion Test: MedusaCVM.P()
⇾ [NOT STARTED] Assertion Test: MedusaCVM.emissionBudget()
⇾ [NOT STARTED] Assertion Test: MedusaCVM.phUSD()
⇾ [NOT STARTED] Assertion Test: MedusaCVM.setDestSlippage(uint256)
⇾ [NOT STARTED] Assertion Test: MedusaCVM.t0()
⇾ [NOT STARTED] Assertion Test: MedusaCVM.ghost_revivals()
⇾ fuzz: elapsed:       0s, calls:          0 (     0/sec), seq/s:      0, branches:   1814, corpus:     0, failures: 0/0, gas/s:            0
⇾ [NOT STARTED] Assertion Test: MedusaCVM.newS()
⇾ [NOT STARTED] Assertion Test: MedusaCVM.oldS()
⇾ [NOT STARTED] Assertion Test: MedusaCVM.allUsers(uint256)
⇾ [NOT STARTED] Assertion Test: MedusaCVM.epoch()
⇾ [NOT STARTED] Assertion Test: MedusaCVM.migrateBatch(uint256,uint256)
⇾ [NOT STARTED] Assertion Test: MedusaCVM.usdc()
⇾ [NOT STARTED] Assertion Test: MedusaCVM.ghost_dustRescued()
⇾ [NOT STARTED] Assertion Test: MedusaCVM.restartEpoch(uint256)
⇾ [NOT STARTED] Assertion Test: MedusaCVM.selfMigrate(uint256)
⇾ [NOT STARTED] Assertion Test: MedusaCVM.srcStrat()
⇾ [NOT STARTED] Assertion Test: MedusaCVM.setUpBudget()
⇾ [NOT STARTED] Assertion Test: MedusaCVM.ghost_migrateCalls()
⇾ [NOT STARTED] Assertion Test: MedusaCVM.claimReward(uint256,bool)
⇾ [NOT STARTED] Assertion Test: MedusaCVM.epochCreditsPaid()
⇾ [NOT STARTED] Assertion Test: MedusaCVM.ghost_selfMigrated()
⇾ [NOT STARTED] Assertion Test: MedusaCVM.dai()
⇾ [NOT STARTED] Assertion Test: MedusaCVM.ghost_totalMigrated()
⇾ [NOT STARTED] Assertion Test: MedusaCVM.snapCredit(address)
⇾ fuzz: elapsed:       3s, calls:       8265 (  2754/sec), seq/s:     26, branches:   2799, corpus:    22, failures: 0/79, gas/s:   1492092290
⇾ fuzz: elapsed:       6s, calls:      17305 (  3011/sec), seq/s:     30, branches:   2886, corpus:    32, failures: 0/170, gas/s:   1585355119
⇾ fuzz: elapsed:       9s, calls:      25827 (  2839/sec), seq/s:     28, branches:   2978, corpus:    39, failures: 0/255, gas/s:   1521388118
⇾ fuzz: elapsed:      12s, calls:      32425 (  2199/sec), seq/s:     21, branches:   2978, corpus:    39, failures: 0/320, gas/s:   1172753886
⇾ fuzz: elapsed:      15s, calls:      39120 (  2230/sec), seq/s:     22, branches:   2978, corpus:    39, failures: 0/389, gas/s:   1204808686
⇾ fuzz: elapsed:      18s, calls:      46036 (  2304/sec), seq/s:     22, branches:   3015, corpus:    43, failures: 0/457, gas/s:   1240407171
⇾ fuzz: elapsed:      21s, calls:      53096 (  2352/sec), seq/s:     23, branches:   3027, corpus:    45, failures: 0/529, gas/s:   1247321263
⇾ fuzz: elapsed:      24s, calls:      60238 (  2379/sec), seq/s:     23, branches:   3051, corpus:    47, failures: 0/600, gas/s:   1267165711
⇾ fuzz: elapsed:      27s, calls:      66892 (  2216/sec), seq/s:     21, branches:   3082, corpus:    49, failures: 0/666, gas/s:   1196853810
⇾ fuzz: elapsed:      30s, calls:      74066 (  2391/sec), seq/s:     23, branches:   3082, corpus:    49, failures: 0/737, gas/s:   1258630370
⇾ fuzz: elapsed:      33s, calls:      81254 (  2395/sec), seq/s:     23, branches:   3088, corpus:    50, failures: 0/809, gas/s:   1276983108
⇾ fuzz: elapsed:      36s, calls:      88416 (  2386/sec), seq/s:     23, branches:   3088, corpus:    50, failures: 0/880, gas/s:   1292409370
⇾ fuzz: elapsed:      39s, calls:      95181 (  2254/sec), seq/s:     22, branches:   3088, corpus:    50, failures: 0/948, gas/s:   1203891218
⇾ fuzz: elapsed:      42s, calls:     102379 (  2397/sec), seq/s:     23, branches:   3093, corpus:    51, failures: 0/1020, gas/s:   1298179871
⇾ fuzz: elapsed:      45s, calls:     109543 (  2387/sec), seq/s:     23, branches:   3099, corpus:    52, failures: 0/1091, gas/s:   1301371143
⇾ fuzz: elapsed:      48s, calls:     116908 (  2445/sec), seq/s:     24, branches:   3099, corpus:    52, failures: 0/1165, gas/s:   1298103902
⇾ fuzz: elapsed:      51s, calls:     123660 (  2249/sec), seq/s:     22, branches:   3112, corpus:    54, failures: 0/1234, gas/s:   1236012399
⇾ fuzz: elapsed:      54s, calls:     130849 (  2395/sec), seq/s:     23, branches:   3112, corpus:    54, failures: 0/1305, gas/s:   1263600489
⇾ fuzz: elapsed:      57s, calls:     137950 (  2365/sec), seq/s:     23, branches:   3112, corpus:    54, failures: 0/1376, gas/s:   1288180003
⇾ fuzz: elapsed:    1m00s, calls:     144817 (  2288/sec), seq/s:     22, branches:   3112, corpus:    54, failures: 0/1445, gas/s:   1289658472
⇾ fuzz: elapsed:    1m03s, calls:     151736 (  2305/sec), seq/s:     22, branches:   3118, corpus:    55, failures: 0/1514, gas/s:   1301489551
⇾ fuzz: elapsed:    1m06s, calls:     158606 (  2289/sec), seq/s:     22, branches:   3118, corpus:    55, failures: 0/1583, gas/s:   1262729644
⇾ fuzz: elapsed:    1m09s, calls:     165442 (  2278/sec), seq/s:     22, branches:   3118, corpus:    55, failures: 0/1652, gas/s:   1286625728
⇾ fuzz: elapsed:    1m12s, calls:     173023 (  2525/sec), seq/s:     24, branches:   3124, corpus:    56, failures: 0/1726, gas/s:   1330284569
⇾ fuzz: elapsed:    1m15s, calls:     180330 (  2432/sec), seq/s:     24, branches:   3124, corpus:    56, failures: 0/1799, gas/s:   1317041197
⇾ fuzz: elapsed:    1m18s, calls:     187405 (  2356/sec), seq/s:     23, branches:   3124, corpus:    56, failures: 0/1870, gas/s:   1284575954
⇾ fuzz: elapsed:    1m21s, calls:     194567 (  2386/sec), seq/s:     24, branches:   3124, corpus:    56, failures: 0/1943, gas/s:   1315666147
⇾ fuzz: elapsed:    1m24s, calls:     201811 (  2412/sec), seq/s:     23, branches:   3124, corpus:    56, failures: 0/2015, gas/s:   1327579535
⇾ fuzz: elapsed:    1m27s, calls:     208986 (  2391/sec), seq/s:     23, branches:   3124, corpus:    56, failures: 0/2087, gas/s:   1305037466
⇾ fuzz: elapsed:    1m30s, calls:     215971 (  2327/sec), seq/s:     23, branches:   3124, corpus:    56, failures: 0/2157, gas/s:   1274923844
⇾ fuzz: elapsed:    1m33s, calls:     223390 (  2471/sec), seq/s:     24, branches:   3124, corpus:    56, failures: 0/2230, gas/s:   1317747982
⇾ fuzz: elapsed:    1m36s, calls:     230574 (  2394/sec), seq/s:     23, branches:   3124, corpus:    56, failures: 0/2302, gas/s:   1333410819
⇾ fuzz: elapsed:    1m39s, calls:     237961 (  2461/sec), seq/s:     24, branches:   3124, corpus:    56, failures: 0/2377, gas/s:   1360438628
⇾ fuzz: elapsed:    1m42s, calls:     245384 (  2474/sec), seq/s:     24, branches:   3124, corpus:    56, failures: 0/2451, gas/s:   1323606135
⇾ fuzz: elapsed:    1m45s, calls:     252818 (  2477/sec), seq/s:     24, branches:   3124, corpus:    56, failures: 0/2526, gas/s:   1337897423
⇾ fuzz: elapsed:    1m48s, calls:     260561 (  2579/sec), seq/s:     25, branches:   3124, corpus:    56, failures: 0/2603, gas/s:   1355194177
⇾ fuzz: elapsed:    1m51s, calls:     268113 (  2516/sec), seq/s:     24, branches:   3124, corpus:    56, failures: 0/2678, gas/s:   1373023175
⇾ fuzz: elapsed:    1m54s, calls:     275313 (  2399/sec), seq/s:     23, branches:   3124, corpus:    56, failures: 0/2750, gas/s:   1323976027
⇾ fuzz: elapsed:    1m57s, calls:     282676 (  2452/sec), seq/s:     24, branches:   3124, corpus:    56, failures: 0/2823, gas/s:   1318169980
⇾ fuzz: elapsed:    2m00s, calls:     290566 (  2629/sec), seq/s:     26, branches:   3124, corpus:    56, failures: 0/2903, gas/s:   1375476971
⇾ fuzz: elapsed:    2m03s, calls:     298255 (  2562/sec), seq/s:     24, branches:   3124, corpus:    56, failures: 0/2978, gas/s:   1370711120
⇾ fuzz: elapsed:    2m06s, calls:     305804 (  2515/sec), seq/s:     25, branches:   3124, corpus:    56, failures: 0/3054, gas/s:   1352029582
⇾ fuzz: elapsed:    2m09s, calls:     313358 (  2517/sec), seq/s:     25, branches:   3124, corpus:    56, failures: 0/3131, gas/s:   1334637137
⇾ fuzz: elapsed:    2m12s, calls:     321024 (  2555/sec), seq/s:     25, branches:   3124, corpus:    56, failures: 0/3207, gas/s:   1386693713
⇾ fuzz: elapsed:    2m15s, calls:     328479 (  2484/sec), seq/s:     24, branches:   3124, corpus:    56, failures: 0/3282, gas/s:   1383878353
⇾ fuzz: elapsed:    2m18s, calls:     336121 (  2546/sec), seq/s:     25, branches:   3124, corpus:    56, failures: 0/3358, gas/s:   1369728738
⇾ fuzz: elapsed:    2m21s, calls:     343773 (  2550/sec), seq/s:     25, branches:   3124, corpus:    56, failures: 0/3434, gas/s:   1361025851
⇾ fuzz: elapsed:    2m24s, calls:     351323 (  2514/sec), seq/s:     25, branches:   3124, corpus:    56, failures: 0/3510, gas/s:   1396113955
⇾ fuzz: elapsed:    2m27s, calls:     359100 (  2592/sec), seq/s:     25, branches:   3124, corpus:    56, failures: 0/3588, gas/s:   1393917748
⇾ fuzz: elapsed:    2m30s, calls:     366616 (  2505/sec), seq/s:     24, branches:   3129, corpus:    57, failures: 0/3663, gas/s:   1370184532
⇾ fuzz: elapsed:    2m33s, calls:     374015 (  2466/sec), seq/s:     24, branches:   3129, corpus:    57, failures: 0/3737, gas/s:   1327928708
⇾ fuzz: elapsed:    2m36s, calls:     381948 (  2643/sec), seq/s:     26, branches:   3129, corpus:    57, failures: 0/3816, gas/s:   1387987726
⇾ fuzz: elapsed:    2m39s, calls:     389768 (  2605/sec), seq/s:     25, branches:   3129, corpus:    57, failures: 0/3894, gas/s:   1406036096
⇾ fuzz: elapsed:    2m42s, calls:     397594 (  2607/sec), seq/s:     26, branches:   3129, corpus:    57, failures: 0/3973, gas/s:   1415271678
⇾ fuzz: elapsed:    2m45s, calls:     405469 (  2624/sec), seq/s:     26, branches:   3129, corpus:    57, failures: 0/4052, gas/s:   1422952987
⇾ fuzz: elapsed:    2m48s, calls:     413353 (  2626/sec), seq/s:     25, branches:   3129, corpus:    57, failures: 0/4130, gas/s:   1466475318
⇾ fuzz: elapsed:    2m51s, calls:     420771 (  2472/sec), seq/s:     24, branches:   3129, corpus:    57, failures: 0/4204, gas/s:   1401304220
⇾ fuzz: elapsed:    2m54s, calls:     428116 (  2446/sec), seq/s:     24, branches:   3129, corpus:    57, failures: 0/4278, gas/s:   1360761618
⇾ fuzz: elapsed:    2m57s, calls:     435700 (  2527/sec), seq/s:     24, branches:   3129, corpus:    57, failures: 0/4353, gas/s:   1379312748
⇾ fuzz: elapsed:    3m00s, calls:     443397 (  2565/sec), seq/s:     25, branches:   3129, corpus:    57, failures: 0/4431, gas/s:   1422629990
⇾ fuzz: elapsed:    3m03s, calls:     451113 (  2571/sec), seq/s:     25, branches:   3129, corpus:    57, failures: 0/4508, gas/s:   1428601953
⇾ fuzz: elapsed:    3m06s, calls:     458922 (  2602/sec), seq/s:     25, branches:   3129, corpus:    57, failures: 0/4585, gas/s:   1395063960
⇾ fuzz: elapsed:    3m09s, calls:     466253 (  2441/sec), seq/s:     24, branches:   3129, corpus:    57, failures: 0/4659, gas/s:   1342612885
⇾ fuzz: elapsed:    3m12s, calls:     474180 (  2641/sec), seq/s:     26, branches:   3129, corpus:    57, failures: 0/4739, gas/s:   1434726889
⇾ fuzz: elapsed:    3m15s, calls:     482330 (  2716/sec), seq/s:     26, branches:   3129, corpus:    57, failures: 0/4820, gas/s:   1470444967
⇾ fuzz: elapsed:    3m18s, calls:     490334 (  2666/sec), seq/s:     26, branches:   3129, corpus:    57, failures: 0/4899, gas/s:   1431361817
⇾ fuzz: elapsed:    3m21s, calls:     498016 (  2560/sec), seq/s:     25, branches:   3129, corpus:    57, failures: 0/4977, gas/s:   1441906961
⇾ fuzz: elapsed:    3m24s, calls:     506110 (  2697/sec), seq/s:     26, branches:   3129, corpus:    57, failures: 0/5058, gas/s:   1515035953
⇾ fuzz: elapsed:    3m27s, calls:     514497 (  2795/sec), seq/s:     28, branches:   3129, corpus:    57, failures: 0/5143, gas/s:   1512266568
⇾ fuzz: elapsed:    3m30s, calls:     522456 (  2652/sec), seq/s:     26, branches:   3129, corpus:    57, failures: 0/5222, gas/s:   1432555369
⇾ fuzz: elapsed:    3m33s, calls:     530732 (  2758/sec), seq/s:     27, branches:   3129, corpus:    57, failures: 0/5305, gas/s:   1453974222
⇾ fuzz: elapsed:    3m36s, calls:     538850 (  2705/sec), seq/s:     26, branches:   3129, corpus:    57, failures: 0/5385, gas/s:   1456782556
⇾ fuzz: elapsed:    3m39s, calls:     546635 (  2594/sec), seq/s:     25, branches:   3129, corpus:    57, failures: 0/5462, gas/s:   1394792876
⇾ fuzz: elapsed:    3m42s, calls:     554262 (  2541/sec), seq/s:     25, branches:   3129, corpus:    57, failures: 0/5539, gas/s:   1369082506
⇾ fuzz: elapsed:    3m45s, calls:     562401 (  2712/sec), seq/s:     26, branches:   3129, corpus:    57, failures: 0/5620, gas/s:   1466143122
⇾ fuzz: elapsed:    3m48s, calls:     570476 (  2690/sec), seq/s:     26, branches:   3129, corpus:    57, failures: 0/5701, gas/s:   1447840136
⇾ fuzz: elapsed:    3m51s, calls:     578210 (  2577/sec), seq/s:     25, branches:   3129, corpus:    57, failures: 0/5778, gas/s:   1474611328
⇾ fuzz: elapsed:    3m54s, calls:     586081 (  2622/sec), seq/s:     26, branches:   3129, corpus:    57, failures: 0/5857, gas/s:   1451848404
⇾ fuzz: elapsed:    3m57s, calls:     594276 (  2731/sec), seq/s:     27, branches:   3129, corpus:    57, failures: 0/5939, gas/s:   1536711349
⇾ fuzz: elapsed:    4m00s, calls:     602574 (  2765/sec), seq/s:     27, branches:   3129, corpus:    57, failures: 0/6023, gas/s:   1528431387
⇾ fuzz: elapsed:    4m03s, calls:     610809 (  2743/sec), seq/s:     27, branches:   3129, corpus:    57, failures: 0/6105, gas/s:   1496886450
⇾ fuzz: elapsed:    4m06s, calls:     619085 (  2758/sec), seq/s:     26, branches:   3129, corpus:    57, failures: 0/6186, gas/s:   1462395810
⇾ fuzz: elapsed:    4m09s, calls:     627361 (  2756/sec), seq/s:     27, branches:   3129, corpus:    57, failures: 0/6270, gas/s:   1489147516
⇾ fuzz: elapsed:    4m12s, calls:     635212 (  2615/sec), seq/s:     25, branches:   3129, corpus:    57, failures: 0/6348, gas/s:   1410952450
⇾ fuzz: elapsed:    4m15s, calls:     643108 (  2631/sec), seq/s:     26, branches:   3129, corpus:    57, failures: 0/6429, gas/s:   1455573739
⇾ fuzz: elapsed:    4m18s, calls:     650974 (  2620/sec), seq/s:     25, branches:   3129, corpus:    57, failures: 0/6506, gas/s:   1477871783
⇾ fuzz: elapsed:    4m21s, calls:     659731 (  2918/sec), seq/s:     28, branches:   3129, corpus:    57, failures: 0/6593, gas/s:   1530033406
⇾ fuzz: elapsed:    4m24s, calls:     668365 (  2876/sec), seq/s:     28, branches:   3129, corpus:    57, failures: 0/6680, gas/s:   1554973937
⇾ fuzz: elapsed:    4m27s, calls:     676824 (  2817/sec), seq/s:     28, branches:   3129, corpus:    57, failures: 0/6765, gas/s:   1491654288
⇾ fuzz: elapsed:    4m30s, calls:     685275 (  2816/sec), seq/s:     28, branches:   3129, corpus:    57, failures: 0/6850, gas/s:   1519186802
⇾ fuzz: elapsed:    4m33s, calls:     693802 (  2841/sec), seq/s:     28, branches:   3129, corpus:    57, failures: 0/6935, gas/s:   1555437881
⇾ fuzz: elapsed:    4m36s, calls:     701893 (  2696/sec), seq/s:     26, branches:   3129, corpus:    57, failures: 0/7015, gas/s:   1531734755
⇾ fuzz: elapsed:    4m39s, calls:     709991 (  2696/sec), seq/s:     27, branches:   3129, corpus:    57, failures: 0/7097, gas/s:   1463931446
⇾ fuzz: elapsed:    4m42s, calls:     718278 (  2759/sec), seq/s:     27, branches:   3129, corpus:    57, failures: 0/7179, gas/s:   1498968626
⇾ fuzz: elapsed:    4m45s, calls:     726260 (  2660/sec), seq/s:     26, branches:   3129, corpus:    57, failures: 0/7259, gas/s:   1474007840
⇾ fuzz: elapsed:    4m48s, calls:     734692 (  2808/sec), seq/s:     28, branches:   3129, corpus:    57, failures: 0/7345, gas/s:   1513130417
⇾ fuzz: elapsed:    4m51s, calls:     743251 (  2852/sec), seq/s:     27, branches:   3129, corpus:    57, failures: 0/7429, gas/s:   1513863031
⇾ fuzz: elapsed:    4m54s, calls:     752304 (  3015/sec), seq/s:     30, branches:   3129, corpus:    57, failures: 0/7520, gas/s:   1596934012
⇾ fuzz: elapsed:    4m57s, calls:     760744 (  2811/sec), seq/s:     27, branches:   3129, corpus:    57, failures: 0/7603, gas/s:   1547955493
⇾ fuzz: elapsed:    5m00s, calls:     768910 (  2715/sec), seq/s:     27, branches:   3129, corpus:    57, failures: 0/7687, gas/s:   1488242392
⇾ fuzz: elapsed:    5m03s, calls:     776590 (  2559/sec), seq/s:     24, branches:   3129, corpus:    57, failures: 0/7762, gas/s:   1384693623
⇾ Pruned 2 corpus items in 4.544423442s. Total pruned this run: 2
⇾ fuzz: elapsed:    5m06s, calls:     784561 (  2656/sec), seq/s:     26, branches:   3129, corpus:    55, failures: 0/7842, gas/s:   1484922032
⇾ fuzz: elapsed:    5m09s, calls:     793046 (  2826/sec), seq/s:     28, branches:   3129, corpus:    55, failures: 0/7928, gas/s:   1532821277
⇾ fuzz: elapsed:    5m12s, calls:     800901 (  2617/sec), seq/s:     25, branches:   3129, corpus:    55, failures: 0/8006, gas/s:   1486833049
⇾ fuzz: elapsed:    5m15s, calls:     809631 (  2908/sec), seq/s:     28, branches:   3129, corpus:    55, failures: 0/8093, gas/s:   1551966073
⇾ fuzz: elapsed:    5m18s, calls:     818026 (  2797/sec), seq/s:     27, branches:   3129, corpus:    55, failures: 0/8176, gas/s:   1536168725
⇾ fuzz: elapsed:    5m21s, calls:     826489 (  2820/sec), seq/s:     28, branches:   3129, corpus:    55, failures: 0/8261, gas/s:   1524992420
⇾ fuzz: elapsed:    5m24s, calls:     835028 (  2845/sec), seq/s:     28, branches:   3129, corpus:    55, failures: 0/8346, gas/s:   1527400570
⇾ fuzz: elapsed:    5m27s, calls:     843521 (  2829/sec), seq/s:     28, branches:   3129, corpus:    55, failures: 0/8431, gas/s:   1545932132
⇾ fuzz: elapsed:    5m30s, calls:     852014 (  2830/sec), seq/s:     28, branches:   3129, corpus:    55, failures: 0/8516, gas/s:   1539900102
⇾ fuzz: elapsed:    5m33s, calls:     860514 (  2831/sec), seq/s:     28, branches:   3129, corpus:    55, failures: 0/8602, gas/s:   1517259796
⇾ fuzz: elapsed:    5m36s, calls:     868784 (  2756/sec), seq/s:     27, branches:   3129, corpus:    55, failures: 0/8684, gas/s:   1503757930
⇾ fuzz: elapsed:    5m39s, calls:     876962 (  2724/sec), seq/s:     27, branches:   3129, corpus:    55, failures: 0/8766, gas/s:   1526835203
⇾ fuzz: elapsed:    5m42s, calls:     885403 (  2813/sec), seq/s:     28, branches:   3129, corpus:    55, failures: 0/8851, gas/s:   1533100451
⇾ fuzz: elapsed:    5m45s, calls:     893605 (  2733/sec), seq/s:     27, branches:   3129, corpus:    55, failures: 0/8934, gas/s:   1513702631
⇾ fuzz: elapsed:    5m48s, calls:     902305 (  2899/sec), seq/s:     28, branches:   3129, corpus:    55, failures: 0/9019, gas/s:   1552577171
⇾ fuzz: elapsed:    5m51s, calls:     910761 (  2818/sec), seq/s:     28, branches:   3129, corpus:    55, failures: 0/9104, gas/s:   1558567333
⇾ fuzz: elapsed:    5m54s, calls:     919102 (  2780/sec), seq/s:     27, branches:   3129, corpus:    55, failures: 0/9188, gas/s:   1512863540
⇾ fuzz: elapsed:    5m57s, calls:     927332 (  2742/sec), seq/s:     27, branches:   3129, corpus:    55, failures: 0/9270, gas/s:   1507465027
⇾ fuzz: elapsed:    6m00s, calls:     935913 (  2859/sec), seq/s:     28, branches:   3129, corpus:    55, failures: 0/9356, gas/s:   1557789589
⇾ fuzz: elapsed:    6m03s, calls:     944351 (  2811/sec), seq/s:     27, branches:   3129, corpus:    55, failures: 0/9440, gas/s:   1535762732
⇾ fuzz: elapsed:    6m06s, calls:     952794 (  2813/sec), seq/s:     28, branches:   3129, corpus:    55, failures: 0/9525, gas/s:   1529465030
⇾ fuzz: elapsed:    6m09s, calls:     961299 (  2834/sec), seq/s:     27, branches:   3129, corpus:    55, failures: 0/9609, gas/s:   1539313344
⇾ fuzz: elapsed:    6m12s, calls:     969933 (  2875/sec), seq/s:     28, branches:   3129, corpus:    55, failures: 0/9696, gas/s:   1535597192
⇾ fuzz: elapsed:    6m15s, calls:     978167 (  2743/sec), seq/s:     27, branches:   3129, corpus:    55, failures: 0/9778, gas/s:   1536806933
⇾ fuzz: elapsed:    6m18s, calls:     986579 (  2803/sec), seq/s:     28, branches:   3129, corpus:    55, failures: 0/9863, gas/s:   1476181162
⇾ fuzz: elapsed:    6m21s, calls:     994886 (  2768/sec), seq/s:     27, branches:   3129, corpus:    55, failures: 0/9945, gas/s:   1468119246
⇾ fuzz: elapsed:    6m24s, calls:    1003230 (  2780/sec), seq/s:     27, branches:   3129, corpus:    55, failures: 0/10029, gas/s:   1529012870
⇾ Transaction test limit reached, halting now...
⇾ Fuzzer stopped, test results follow below ...
⇾ [PASSED] Assertion Test: MedusaCVM.P()
⇾ [PASSED] Assertion Test: MedusaCVM.R()
⇾ [PASSED] Assertion Test: MedusaCVM.allUsers(uint256)
⇾ [PASSED] Assertion Test: MedusaCVM.claimReward(uint256,bool)
⇾ [PASSED] Assertion Test: MedusaCVM.dai()
⇾ [PASSED] Assertion Test: MedusaCVM.destStrat()
⇾ [PASSED] Assertion Test: MedusaCVM.donateToMigrator(uint256)
⇾ [PASSED] Assertion Test: MedusaCVM.emissionBudget()
⇾ [PASSED] Assertion Test: MedusaCVM.epoch()
⇾ [PASSED] Assertion Test: MedusaCVM.epochCreditsPaid()
⇾ [PASSED] Assertion Test: MedusaCVM.ghost_creditsPaid()
⇾ [PASSED] Assertion Test: MedusaCVM.ghost_donated()
⇾ [PASSED] Assertion Test: MedusaCVM.ghost_dustRescued()
⇾ [PASSED] Assertion Test: MedusaCVM.ghost_migrateCalls()
⇾ [PASSED] Assertion Test: MedusaCVM.ghost_revivals()
⇾ [PASSED] Assertion Test: MedusaCVM.ghost_selfMigrated()
⇾ [PASSED] Assertion Test: MedusaCVM.ghost_totalMigrated()
⇾ [PASSED] Assertion Test: MedusaCVM.lastAccruedAt()
⇾ [PASSED] Assertion Test: MedusaCVM.mig()
⇾ [PASSED] Assertion Test: MedusaCVM.migrateBatch(uint256,uint256)
⇾ [PASSED] Assertion Test: MedusaCVM.newS()
⇾ [PASSED] Assertion Test: MedusaCVM.oldS()
⇾ [PASSED] Assertion Test: MedusaCVM.phUSD()
⇾ [PASSED] Assertion Test: MedusaCVM.restartEpoch(uint256)
⇾ [PASSED] Assertion Test: MedusaCVM.selfMigrate(uint256)
⇾ [PASSED] Assertion Test: MedusaCVM.setDestSlippage(uint256)
⇾ [PASSED] Assertion Test: MedusaCVM.setUpBudget()
⇾ [PASSED] Assertion Test: MedusaCVM.snapCredit(address)
⇾ [PASSED] Assertion Test: MedusaCVM.srcStrat()
⇾ [PASSED] Assertion Test: MedusaCVM.stakeDai(uint256,uint256)
⇾ [PASSED] Assertion Test: MedusaCVM.t0()
⇾ [PASSED] Assertion Test: MedusaCVM.totalR()
⇾ [PASSED] Assertion Test: MedusaCVM.usdc()
⇾ [PASSED] Assertion Test: MedusaCVM.users(uint256)
⇾ [PASSED] Assertion Test: MedusaCVM.warpTime(uint256)
⇾ Test summary: 35 test(s) passed, 0 test(s) failed
⇾ html report(s) saved to: medusa-corpus/coverage/coverage_report.html
⇾ lcov report(s) saved to: medusa-corpus/coverage/lcov.info
