
----------------------------------------------------
# Configuration
----------------------------------------------------
Root - /home/justin/code/audits/lib/phlimbo-ea
Source - /home/justin/code/audits/lib/phlimbo-ea/src
Remappings - [
    "forge-std/=lib/forge-std/src/",
    "@openzeppelin/=lib/openzeppelin-contracts/",
    "@reflax-yield-vault/=lib/immutable/reflax-yield-vault/",
    "@flax-token/=lib/immutable/flax-token-v2/",
    "erc4626-tests/=lib/openzeppelin-contracts/lib/erc4626-tests/",
    "halmos-cheatcodes/=lib/openzeppelin-contracts/lib/halmos-cheatcodes/src/",
    "mutable/=lib/mutable/pauser/src/",
    "openzeppelin-contracts/=lib/openzeppelin-contracts/",
]
EVM version - prague
----------------------------------------------------
# Source Scope
----------------------------------------------------
Include Filepaths Containing - No specific criteria.
Exclude Filepaths Containing - No specific criteria.
Auto Excluding - No Files.
----------------------------------------------------
# Compiling Abstract Syntax Trees
----------------------------------------------------
Ingesting 8 compiled files [solc : v0.8.30]
----------------------------------------------------
# Scanning Contracts
----------------------------------------------------
Running 88 detectors
Detectors run, printing report.
Report printed to /home/justin/code/audits/reports/phlimbo-ea-03/audit/findings/raw/static/aderyn-report.json

🛡️ Together we make Solidity safer.
✨ Support open-source security — star Aderyn:
https://github.com/Cyfrin/aderyn
