### INV-6 EXIT-SHORTFALL LIVENESS CAMPAIGN (honest strategies only) — EXPECTED TO FAIL
No files changed, compilation skipped

Ran 1 test for test/invariant/Run17Invariants.t.sol:Run17ShortfallInvariants
[FAIL: INV-6: autoAnnihilate reverted 'exit shortfall' against an honest strategy: 1 != 0]
	[Sequence] (original: 80, shrunk: 7)
		sender=0x0000000000000000000000000000000000001dFE addr=[test/invariant/Run17Handler.sol:Run17Handler]0x212224D2F2d262cd093eE13240ca4873fcCBbA3C calldata=setExitSlippage(uint256,uint256) args=[92166942418983947287014272413769307760784905378659218171955786291947934143768 [9.216e76], 5000000000000 [5e12]]
		sender=0x0000000000000000000009D12D99aBF4Ee36F462 addr=[test/invariant/Run17Handler.sol:Run17Handler]0x212224D2F2d262cd093eE13240ca4873fcCBbA3C calldata=claim(uint256,uint256,uint256) args=[2827, 5000000000000 [5e12], 6131]
		sender=0x0000000000000000000000000000000000001478 addr=[test/invariant/Run17Handler.sol:Run17Handler]0x212224D2F2d262cd093eE13240ca4873fcCBbA3C calldata=donateBuffer(uint256,uint256,uint256) args=[19083538709545929930569239901189914932798461556406601305433590660901015 [1.908e70], 9, 10960325256777 [1.096e13]]
		sender=0x0000000000000000000000000000000000004289 addr=[test/invariant/Run17Handler.sol:Run17Handler]0x212224D2F2d262cd093eE13240ca4873fcCBbA3C calldata=emergencyWithdraw(uint256,uint256,uint256) args=[11069765824651651365174599903931020942107020135876978236098 [1.106e58], 14504114555412700736632564249330689 [1.45e34], 2]
		sender=0x00000000000000007068F1dF1e491C012c2Aa999 addr=[test/invariant/Run17Handler.sol:Run17Handler]0x212224D2F2d262cd093eE13240ca4873fcCBbA3C calldata=emergencyWithdraw(uint256,uint256,uint256) args=[1959355188333741945101843472217652090367558134566140495032710690205355 [1.959e69], 21898 [2.189e4], 37745594742667152740235968126220171673 [3.774e37]]
		sender=0x0000000000000000000000000000000000005239 addr=[test/invariant/Run17Handler.sol:Run17Handler]0x212224D2F2d262cd093eE13240ca4873fcCBbA3C calldata=depositFor(uint256,uint256,uint256,uint256) args=[20331 [2.033e4], 22, 1000000 [1e6], 22]
		sender=0x0000000000000000000000000000000000003674 addr=[test/invariant/Run17Handler.sol:Run17Handler]0x212224D2F2d262cd093eE13240ca4873fcCBbA3C calldata=autoAnnihilate(uint256,uint256,uint256) args=[5357, 23126 [2.312e4], 4858]
 invariant_6_autoAnnihilateNeverShortfallsOnAnHonestStrategy() (runs: 50, calls: 4000, reverts: 0)

╭--------------+-------------------+-------+---------+----------╮
+===============================================================+
╰--------------+-------------------+-------+---------+----------╯

Suite result: FAILED. 0 passed; 1 failed; 0 skipped; finished in 19.20s (19.20s CPU time)

Ran 1 test suite in 19.20s (19.20s CPU time): 0 tests passed, 1 failed, 0 skipped (1 total tests)

Failing tests:
Encountered 1 failing test in test/invariant/Run17Invariants.t.sol:Run17ShortfallInvariants
[FAIL: INV-6: autoAnnihilate reverted 'exit shortfall' against an honest strategy: 1 != 0]
	[Sequence] (original: 80, shrunk: 7)
		sender=0x0000000000000000000000000000000000001dFE addr=[test/invariant/Run17Handler.sol:Run17Handler]0x212224D2F2d262cd093eE13240ca4873fcCBbA3C calldata=setExitSlippage(uint256,uint256) args=[92166942418983947287014272413769307760784905378659218171955786291947934143768 [9.216e76], 5000000000000 [5e12]]
		sender=0x0000000000000000000009D12D99aBF4Ee36F462 addr=[test/invariant/Run17Handler.sol:Run17Handler]0x212224D2F2d262cd093eE13240ca4873fcCBbA3C calldata=claim(uint256,uint256,uint256) args=[2827, 5000000000000 [5e12], 6131]
		sender=0x0000000000000000000000000000000000001478 addr=[test/invariant/Run17Handler.sol:Run17Handler]0x212224D2F2d262cd093eE13240ca4873fcCBbA3C calldata=donateBuffer(uint256,uint256,uint256) args=[19083538709545929930569239901189914932798461556406601305433590660901015 [1.908e70], 9, 10960325256777 [1.096e13]]
		sender=0x0000000000000000000000000000000000004289 addr=[test/invariant/Run17Handler.sol:Run17Handler]0x212224D2F2d262cd093eE13240ca4873fcCBbA3C calldata=emergencyWithdraw(uint256,uint256,uint256) args=[11069765824651651365174599903931020942107020135876978236098 [1.106e58], 14504114555412700736632564249330689 [1.45e34], 2]
		sender=0x00000000000000007068F1dF1e491C012c2Aa999 addr=[test/invariant/Run17Handler.sol:Run17Handler]0x212224D2F2d262cd093eE13240ca4873fcCBbA3C calldata=emergencyWithdraw(uint256,uint256,uint256) args=[1959355188333741945101843472217652090367558134566140495032710690205355 [1.959e69], 21898 [2.189e4], 37745594742667152740235968126220171673 [3.774e37]]
		sender=0x0000000000000000000000000000000000005239 addr=[test/invariant/Run17Handler.sol:Run17Handler]0x212224D2F2d262cd093eE13240ca4873fcCBbA3C calldata=depositFor(uint256,uint256,uint256,uint256) args=[20331 [2.033e4], 22, 1000000 [1e6], 22]
		sender=0x0000000000000000000000000000000000003674 addr=[test/invariant/Run17Handler.sol:Run17Handler]0x212224D2F2d262cd093eE13240ca4873fcCBbA3C calldata=autoAnnihilate(uint256,uint256,uint256) args=[5357, 23126 [2.312e4], 4858]
 invariant_6_autoAnnihilateNeverShortfallsOnAnHonestStrategy() (runs: 50, calls: 4000, reverts: 0)

Encountered a total of 1 failing tests, 0 tests succeeded

Tip: Run `forge test --rerun` to retry only the 1 failed test
