No files changed, compilation skipped
Script ran successfully.

== Logs ==
  =================================================
    MAINNET STABLESTAKER V1 -> V2 CUTOVER (story 082)
  =================================================
  No progress file - starting fresh
  
=== Phase 0: preconditions ===
    token: 0x865377367054516e17014CcdED1e7d814EDC9ce4 DOLA
      V1 poolState / stakerCount / totalStaked: 0 9 1222727602453502485450
      strategy / principalOf(V1): 0x1760E05356Ec1FBBA159C730781dCfB9920524e2 1249626058196412698895
      V1 phusdPerSecond / C (phUSD per day): 10850694444444 937499999999961600
      setAsideBufferSize(V1) %: 10
      setAsideBufferRecipient: 0xbce8ABC09BaEDCabE93419bF875f6186e182079A
      V1 idle token balance (buffer, stays on V1): 6997032072106485771
      PhusdStableMinter registration: strategy 0x1760E05356Ec1FBBA159C730781dCfB9920524e2
    token: 0xA0b86991c6218b36c1d19D4a2e9Eb0cE3606eB48 USDC
      V1 poolState / stakerCount / totalStaked: 0 13 1968476179
      strategy / principalOf(V1): 0xaFDf8DeA96a0F37Aae4869f813901bf73a3eAB83 1995519564
      V1 phusdPerSecond / C (phUSD per day): 15190972222221 1312499999999894400
      setAsideBufferSize(V1) %: 10
      setAsideBufferRecipient: 0xbce8ABC09BaEDCabE93419bF875f6186e182079A
      V1 idle token balance (buffer, stays on V1): 10430694
      PhusdStableMinter registration: strategy 0xaFDf8DeA96a0F37Aae4869f813901bf73a3eAB83
    token: 0x4c9EDD5852cd905f086C759E8383e09bff1E68B3 USDe
      V1 poolState / stakerCount / totalStaked: 0 7 2566815465400000000000
      strategy / principalOf(V1): 0xaC2e5936Eca286eC364d4D5Bcca33145fBe57f95 2566815465400000000000
      V1 phusdPerSecond / C (phUSD per day): 21701388888888 1874999999999923200
      setAsideBufferSize(V1) %: 25
      setAsideBufferRecipient: NONE (pre-story-047 strategy: buffer is paid to each client)
      V1 idle token balance (buffer, stays on V1): 49845539781409382100
      PhusdStableMinter registration: strategy 0xaC2e5936Eca286eC364d4D5Bcca33145fBe57f95
    V1 phUSD mint authorized: true
    phUSD minter baseline (live) mask / mintVersion: 511 0
  
  *** PREVIEW MODE - impersonating OWNER, nothing signed, nothing broadcast ***
  *** Progress file is READ if present, NEVER written ***
  
=== Phase 1: pause V1 ===
    V1 paused (pauser temporarily OWNER)
  
=== Phase 2: Antimatter ===
    Antimatter deployed at: 0x10EBB15e82ee8cFf9B85817598a793d9Fb339196
    progress serialised (preview: NOT written); bytes: 419
    Antimatter wired to phUSD + PhusdStableMinter (read back)
  
=== Phase 3: StableStakerV2 ===
    StableStakerV2 deployed at: 0x84826f8Cc5fd9465277770b069Be2aF255dDA41F
    progress serialised (preview: NOT written); bytes: 418
    V2 paused (pauser temporarily OWNER)
  
=== Phase 4: V2 pools (from V1 live config) ===
    -- pool 0x865377367054516e17014CcdED1e7d814EDC9ce4 DOLA
      C (V1 phUSD/day) / Antimatter/day (2.1x): 937499999999961600 1968749999999919360
      antimatterPerSecond / setAsideBuffer %: 22786458333332 10
    -- pool 0xA0b86991c6218b36c1d19D4a2e9Eb0cE3606eB48 USDC
      C (V1 phUSD/day) / Antimatter/day (2.1x): 1312499999999894400 2756249999999778240
      antimatterPerSecond / setAsideBuffer %: 31901041666664 10
    -- pool 0x4c9EDD5852cd905f086C759E8383e09bff1E68B3 USDe
      C (V1 phUSD/day) / Antimatter/day (2.1x): 1874999999999923200 3937499999999838720
      antimatterPerSecond / setAsideBuffer %: 45572916666664 25
  
=== Phase 5: mint rights ===
    Antimatter.setApprovedMinter(V2) - VERIFIED by read-back
    phUSD.setMinter(V2) - VERIFIED via phUSDMintAvailable()
    phUSD.setMinter(Antimatter) - VERIFIED at current mintVersion
    phUSD minter delta OK (live mask / V1 revoked): 511 false
  
=== Phase 6: V1 -> V2 migration ===
    CrossVersionMigrator deployed at: 0xD8BBbe78585762a141e7dc87E95650672875398B
    progress serialised (preview: NOT written); bytes: 417
    -- migrating pool 0x865377367054516e17014CcdED1e7d814EDC9ce4 DOLA
    relinquished V1 principal surplus (token / surplus): 0x865377367054516e17014CcdED1e7d814EDC9ce4 26898455742910213445
    V1 initiateMigration (token / R realized / P snapshot): 0x865377367054516e17014CcdED1e7d814EDC9ce4 1222725528651424783079 1222727602453502485450
    plan (token / migratable / zero-credit): 0x865377367054516e17014CcdED1e7d814EDC9ce4 9 0
    plan stragglers (count / principal total): 0 0
    migrated (token / users / batches): 0x865377367054516e17014CcdED1e7d814EDC9ce4 9 1
    post-migration OK (token / V2 totalStaked / V2 stakers): 0x865377367054516e17014CcdED1e7d814EDC9ce4 1222723447469613917495 9
    -- migrating pool 0xA0b86991c6218b36c1d19D4a2e9Eb0cE3606eB48 USDC
    relinquished V1 principal surplus (token / surplus): 0xA0b86991c6218b36c1d19D4a2e9Eb0cE3606eB48 27043385
    V1 initiateMigration (token / R realized / P snapshot): 0xA0b86991c6218b36c1d19D4a2e9Eb0cE3606eB48 1968391065 1968476179
    plan (token / migratable / zero-credit): 0xA0b86991c6218b36c1d19D4a2e9Eb0cE3606eB48 13 0
    plan stragglers (count / principal total): 0 0
    migrated (token / users / batches): 0xA0b86991c6218b36c1d19D4a2e9Eb0cE3606eB48 13 1
    post-migration OK (token / V2 totalStaked / V2 stakers): 0xA0b86991c6218b36c1d19D4a2e9Eb0cE3606eB48 1968305934 13
    -- migrating pool 0x4c9EDD5852cd905f086C759E8383e09bff1E68B3 USDe
    market exit pre-quote (shares / quote / minOut): 2056629641746219621764 2565578352220763813645 2559115019003799999998
    V1 initiateMigration (token / R realized / P snapshot): 0x4c9EDD5852cd905f086C759E8383e09bff1E68B3 2565578352220763813647 2566815465400000000000
    plan (token / migratable / zero-credit): 0x4c9EDD5852cd905f086C759E8383e09bff1E68B3 7 0
    plan stragglers (count / principal total): 0 0
    migrated (token / users / batches): 0x4c9EDD5852cd905f086C759E8383e09bff1E68B3 7 1
    post-migration OK (token / V2 totalStaked / V2 stakers): 0x4c9EDD5852cd905f086C759E8383e09bff1E68B3 2557881617164101522200 7
  
=== Phase 7: finalize ===
    setAsideBufferRecipient -> V2 on strategy: 0x1760E05356Ec1FBBA159C730781dCfB9920524e2
    setAsideBufferRecipient -> V2 on strategy: 0xaFDf8DeA96a0F37Aae4869f813901bf73a3eAB83
    phUSD.setMinter(V1, false) - retired staker's mint authority REVOKED
    V1 pauser -> Pauser and V1 unpaused (inert); V2 + Antimatter registered with Pauser; V2 unpaused
  
=== Phase 8: wiring assertions ===
    phUSD minter delta OK (live mask / V1 revoked): 510 true
    pool OK (token / V2 stakers / V1 stragglers): 0x865377367054516e17014CcdED1e7d814EDC9ce4 9 0
    pool OK (token / V2 stakers / V1 stragglers): 0xA0b86991c6218b36c1d19D4a2e9Eb0cE3606eB48 13 0
    pool OK (token / V2 stakers / V1 stragglers): 0x4c9EDD5852cd905f086C759E8383e09bff1E68B3 7 0
    all wiring assertions passed
  
  PREVIEW: progress file NOT written (by design).
  
=== Preview smoke tests ===
    Antimatter: throwaway approved -> minted -> revoked -> mint REVERTS
    Antimatter: V2 revoked -> mint REVERTS -> V2 re-approved
    V2 stake/withdraw OK (token / credited / returned): 0x865377367054516e17014CcdED1e7d814EDC9ce4 99999830702878419293 99999661405756838587
    V2 stake/withdraw OK (token / credited / returned): 0xA0b86991c6218b36c1d19D4a2e9Eb0cE3606eB48 99995676 99991352
    V2 stake/withdraw OK (token / credited / returned): 0x4c9EDD5852cd905f086C759E8383e09bff1E68B3 99700000000000000000 99658459584391547390
    autoAnnihilate OK (Antimatter owed / phUSD paid): 6150950756861164 12301901513722328
    all smoke tests passed
  
  =================================================
          STABLESTAKER V2 CUTOVER SUMMARY
  =================================================
  Antimatter:            0x10EBB15e82ee8cFf9B85817598a793d9Fb339196
  StableStakerV2:        0x84826f8Cc5fd9465277770b069Be2aF255dDA41F
  CrossVersionMigrator:  0xD8BBbe78585762a141e7dc87E95650672875398B (transient, no address-book key)
  Mode:                  PREVIEW
EXIT=0
