No files changed, compilation skipped
Script ran successfully.

== Logs ==
  ==========================================
   ResetAndRewire (story 060, step 3)
  ==========================================
  Chain ID:           1
  Owner (ledger):     0xCad1a7864a108DBFF67F4b8af71fAB0C7A86D0B6
  
  ysDolaV2:     0xc4D5F377c1dD84BF131348a70287AA241588c7c7
  ysUsdcV2:     0x0C2d75165bd5cf7B0e5Dcdc5799Da056a4E56a8a
  tempStaker:   0xAb510b164e425F055De94C75B5fCcc4669546EC1
  migrator2:    0xd263E31873202605bD46E6dDFd82F1bA214DfFfC
  
  Preflight OK
    original DOLA stakers: 0, totalStaked: 0
    original USDC stakers: 0, totalStaked: 0
  *** BROADCAST MODE - ledger will sign ***
  
  === Step 1: finalizeAndReset ===
    finalizeAndReset(DOLA) done
    finalizeAndReset(USDC) done
  
  === Step 2: setYieldStrategy (V2) ===
    setYieldStrategy(DOLA, ysDolaV2) done; idle swept: 26785198715928544274
    setYieldStrategy(USDC, ysUsdcV2) done; idle swept: 27234202
  
  === Step 3: setMigrator(migrator2) on both stakers ===
    tempStaker.setMigrator(migrator2) done
    original.setMigrator(migrator2) done
  
  === Post-assert ===
    ysDolaV2.principalOf(DOLA, original):  26778181479418247579
    ysUsdcV2.principalOf(USDC, original):  27229913
    original DOLA totalStaked: 0 OK
    original USDC totalStaked: 0 OK
    ysDolaV2 setAsideBufferSize: 10
    ysDolaV2 setAsideBufferRecipient: 0xbce8ABC09BaEDCabE93419bF875f6186e182079A
    ysUsdcV2 setAsideBufferSize: 10
    ysUsdcV2 setAsideBufferRecipient: 0xbce8ABC09BaEDCabE93419bF875f6186e182079A
  
  ==========================================
    SUMMARY (story 060 step 3)
  ==========================================
  ysDolaV2 wired to original:  0xc4D5F377c1dD84BF131348a70287AA241588c7c7
  ysUsdcV2 wired to original:  0x0C2d75165bd5cf7B0e5Dcdc5799Da056a4E56a8a
  migrator2 set on both:       0xd263E31873202605bD46E6dDFd82F1bA214DfFfC
  
  BROADCAST complete. Run patch-mainnet-addresses-ys-swap.js then proceed to Leg2Migration (step 4).
  ==========================================

## Setting up 1 EVM.

==========================

Chain 1

Estimated gas price: 0.003208888 gwei

Estimated total gas used for script: 3428221

Estimated amount required: 0.000011000777228248 ETH

==========================


==========================

ONCHAIN EXECUTION COMPLETE & SUCCESSFUL.

Transactions saved to: /home/justin/code/audits/workspace/phoenix-phase-2-staging/broadcast/ResetAndRewire.s.sol/1/run-latest.json

Sensitive values saved to: /home/justin/code/audits/workspace/phoenix-phase-2-staging/cache/ResetAndRewire.s.sol/1/run-latest.json

