No files changed, compilation skipped

Ran 12 tests for test/invariant/Run15_MigrationProperties.t.sol:Run15MigrationProperties
[PASS] testFuzz_INV1_control_mockStrategyIsProportional(uint256,uint256,uint256) (runs: 5000, μ: 9287244, ~: 9287607)
[PASS] testFuzz_INV1_selfHealNeverWorseThanRealiseFirst(uint256,uint256,uint256) (runs: 5000, μ: 29950695, ~: 29905291)
[PASS] testFuzz_INV1_tripwire_harmWindow(uint256,uint256,uint256) (runs: 5000, μ: 29895778, ~: 29896815)
[PASS] testFuzz_INV2_receivedDecrementAdapterChangesTheMeaningOfBooked(uint256,uint256) (runs: 5000, μ: 11823852, ~: 11824467)
[PASS] testFuzz_INV3_sliceOrderIndependence(uint256,uint256,uint256,uint256,uint256) (runs: 5000, μ: 45487419, ~: 45483583)
[PASS] testFuzz_INV4_donationCannotBeExtracted(uint256,uint256,uint256) (runs: 5000, μ: 29830523, ~: 29836867)
[PASS] testFuzz_INV5_noBrick(uint256,uint256,uint256) (runs: 5000, μ: 22343703, ~: 22313218)
[PASS] testFuzz_INV6_conservation(uint256,uint256,uint256,uint256) (runs: 5000, μ: 15056736, ~: 15057320)
[PASS] test_EXHIBIT_A_code001_scenario_on_real_erc4626_strategy() (gas: 14956112)
Logs:
  R (real ERC4626YieldStrategy): 945000.000000
  P: 1000000.000000
  protocol-owned residue left in the strategy: 0.000000

[PASS] test_EXHIBIT_B_lossSmallerThanBuffer() (gas: 15112550)
Logs:
  protocol residue after write-down: 140000.000001

[PASS] test_EXHIBIT_C_mockProducesTheCode001Number() (gas: 9273141)
[PASS] test_EXHIBIT_D_multiClientExitConsumesSiblingBacking() (gas: 15227725)
Logs:
  sibling client value before: 600000.000000
  sibling client value after : 200000.000001

Suite result: ok. 12 passed; 0 failed; 0 skipped; finished in 15.42s (70.39s CPU time)

Ran 1 test suite in 15.42s (15.42s CPU time): 12 tests passed, 0 failed, 0 skipped (12 total tests)
